Component: ARM Compiler 6.10.1 Tool: armlink [5d142800]

==============================================================================

Section Cross References

    main.o(.text.main) refers to usart.o(.text.uart_tx_init) for uart_tx_init
    main.o(.text.main) refers to main.o(.data.raw_input) for raw_input
    main.o(.text.main) refers to main.o(.bss.trained_input) for trained_input
    main.o(.text.main) refers to sin_in_sin_out.o(.text.normalization_matrix) for normalization_matrix
    main.o(.text.main) refers to main.o(.data.raw_output) for raw_output
    main.o(.text.main) refers to main.o(.bss.trained_output) for trained_output
    main.o(.text.main) refers to main.o(.bss.train_input_eg1) for train_input_eg1
    main.o(.text.main) refers to main.o(.bss.train_output_eg1) for train_output_eg1
    main.o(.text.main) refers to main.o(.rodata.str1.1) for .L.str
    main.o(.text.main) refers to printf.o(.text) for printf
    main.o(.text.main) refers to main.o(.bss.syn0) for syn0
    main.o(.text.main) refers to sin_in_sin_out.o(.text.random_weight_gen_matrix) for random_weight_gen_matrix
    main.o(.text.main) refers to main.o(.bss.syn1) for syn1
    main.o(.text.main) refers to sin_in_sin_out.o(.text.random_weight_gen_vector) for random_weight_gen_vector
    main.o(.text.main) refers to main.o(.bss.z1_eg1) for z1_eg1
    main.o(.text.main) refers to sin_in_sin_out.o(.text.multi_in_multi_out) for multi_in_multi_out
    main.o(.text.main) refers to main.o(.bss.a1_eg1) for a1_eg1
    main.o(.text.main) refers to sin_in_sin_out.o(.text.vector_sigmoid) for vector_sigmoid
    main.o(.text.main) refers to sin_in_sin_out.o(.text.multi_in_sig_out) for multi_in_sig_out
    main.o(.text.main) refers to main.o(.bss.z2_eg1) for z2_eg1
    main.o(.text.main) refers to sin_in_sin_out.o(.text.sigmoid) for sigmoid
    main.o(.text.main) refers to main.o(.bss.yhat_eg1) for yhat_eg1
    main.o(.ARM.exidx.text.main) refers to main.o(.text.main) for [Anonymous Symbol]
    sin_in_sin_out.o(.text.sig_in_sig_out_nn) refers to dmul.o(x$fpl$dmul) for __aeabi_dmul
    sin_in_sin_out.o(.ARM.exidx.text.sig_in_sig_out_nn) refers to sin_in_sin_out.o(.text.sig_in_sig_out_nn) for [Anonymous Symbol]
    sin_in_sin_out.o(.text.weighted_sum) refers to dflt_clz.o(x$fpl$dflt) for __aeabi_i2d
    sin_in_sin_out.o(.text.weighted_sum) refers to dcmp.o(x$fpl$fcmp) for __aeabi_dcmpge
    sin_in_sin_out.o(.text.weighted_sum) refers to dmul.o(x$fpl$dmul) for __aeabi_dmul
    sin_in_sin_out.o(.text.weighted_sum) refers to daddsub_clz.o(x$fpl$dadd) for __aeabi_dadd
    sin_in_sin_out.o(.ARM.exidx.text.weighted_sum) refers to sin_in_sin_out.o(.text.weighted_sum) for [Anonymous Symbol]
    sin_in_sin_out.o(.text.multi_in_sig_out) refers to sin_in_sin_out.o(.text.weighted_sum) for weighted_sum
    sin_in_sin_out.o(.ARM.exidx.text.multi_in_sig_out) refers to sin_in_sin_out.o(.text.multi_in_sig_out) for [Anonymous Symbol]
    sin_in_sin_out.o(.text.element_mult) refers to dflt_clz.o(x$fpl$dflt) for __aeabi_i2d
    sin_in_sin_out.o(.text.element_mult) refers to dcmp.o(x$fpl$fcmp) for __aeabi_dcmpge
    sin_in_sin_out.o(.text.element_mult) refers to dmul.o(x$fpl$dmul) for __aeabi_dmul
    sin_in_sin_out.o(.ARM.exidx.text.element_mult) refers to sin_in_sin_out.o(.text.element_mult) for [Anonymous Symbol]
    sin_in_sin_out.o(.text.sin_in_mult_out) refers to sin_in_sin_out.o(.text.element_mult) for element_mult
    sin_in_sin_out.o(.ARM.exidx.text.sin_in_mult_out) refers to sin_in_sin_out.o(.text.sin_in_mult_out) for [Anonymous Symbol]
    sin_in_sin_out.o(.text.matrix_vector_multiple) refers to dmul.o(x$fpl$dmul) for __aeabi_dmul
    sin_in_sin_out.o(.text.matrix_vector_multiple) refers to daddsub_clz.o(x$fpl$dadd) for __aeabi_dadd
    sin_in_sin_out.o(.ARM.exidx.text.matrix_vector_multiple) refers to sin_in_sin_out.o(.text.matrix_vector_multiple) for [Anonymous Symbol]
    sin_in_sin_out.o(.text.multi_in_multi_out) refers to sin_in_sin_out.o(.text.matrix_vector_multiple) for matrix_vector_multiple
    sin_in_sin_out.o(.ARM.exidx.text.multi_in_multi_out) refers to sin_in_sin_out.o(.text.multi_in_multi_out) for [Anonymous Symbol]
    sin_in_sin_out.o(.text.hid_nn) refers to sin_in_sin_out.o(.text.multi_in_multi_out) for multi_in_multi_out
    sin_in_sin_out.o(.ARM.exidx.text.hid_nn) refers to sin_in_sin_out.o(.text.hid_nn) for [Anonymous Symbol]
    sin_in_sin_out.o(.text.find_err) refers to daddsub_clz.o(x$fpl$dsub) for __aeabi_dsub
    sin_in_sin_out.o(.text.find_err) refers to d2f.o(x$fpl$d2f) for __aeabi_d2f
    sin_in_sin_out.o(.text.find_err) refers to powf.o(i.__hardfp_powf) for __hardfp_powf
    sin_in_sin_out.o(.text.find_err) refers to f2d.o(x$fpl$f2d) for __aeabi_f2d
    sin_in_sin_out.o(.ARM.exidx.text.find_err) refers to sin_in_sin_out.o(.text.find_err) for [Anonymous Symbol]
    sin_in_sin_out.o(.text.find_error) refers to dmul.o(x$fpl$dmul) for __aeabi_dmul
[...]
    .ARM.Collect$$libinit$$0000001F          0x080002b2   Section        0  libinit2.o(.ARM.Collect$$libinit$$0000001F)
    .ARM.Collect$$libinit$$00000021          0x080002b2   Section        0  libinit2.o(.ARM.Collect$$libinit$$00000021)
    .ARM.Collect$$libinit$$00000023          0x080002b2   Section        0  libinit2.o(.ARM.Collect$$libinit$$00000023)
    .ARM.Collect$$libinit$$00000025          0x080002b2   Section        0  libinit2.o(.ARM.Collect$$libinit$$00000025)
    .ARM.Collect$$libinit$$00000027          0x080002b2   Section        8  libinit2.o(.ARM.Collect$$libinit$$00000027)
    .ARM.Collect$$libinit$$0000002E          0x080002ba   Section        0  libinit2.o(.ARM.Collect$$libinit$$0000002E)
    .ARM.Collect$$libinit$$00000030          0x080002ba   Section        0  libinit2.o(.ARM.Collect$$libinit$$00000030)
    .ARM.Collect$$libinit$$00000032          0x080002ba   Section        0  libinit2.o(.ARM.Collect$$libinit$$00000032)
    .ARM.Collect$$libinit$$00000033          0x080002ba   Section        2  libinit2.o(.ARM.Collect$$libinit$$00000033)
    .ARM.Collect$$libshutdown$$00000000      0x080002bc   Section        2  libshutdown.o(.ARM.Collect$$libshutdown$$00000000)
    .ARM.Collect$$libshutdown$$00000002      0x080002be   Section        0  libshutdown2.o(.ARM.Collect$$libshutdown$$00000002)
    .ARM.Collect$$libshutdown$$00000004      0x080002be   Section        0  libshutdown2.o(.ARM.Collect$$libshutdown$$00000004)
    .ARM.Collect$$libshutdown$$00000007      0x080002be   Section        0  libshutdown2.o(.ARM.Collect$$libshutdown$$00000007)
    .ARM.Collect$$libshutdown$$0000000A      0x080002be   Section        0  libshutdown2.o(.ARM.Collect$$libshutdown$$0000000A)
    .ARM.Collect$$libshutdown$$0000000C      0x080002be   Section        0  libshutdown2.o(.ARM.Collect$$libshutdown$$0000000C)
    .ARM.Collect$$libshutdown$$0000000F      0x080002be   Section        0  libshutdown2.o(.ARM.Collect$$libshutdown$$0000000F)
    .ARM.Collect$$libshutdown$$00000010      0x080002be   Section        2  libshutdown2.o(.ARM.Collect$$libshutdown$$00000010)
    .ARM.Collect$$rtentry$$00000000          0x080002c0   Section        0  __rtentry.o(.ARM.Collect$$rtentry$$00000000)
    .ARM.Collect$$rtentry$$00000002          0x080002c0   Section        0  __rtentry2.o(.ARM.Collect$$rtentry$$00000002)
    .ARM.Collect$$rtentry$$00000004          0x080002c0   Section        6  __rtentry4.o(.ARM.Collect$$rtentry$$00000004)
    .ARM.Collect$$rtentry$$00000009          0x080002c6   Section        0  __rtentry2.o(.ARM.Collect$$rtentry$$00000009)
    .ARM.Collect$$rtentry$$0000000A          0x080002c6   Section        4  __rtentry2.o(.ARM.Collect$$rtentry$$0000000A)
    .ARM.Collect$$rtentry$$0000000C          0x080002ca   Section        0  __rtentry2.o(.ARM.Collect$$rtentry$$0000000C)
    .ARM.Collect$$rtentry$$0000000D          0x080002ca   Section        8  __rtentry2.o(.ARM.Collect$$rtentry$$0000000D)
    .ARM.Collect$$rtexit$$00000000           0x080002d2   Section        2  rtexit.o(.ARM.Collect$$rtexit$$00000000)
    .ARM.Collect$$rtexit$$00000002           0x080002d4   Section        0  rtexit2.o(.ARM.Collect$$rtexit$$00000002)
    .ARM.Collect$$rtexit$$00000003           0x080002d4   Section        4  rtexit2.o(.ARM.Collect$$rtexit$$00000003)
    .ARM.Collect$$rtexit$$00000004           0x080002d8   Section        6  rtexit2.o(.ARM.Collect$$rtexit$$00000004)
    .emb_text                                0x080002e0   Section       52  rand.o(.emb_text)
    .emb_text                                0x08000314   Section        4  argv_veneer.o(.emb_text)
    .text                                    0x08000318   Section       64  startup_stm32f407xx.o(.text)
    $v0                                      0x08000318   Number         0  startup_stm32f407xx.o(.text)
    .text                                    0x08000358   Section        0  printf.o(.text)
    .text                                    0x08000370   Section        0  rand.o(.text)
    .text                                    0x080003ac   Section        0  heapauxi.o(.text)
    .text                                    0x080003b2   Section        0  _rserrno.o(.text)
    .text                                    0x080003c8   Section        0  _printf_pad.o(.text)
    .text                                    0x08000416   Section        0  _printf_truncate.o(.text)
    .text                                    0x0800043a   Section        0  _printf_str.o(.text)
    .text                                    0x0800048c   Section        0  _printf_dec.o(.text)
    .text                                    0x08000504   Section        0  _printf_charcount.o(.text)
    .text                                    0x0800052c   Section        0  _printf_char_file.o(.text)
    .text                                    0x08000550   Section        0  _printf_wctomb.o(.text)
    .text                                    0x0800060c   Section        0  _printf_longlong_dec.o(.text)
    .text                                    0x08000688   Section        0  _printf_oct_int_ll.o(.text)
    _printf_longlong_oct_internal            0x08000689   Thumb Code     0  _printf_oct_int_ll.o(.text)
    .text                                    0x080006f8   Section        0  _printf_hex_int_ll_ptr.o(.text)
    _printf_hex_common                       0x080006f9   Thumb Code     0  _printf_hex_int_ll_ptr.o(.text)
    .text                                    0x0800078c   Section        0  __printf_flags_ss_wp.o(.text)
    .text                                    0x08000914   Section        0  ferror.o(.text)
    .text                                    0x0800091c   Section        8  rt_errno_addr_intlibspace.o(.text)
    .text                                    0x08000924   Section      138  lludiv10.o(.text)
    .text                                    0x080009ae   Section        0  _printf_intcommon.o(.text)
    .text                                    0x08000a60   Section        0  _printf_fp_dec.o(.text)
    _fp_digits                               0x08000a61   Thumb Code   432  _printf_fp_dec.o(.text)
    .text                                    0x08000e7c   Section        0  _printf_fp_hex.o(.text)
    .text                                    0x08001178   Section        0  _printf_char_common.o(.text)
    _printf_input_char                       0x08001179   Thumb Code    10  _printf_char_common.o(.text)
    .text                                    0x080011a8   Section        0  _printf_char.o(.text)
    .text                                    0x080011d4   Section        0  _printf_wchar.o(.text)
    .text                                    0x08001200   Section        0  _c16rtomb.o(.text)
    .text                                    0x08001248   Section        8  libspace.o(.text)
    .text                                    0x08001250   Section       74  sys_stackheap_outer.o(.text)
    .text                                    0x0800129c   Section       16  rt_ctype_table.o(.text)
    .text                                    0x080012ac   Section        8  rt_locale_intlibspace.o(.text)
    .text                                    0x080012b4   Section        0  _printf_fp_infnan.o(.text)
    .text                                    0x08001334   Section        0  bigflt0.o(.text)
    .text                                    0x08001418   Section        0  exit.o(.text)
    .text                                    0x0800142a   Section        0  _get_argv_nomalloc.o(.text)
    .text                                    0x08001558   Section        0  sys_command.o(.text)
    .text                                    0x08001570   Section        0  hrguard.o(.text)
    .text                                    0x08001574   Section        0  defsig_rtmem_outer.o(.text)
    .text                                    0x08001588   Section      124  strcmpv7em.o(.text)
    .text                                    0x08001604   Section        2  use_no_semi.o(.text)
    .text                                    0x08001606   Section        0  defsig_exit.o(.text)
    .text                                    0x08001606   Section        0  indicate_semi.o(.text)
    .text                                    0x08001610   Section        0  defsig_rtmem_inner.o(.text)
    .text                                    0x08001660   Section        0  sys_exit.o(.text)
    .text                                    0x0800166c   Section        0  defsig_general.o(.text)
    .text                                    0x0800169e   Section        0  sys_wrch.o(.text)
    [Anonymous Symbol]                       0x080016ac   Section        0  system_stm32f4xx.o(.text.SystemInit)
    [Anonymous Symbol]                       0x080016c0   Section        0  usart.o(.text.compute_uart_bd)
    compute_uart_bd                          0x080016c1   Thumb Code    30  usart.o(.text.compute_uart_bd)
    [Anonymous Symbol]                       0x080016e0   Section        0  usart.o(.text.fputc)
    [Anonymous Symbol]                       0x08001700   Section        0  main.o(.text.main)
    [Anonymous Symbol]                       0x08001870   Section        0  sin_in_sin_out.o(.text.matrix_vector_multiple)
    [Anonymous Symbol]                       0x08001930   Section        0  sin_in_sin_out.o(.text.multi_in_multi_out)
    [Anonymous Symbol]                       0x08001974   Section        0  sin_in_sin_out.o(.text.multi_in_sig_out)
    [Anonymous Symbol]                       0x080019ac   Section        0  sin_in_sin_out.o(.text.normalization_matrix)
    [Anonymous Symbol]                       0x08001ae0   Section        0  sin_in_sin_out.o(.text.random_weight_gen_matrix)
    [Anonymous Symbol]                       0x08001ba8   Section        0  sin_in_sin_out.o(.text.random_weight_gen_vector)
    [Anonymous Symbol]                       0x08001c40   Section        0  sin_in_sin_out.o(.text.sigmoid)
    [Anonymous Symbol]                       0x08001cb0   Section        0  usart.o(.text.uart_set_bd)
    uart_set_bd                              0x08001cb1   Thumb Code    42  usart.o(.text.uart_set_bd)
    [Anonymous Symbol]                       0x08001cdc   Section        0  usart.o(.text.uart_tx_init)
    [Anonymous Symbol]                       0x08001d70   Section        0  usart.o(.text.uart_write)
    [Anonymous Symbol]                       0x08001da0   Section        0  sin_in_sin_out.o(.text.vector_sigmoid)
    [Anonymous Symbol]                       0x08001df8   Section        0  sin_in_sin_out.o(.text.weighted_sum)
    CL$$btod_d2e                             0x08001e8a   Section       62  btod.o(CL$$btod_d2e)
    CL$$btod_d2e_denorm_low                  0x08001ec8   Section       70  btod.o(CL$$btod_d2e_denorm_low)
    CL$$btod_d2e_norm_op1                    0x08001f0e   Section       96  btod.o(CL$$btod_d2e_norm_op1)
    CL$$btod_div_common                      0x08001f6e   Section      824  btod.o(CL$$btod_div_common)
    CL$$btod_e2e                             0x080022a6   Section      220  btod.o(CL$$btod_e2e)
    CL$$btod_ediv                            0x08002382   Section       42  btod.o(CL$$btod_ediv)
    CL$$btod_emul                            0x080023ac   Section       42  btod.o(CL$$btod_emul)
    CL$$btod_mult_common                     0x080023d6   Section      580  btod.o(CL$$btod_mult_common)
    i.__ARM_fpclassify                       0x0800261a   Section        0  fpclassify.o(i.__ARM_fpclassify)
    i.__hardfp_exp                           0x08002650   Section        0  exp.o(i.__hardfp_exp)
    i.__kernel_poly                          0x080029a8   Section        0  poly.o(i.__kernel_poly)
    i.__mathlib_dbl_infnan                   0x08002aa0   Section        0  dunder.o(i.__mathlib_dbl_infnan)
    i.__mathlib_dbl_overflow                 0x08002ab8   Section        0  dunder.o(i.__mathlib_dbl_overflow)
    i.__mathlib_dbl_underflow                0x08002ad8   Section        0  dunder.o(i.__mathlib_dbl_underflow)
    i._is_digit                              0x08002af8   Section        0  __printf_wp.o(i._is_digit)
    locale$$code                             0x08002b08   Section       44  lc_numeric_c.o(locale$$code)
    locale$$code                             0x08002b34   Section       44  lc_ctype_c.o(locale$$code)
    x$fpl$dadd                               0x08002b60   Section      336  daddsub_clz.o(x$fpl$dadd)
    $v0                                      0x08002b60   Number         0  daddsub_clz.o(x$fpl$dadd)
    _dadd1                                   0x08002b71   Thumb Code     0  daddsub_clz.o(x$fpl$dadd)
    x$fpl$dcmpinf                            0x08002cb0   Section       24  dcmpi.o(x$fpl$dcmpinf)
    $v0                                      0x08002cb0   Number         0  dcmpi.o(x$fpl$dcmpinf)
    x$fpl$ddiv                               0x08002cc8   Section      688  ddiv.o(x$fpl$ddiv)
    $v0                                      0x08002cc8   Number         0  ddiv.o(x$fpl$ddiv)
    ddiv_entry                               0x08002ccf   Thumb Code     0  ddiv.o(x$fpl$ddiv)
    x$fpl$deqf                               0x08002f78   Section      120  deqf.o(x$fpl$deqf)
    $v0                                      0x08002f78   Number         0  deqf.o(x$fpl$deqf)
    x$fpl$dfix                               0x08002ff0   Section       94  dfix.o(x$fpl$dfix)
    $v0                                      0x08002ff0   Number         0  dfix.o(x$fpl$dfix)
    x$fpl$dflt                               0x0800304e   Section       46  dflt_clz.o(x$fpl$dflt)
    $v0                                      0x0800304e   Number         0  dflt_clz.o(x$fpl$dflt)
    x$fpl$dgeqf                              0x0800307c   Section      120  dgeqf.o(x$fpl$dgeqf)
    $v0                                      0x0800307c   Number         0  dgeqf.o(x$fpl$dgeqf)
    x$fpl$dleqf                              0x080030f4   Section      120  dleqf.o(x$fpl$dleqf)
    $v0                                      0x080030f4   Number         0  dleqf.o(x$fpl$dleqf)
    x$fpl$dmul                               0x0800316c   Section      340  dmul.o(x$fpl$dmul)
    $v0                                      0x0800316c   Number         0  dmul.o(x$fpl$dmul)
    x$fpl$dnaninf                            0x080032c0   Section      156  dnaninf.o(x$fpl$dnaninf)
    $v0                                      0x080032c0   Number         0  dnaninf.o(x$fpl$dnaninf)
    x$fpl$dretinf                            0x0800335c   Section       12  dretinf.o(x$fpl$dretinf)
    $v0                                      0x0800335c   Number         0  dretinf.o(x$fpl$dretinf)
    x$fpl$drleqf                             0x08003368   Section      108  drleqf.o(x$fpl$drleqf)
    $v0                                      0x08003368   Number         0  drleqf.o(x$fpl$drleqf)
    x$fpl$drsb                               0x080033d4   Section       22  daddsub_clz.o(x$fpl$drsb)
    $v0                                      0x080033d4   Number         0  daddsub_clz.o(x$fpl$drsb)
    x$fpl$dsub                               0x080033ec   Section      468  daddsub_clz.o(x$fpl$dsub)
    $v0                                      0x080033ec   Number         0  daddsub_clz.o(x$fpl$dsub)
    _dsub1                                   0x080033fd   Thumb Code     0  daddsub_clz.o(x$fpl$dsub)
    x$fpl$fcmp                               0x080035c0   Section       84  dcmp.o(x$fpl$fcmp)
    $v0                                      0x080035c0   Number         0  dcmp.o(x$fpl$fcmp)
    x$fpl$fpinit                             0x08003614   Section       26  fpinit.o(x$fpl$fpinit)
    $v0                                      0x08003614   Number         0  fpinit.o(x$fpl$fpinit)
    x$fpl$printf1                            0x0800362e   Section        4  printf1.o(x$fpl$printf1)
    $v0                                      0x0800362e   Number         0  printf1.o(x$fpl$printf1)
    x$fpl$printf2                            0x08003632   Section        4  printf2.o(x$fpl$printf2)
    $v0                                      0x08003632   Number         0  printf2.o(x$fpl$printf2)
    x$fpl$usenofp                            0x08003636   Section        0  usenofp.o(x$fpl$usenofp)
    .constdata                               0x08003638   Section       88  exp.o(.constdata)
    halF                                     0x08003638   Data          16  exp.o(.constdata)
    ln2HI                                    0x08003648   Data          16  exp.o(.constdata)
    ln2LO                                    0x08003658   Data          16  exp.o(.constdata)
    P                                        0x08003668   Data          40  exp.o(.constdata)
    .constdata                               0x08003690   Section        8  _printf_wctomb.o(.constdata)
    initial_mbstate                          0x08003690   Data           8  _printf_wctomb.o(.constdata)
    .constdata                               0x08003698   Section       40  _printf_hex_int_ll_ptr.o(.constdata)
    uc_hextab                                0x08003698   Data          20  _printf_hex_int_ll_ptr.o(.constdata)
    lc_hextab                                0x080036ac   Data          20  _printf_hex_int_ll_ptr.o(.constdata)
    .constdata                               0x080036c0   Section       17  __printf_flags_ss_wp.o(.constdata)
    maptable                                 0x080036c0   Data          17  __printf_flags_ss_wp.o(.constdata)
    .constdata                               0x080036d1   Section       38  _printf_fp_hex.o(.constdata)
    lc_hextab                                0x080036d1   Data          19  _printf_fp_hex.o(.constdata)
    uc_hextab                                0x080036e4   Data          19  _printf_fp_hex.o(.constdata)
    .constdata                               0x080036f8   Section      148  bigflt0.o(.constdata)
    tenpwrs_x                                0x080036f8   Data          60  bigflt0.o(.constdata)
    tenpwrs_i                                0x08003734   Data          64  bigflt0.o(.constdata)
    [Anonymous Symbol]                       0x0800378c   Section        0  main.o(.rodata.str1.1)
    .L.str.1                                 0x0800378c   Data          23  main.o(.rodata.str1.1)
    .L.str.2                                 0x080037a3   Data          21  main.o(.rodata.str1.1)
    .L.str                                   0x080037b8   Data          21  main.o(.rodata.str1.1)
    locale$$data                             0x080037f0   Section       28  lc_numeric_c.o(locale$$data)
    __lcnum_c_name                           0x080037f4   Data           2  lc_numeric_c.o(locale$$data)
    __lcnum_c_start                          0x080037fc   Data           0  lc_numeric_c.o(locale$$data)
    __lcnum_c_point                          0x08003808   Data           0  lc_numeric_c.o(locale$$data)
    __lcnum_c_thousands                      0x0800380a   Data           0  lc_numeric_c.o(locale$$data)
    __lcnum_c_grouping                       0x0800380b   Data           0  lc_numeric_c.o(locale$$data)
    locale$$data                             0x0800380c   Section      272  lc_ctype_c.o(locale$$data)
    __lcnum_c_end                            0x0800380c   Data           0  lc_numeric_c.o(locale$$data)
    __lcctype_c_name                         0x08003810   Data           2  lc_ctype_c.o(locale$$data)
    __lcctype_c_start                        0x08003818   Data           0  lc_ctype_c.o(locale$$data)
    __lcctype_c_end                          0x0800391c   Data           0  lc_ctype_c.o(locale$$data)
    .bss                                     0x20000050   Section      228  rand.o(.bss)
    .bss                                     0x20000134   Section       96  libspace.o(.bss)
    HEAP                                     0x20000280   Section      512  startup_stm32f407xx.o(HEAP)
    Heap_Mem                                 0x20000280   Data         512  startup_stm32f407xx.o(HEAP)
    STACK                                    0x20000480   Section     1024  startup_stm32f407xx.o(STACK)
    Stack_Mem                                0x20000480   Data        1024  startup_stm32f407xx.o(STACK)
    __initial_sp                             0x20000880   Data           0  startup_stm32f407xx.o(STACK)

    Global Symbols

    Symbol Name                              Value     Ov Type        Size  Object(Section)

    BuildAttributes$$THM_ISAv4$E$P$D$K$B$S$7EM$VFPi3$EXTD16$VFPS$VFMA$PE$A:L22UL41UL21$X:L11$S22US41US21$IEEE1$IW$~IW$USESV6$~STKCKD$USESV7$~SHL$OTIME$ROPI$IEEEX$EBA8$UX$STANDARDLIB$REQ8$PRES8$EABIv2 0x00000000   Number         0  anon$$obj.o ABSOLUTE
    _printf_flags                            0x00000000   Number         0  printf_stubs.o ABSOLUTE
    _printf_return_value                     0x00000000   Number         0  printf_stubs.o ABSOLUTE
    _printf_sizespec                         0x00000000   Number         0  printf_stubs.o ABSOLUTE
    _printf_widthprec                        0x00000000   Number         0  printf_stubs.o ABSOLUTE
    __ARM_exceptions_init                     - Undefined Weak Reference
    __alloca_initialize                       - Undefined Weak Reference
    __arm_preinit_                            - Undefined Weak Reference
    __cpp_initialize__aeabi_                  - Undefined Weak Reference
    __cxa_finalize                            - Undefined Weak Reference
    __sigvec_lookup                           - Undefined Weak Reference
    _atexit_init                              - Undefined Weak Reference
    _call_atexit_fns                          - Undefined Weak Reference
    _clock_init                               - Undefined Weak Reference
    _fp_trap_init                             - Undefined Weak Reference
    _fp_trap_shutdown                         - Undefined Weak Reference
    _get_lc_collate                           - Undefined Weak Reference
    _get_lc_monetary                          - Undefined Weak Reference
    _get_lc_time                              - Undefined Weak Reference
    _getenv_init                              - Undefined Weak Reference
    _handle_redirection                       - Undefined Weak Reference
    _init_alloc                               - Undefined Weak Reference
    _init_user_alloc                          - Undefined Weak Reference
    _initio                                   - Undefined Weak Reference
    _mutex_acquire                            - Undefined Weak Reference
    _mutex_release                            - Undefined Weak Reference
    _printf_mbtowc                            - Undefined Weak Reference
    _printf_wc                                - Undefined Weak Reference
    _signal_finish                            - Undefined Weak Reference
    _signal_init                              - Undefined Weak Reference
    _terminate_alloc                          - Undefined Weak Reference
    _terminate_user_alloc                     - Undefined Weak Reference
    _terminateio                              - Undefined Weak Reference
    __Vectors_Size                           0x00000188   Number         0  startup_stm32f407xx.o ABSOLUTE
    __Vectors                                0x08000000   Data           4  startup_stm32f407xx.o(RESET)
    __Vectors_End                            0x08000188   Data           0  startup_stm32f407xx.o(RESET)
    __main                                   0x08000189   Thumb Code     8  __main.o(!!!main)
    __scatterload                            0x08000191   Thumb Code     0  __scatter.o(!!!scatter)
    __scatterload_rt2                        0x08000191   Thumb Code    44  __scatter.o(!!!scatter)
    __scatterload_rt2_thumb_only             0x08000191   Thumb Code     0  __scatter.o(!!!scatter)
    __scatterload_null                       0x0800019f   Thumb Code     0  __scatter.o(!!!scatter)
    __scatterload_copy                       0x080001c5   Thumb Code    26  __scatter_copy.o(!!handler_copy)
    __scatterload_zeroinit                   0x080001e1   Thumb Code    28  __scatter_zi.o(!!handler_zi)
    _printf_n                                0x080001fd   Thumb Code     0  _printf_n.o(.ARM.Collect$$_printf_percent$$00000001)
    _printf_percent                          0x080001fd   Thumb Code     0  _printf_percent.o(.ARM.Collect$$_printf_percent$$00000000)
    _printf_p                                0x08000203   Thumb Code     0  _printf_p.o(.ARM.Collect$$_printf_percent$$00000002)
    _printf_f                                0x08000209   Thumb Code     0  _printf_f.o(.ARM.Collect$$_printf_percent$$00000003)
    _printf_e                                0x0800020f   Thumb Code     0  _printf_e.o(.ARM.Collect$$_printf_percent$$00000004)
    _printf_g                                0x08000215   Thumb Code     0  _printf_g.o(.ARM.Collect$$_printf_percent$$00000005)
    _printf_a                                0x0800021b   Thumb Code     0  _printf_a.o(.ARM.Collect$$_printf_percent$$00000006)
    _printf_ll                               0x08000221   Thumb Code     0  _printf_ll.o(.ARM.Collect$$_printf_percent$$00000007)
    _printf_i                                0x0800022b   Thumb Code     0  _printf_i.o(.ARM.Collect$$_printf_percent$$00000008)
    _printf_d                                0x08000231   Thumb Code     0  _printf_d.o(.ARM.Collect$$_printf_percent$$00000009)
    _printf_u                                0x08000237   Thumb Code     0  _printf_u.o(.ARM.Collect$$_printf_percent$$0000000A)
    _printf_o                                0x0800023d   Thumb Code     0  _printf_o.o(.ARM.Collect$$_printf_percent$$0000000B)
    _printf_x                                0x08000243   Thumb Code     0  _printf_x.o(.ARM.Collect$$_printf_percent$$0000000C)
    _printf_lli                              0x08000249   Thumb Code     0  _printf_lli.o(.ARM.Collect$$_printf_percent$$0000000D)
    _printf_lld                              0x0800024f   Thumb Code     0  _printf_lld.o(.ARM.Collect$$_printf_percent$$0000000E)
    _printf_llu                              0x08000255   Thumb Code     0  _printf_llu.o(.ARM.Collect$$_printf_percent$$0000000F)
    _printf_llo                              0x0800025b   Thumb Code     0  _printf_llo.o(.ARM.Collect$$_printf_percent$$00000010)
    _printf_llx                              0x08000261   Thumb Code     0  _printf_llx.o(.ARM.Collect$$_printf_percent$$00000011)
    _printf_l                                0x08000267   Thumb Code     0  _printf_l.o(.ARM.Collect$$_printf_percent$$00000012)
    _printf_c                                0x08000271   Thumb Code     0  _printf_c.o(.ARM.Collect$$_printf_percent$$00000013)
    _printf_s                                0x08000277   Thumb Code     0  _printf_s.o(.ARM.Collect$$_printf_percent$$00000014)
    _printf_lc                               0x0800027d   Thumb Code     0  _printf_lc.o(.ARM.Collect$$_printf_percent$$00000015)
    _printf_ls                               0x08000283   Thumb Code     0  _printf_ls.o(.ARM.Collect$$_printf_percent$$00000016)
    _printf_percent_end                      0x08000289   Thumb Code     0  _printf_percent_end.o(.ARM.Collect$$_printf_percent$$00000017)
    __rt_lib_init                            0x0800028d   Thumb Code     0  libinit.o(.ARM.Collect$$libinit$$00000000)
    __rt_lib_init_fp_1                       0x0800028f   Thumb Code     0  libinit2.o(.ARM.Collect$$libinit$$00000001)
    __rt_lib_init_heap_1                     0x08000293   Thumb Code     0  libinit2.o(.ARM.Collect$$libinit$$0000000A)
    __rt_lib_init_preinit_1                  0x08000293   Thumb Code     0  libinit2.o(.ARM.Collect$$libinit$$00000004)
    __rt_lib_init_rand_2                     0x08000293   Thumb Code     0  libinit2.o(.ARM.Collect$$libinit$$0000000D)
    __rt_lib_init_user_alloc_1               0x08000293   Thumb Code     0  libinit2.o(.ARM.Collect$$libinit$$0000000C)
    __rt_lib_init_lc_common                  0x08000297   Thumb Code     0  libinit2.o(.ARM.Collect$$libinit$$0000000F)
    __rt_lib_init_rand_1                     0x08000297   Thumb Code     0  libinit2.o(.ARM.Collect$$libinit$$0000000E)
    __rt_lib_init_lc_collate_1               0x0800029d   Thumb Code     0  libinit2.o(.ARM.Collect$$libinit$$00000011)
    __rt_lib_init_lc_ctype_2                 0x0800029d   Thumb Code     0  libinit2.o(.ARM.Collect$$libinit$$00000012)
    __rt_lib_init_lc_ctype_1                 0x080002a9   Thumb Code     0  libinit2.o(.ARM.Collect$$libinit$$00000013)
    __rt_lib_init_lc_monetary_1              0x080002a9   Thumb Code     0  libinit2.o(.ARM.Collect$$libinit$$00000015)
    __rt_lib_init_lc_numeric_2               0x080002a9   Thumb Code     0  libinit2.o(.ARM.Collect$$libinit$$00000016)
    __rt_lib_init_argv_1                     0x080002b3   Thumb Code     0  libinit2.o(.ARM.Collect$$libinit$$00000027)
    __rt_lib_init_atexit_1                   0x080002b3   Thumb Code     0  libinit2.o(.ARM.Collect$$libinit$$0000001B)
    __rt_lib_init_clock_1                    0x080002b3   Thumb Code     0  libinit2.o(.ARM.Collect$$libinit$$00000021)
    __rt_lib_init_fp_trap_1                  0x080002b3   Thumb Code     0  libinit2.o(.ARM.Collect$$libinit$$0000001F)
    __rt_lib_init_getenv_1                   0x080002b3   Thumb Code     0  libinit2.o(.ARM.Collect$$libinit$$00000023)
    __rt_lib_init_heapregion_libspace_used   0x080002b3   Thumb Code     0  libinit2.o(.ARM.Collect$$libinit$$00000027)
    __rt_lib_init_lc_numeric_1               0x080002b3   Thumb Code     0  libinit2.o(.ARM.Collect$$libinit$$00000017)
    __rt_lib_init_lc_time_1                  0x080002b3   Thumb Code     0  libinit2.o(.ARM.Collect$$libinit$$00000019)
    __rt_lib_init_signal_1                   0x080002b3   Thumb Code     0  libinit2.o(.ARM.Collect$$libinit$$0000001D)
    __rt_lib_init_stdio_1                    0x080002b3   Thumb Code     0  libinit2.o(.ARM.Collect$$libinit$$00000025)
    __rt_lib_init_alloca_1                   0x080002bb   Thumb Code     0  libinit2.o(.ARM.Collect$$libinit$$0000002E)
    __rt_lib_init_cpp_1                      0x080002bb   Thumb Code     0  libinit2.o(.ARM.Collect$$libinit$$00000032)
    __rt_lib_init_exceptions_1               0x080002bb   Thumb Code     0  libinit2.o(.ARM.Collect$$libinit$$00000030)
    __rt_lib_init_return                     0x080002bb   Thumb Code     0  libinit2.o(.ARM.Collect$$libinit$$00000033)
    __rt_lib_shutdown                        0x080002bd   Thumb Code     0  libshutdown.o(.ARM.Collect$$libshutdown$$00000000)
    __rt_lib_shutdown_cpp_1                  0x080002bf   Thumb Code     0  libshutdown2.o(.ARM.Collect$$libshutdown$$00000002)
    __rt_lib_shutdown_fp_trap_1              0x080002bf   Thumb Code     0  libshutdown2.o(.ARM.Collect$$libshutdown$$00000007)
    __rt_lib_shutdown_heap_1                 0x080002bf   Thumb Code     0  libshutdown2.o(.ARM.Collect$$libshutdown$$0000000F)
    __rt_lib_shutdown_return                 0x080002bf   Thumb Code     0  libshutdown2.o(.ARM.Collect$$libshutdown$$00000010)
    __rt_lib_shutdown_signal_1               0x080002bf   Thumb Code     0  libshutdown2.o(.ARM.Collect$$libshutdown$$0000000A)
    __rt_lib_shutdown_stdio_1                0x080002bf   Thumb Code     0  libshutdown2.o(.ARM.Collect$$libshutdown$$00000004)
    __rt_lib_shutdown_user_alloc_1           0x080002bf   Thumb Code     0  libshutdown2.o(.ARM.Collect$$libshutdown$$0000000C)
    __rt_entry                               0x080002c1   Thumb Code     0  __rtentry.o(.ARM.Collect$$rtentry$$00000000)
    __rt_entry_presh_1                       0x080002c1   Thumb Code     0  __rtentry2.o(.ARM.Collect$$rtentry$$00000002)
    __rt_entry_sh                            0x080002c1   Thumb Code     0  __rtentry4.o(.ARM.Collect$$rtentry$$00000004)
    __rt_entry_li                            0x080002c7   Thumb Code     0  __rtentry2.o(.ARM.Collect$$rtentry$$0000000A)
    __rt_entry_postsh_1                      0x080002c7   Thumb Code     0  __rtentry2.o(.ARM.Collect$$rtentry$$00000009)
    __rt_entry_main                          0x080002cb   Thumb Code     0  __rtentry2.o(.ARM.Collect$$rtentry$$0000000D)
    __rt_entry_postli_1                      0x080002cb   Thumb Code     0  __rtentry2.o(.ARM.Collect$$rtentry$$0000000C)
    __rt_exit                                0x080002d3   Thumb Code     0  rtexit.o(.ARM.Collect$$rtexit$$00000000)
    __rt_exit_ls                             0x080002d5   Thumb Code     0  rtexit2.o(.ARM.Collect$$rtexit$$00000003)
    __rt_exit_prels_1                        0x080002d5   Thumb Code     0  rtexit2.o(.ARM.Collect$$rtexit$$00000002)
    __rt_exit_exit                           0x080002d9   Thumb Code     0  rtexit2.o(.ARM.Collect$$rtexit$$00000004)
    rand                                     0x080002e1   Thumb Code    48  rand.o(.emb_text)
    __ARM_argv_veneer                        0x08000315   Thumb Code     4  argv_veneer.o(.emb_text)
    Reset_Handler                            0x08000319   Thumb Code     8  startup_stm32f407xx.o(.text)
    NMI_Handler                              0x08000321   Thumb Code     2  startup_stm32f407xx.o(.text)
    HardFault_Handler                        0x08000323   Thumb Code     2  startup_stm32f407xx.o(.text)
    MemManage_Handler                        0x08000325   Thumb Code     2  startup_stm32f407xx.o(.text)
    BusFault_Handler                         0x08000327   Thumb Code     2  startup_stm32f407xx.o(.text)
    UsageFault_Handler                       0x08000329   Thumb Code     2  startup_stm32f407xx.o(.text)
    SVC_Handler                              0x0800032b   Thumb Code     2  startup_stm32f407xx.o(.text)
    DebugMon_Handler                         0x0800032d   Thumb Code     2  startup_stm32f407xx.o(.text)
    PendSV_Handler                           0x0800032f   Thumb Code     2  startup_stm32f407xx.o(.text)
    SysTick_Handler                          0x08000331   Thumb Code     2  startup_stm32f407xx.o(.text)
    ADC_IRQHandler                           0x08000333   Thumb Code     0  startup_stm32f407xx.o(.text)
    CAN1_RX0_IRQHandler                      0x08000333   Thumb Code     0  startup_stm32f407xx.o(.text)
    CAN1_RX1_IRQHandler                      0x08000333   Thumb Code     0  startup_stm32f407xx.o(.text)
    CAN1_SCE_IRQHandler                      0x08000333   Thumb Code     0  startup_stm32f407xx.o(.text)
    CAN1_TX_IRQHandler                       0x08000333   Thumb Code     0  startup_stm32f407xx.o(.text)
    CAN2_RX0_IRQHandler                      0x08000333   Thumb Code     0  startup_stm32f407xx.o(.text)
    CAN2_RX1_IRQHandler                      0x08000333   Thumb Code     0  startup_stm32f407xx.o(.text)
    CAN2_SCE_IRQHandler                      0x08000333   Thumb Code     0  startup_stm32f407xx.o(.text)
    CAN2_TX_IRQHandler                       0x08000333   Thumb Code     0  startup_stm32f407xx.o(.text)
    DCMI_IRQHandler                          0x08000333   Thumb Code     0  startup_stm32f407xx.o(.text)
    DMA1_Stream0_IRQHandler                  0x08000333   Thumb Code     0  startup_stm32f407xx.o(.text)
    DMA1_Stream1_IRQHandler                  0x08000333   Thumb Code     0  startup_stm32f407xx.o(.text)
    DMA1_Stream2_IRQHandler                  0x08000333   Thumb Code     0  startup_stm32f407xx.o(.text)
    DMA1_Stream3_IRQHandler                  0x08000333   Thumb Code     0  startup_stm32f407xx.o(.text)
    DMA1_Stream4_IRQHandler                  0x08000333   Thumb Code     0  startup_stm32f407xx.o(.text)
    DMA1_Stream5_IRQHandler                  0x08000333   Thumb Code     0  startup_stm32f407xx.o(.text)
    DMA1_Stream6_IRQHandler                  0x08000333   Thumb Code     0  startup_stm32f407xx.o(.text)
    DMA1_Stream7_IRQHandler                  0x08000333   Thumb Code     0  startup_stm32f407xx.o(.text)
    DMA2_Stream0_IRQHandler                  0x08000333   Thumb Code     0  startup_stm32f407xx.o(.text)
    DMA2_Stream1_IRQHandler                  0x08000333   Thumb Code     0  startup_stm32f407xx.o(.text)
    DMA2_Stream2_IRQHandler                  0x08000333   Thumb Code     0  startup_stm32f407xx.o(.text)
    DMA2_Stream3_IRQHandler                  0x08000333   Thumb Code     0  startup_stm32f407xx.o(.text)
    DMA2_Stream4_IRQHandler                  0x08000333   Thumb Code     0  startup_stm32f407xx.o(.text)
    DMA2_Stream5_IRQHandler                  0x08000333   Thumb Code     0  startup_stm32f407xx.o(.text)
    DMA2_Stream6_IRQHandler                  0x08000333   Thumb Code     0  startup_stm32f407xx.o(.text)
    DMA2_Stream7_IRQHandler                  0x08000333   Thumb Code     0  startup_stm32f407xx.o(.text)
    ETH_IRQHandler                           0x08000333   Thumb Code     0  startup_stm32f407xx.o(.text)
    ETH_WKUP_IRQHandler                      0x08000333   Thumb Code     0  startup_stm32f407xx.o(.text)
    EXTI0_IRQHandler                         0x08000333   Thumb Code     0  startup_stm32f407xx.o(.text)
    EXTI15_10_IRQHandler                     0x08000333   Thumb Code     0  startup_stm32f407xx.o(.text)
    EXTI1_IRQHandler                         0x08000333   Thumb Code     0  startup_stm32f407xx.o(.text)
    EXTI2_IRQHandler                         0x08000333   Thumb Code     0  startup_stm32f407xx.o(.text)
    EXTI3_IRQHandler                         0x08000333   Thumb Code     0  startup_stm32f407xx.o(.text)
    EXTI4_IRQHandler                         0x08000333   Thumb Code     0  startup_stm32f407xx.o(.text)
    EXTI9_5_IRQHandler                       0x08000333   Thumb Code     0  startup_stm32f407xx.o(.text)
    FLASH_IRQHandler                         0x08000333   Thumb Code     0  startup_stm32f407xx.o(.text)
    FMC_IRQHandler                           0x08000333   Thumb Code     0  startup_stm32f407xx.o(.text)
    FPU_IRQHandler                           0x08000333   Thumb Code     0  startup_stm32f407xx.o(.text)
    HASH_RNG_IRQHandler                      0x08000333   Thumb Code     0  startup_stm32f407xx.o(.text)
    I2C1_ER_IRQHandler                       0x08000333   Thumb Code     0  startup_stm32f407xx.o(.text)
    I2C1_EV_IRQHandler                       0x08000333   Thumb Code     0  startup_stm32f407xx.o(.text)
    I2C2_ER_IRQHandler                       0x08000333   Thumb Code     0  startup_stm32f407xx.o(.text)
    I2C2_EV_IRQHandler                       0x08000333   Thumb Code     0  startup_stm32f407xx.o(.text)
    I2C3_ER_IRQHandler                       0x08000333   Thumb Code     0  startup_stm32f407xx.o(.text)
    I2C3_EV_IRQHandler                       0x08000333   Thumb Code     0  startup_stm32f407xx.o(.text)
    OTG_FS_IRQHandler                        0x08000333   Thumb Code     0  startup_stm32f407xx.o(.text)
    OTG_FS_WKUP_IRQHandler                   0x08000333   Thumb Code     0  startup_stm32f407xx.o(.text)
    OTG_HS_EP1_IN_IRQHandler                 0x08000333   Thumb Code     0  startup_stm32f407xx.o(.text)
    OTG_HS_EP1_OUT_IRQHandler                0x08000333   Thumb Code     0  startup_stm32f407xx.o(.text)
    OTG_HS_IRQHandler                        0x08000333   Thumb Code     0  startup_stm32f407xx.o(.text)
    OTG_HS_WKUP_IRQHandler                   0x08000333   Thumb Code     0  startup_stm32f407xx.o(.text)
    PVD_IRQHandler                           0x08000333   Thumb Code     0  startup_stm32f407xx.o(.text)
    RCC_IRQHandler                           0x08000333   Thumb Code     0  startup_stm32f407xx.o(.text)
    RTC_Alarm_IRQHandler                     0x08000333   Thumb Code     0  startup_stm32f407xx.o(.text)
    RTC_WKUP_IRQHandler                      0x08000333   Thumb Code     0  startup_stm32f407xx.o(.text)
    SDIO_IRQHandler                          0x08000333   Thumb Code     0  startup_stm32f407xx.o(.text)
    SPI1_IRQHandler                          0x08000333   Thumb Code     0  startup_stm32f407xx.o(.text)
    SPI2_IRQHandler                          0x08000333   Thumb Code     0  startup_stm32f407xx.o(.text)
    SPI3_IRQHandler                          0x08000333   Thumb Code     0  startup_stm32f407xx.o(.text)
    TAMP_STAMP_IRQHandler                    0x08000333   Thumb Code     0  startup_stm32f407xx.o(.text)
    TIM1_BRK_TIM9_IRQHandler                 0x08000333   Thumb Code     0  startup_stm32f407xx.o(.text)
    TIM1_CC_IRQHandler                       0x08000333   Thumb Code     0  startup_stm32f407xx.o(.text)
    TIM1_TRG_COM_TIM11_IRQHandler            0x08000333   Thumb Code     0  startup_stm32f407xx.o(.text)
    TIM1_UP_TIM10_IRQHandler                 0x08000333   Thumb Code     0  startup_stm32f407xx.o(.text)
    TIM2_IRQHandler                          0x08000333   Thumb Code     0  startup_stm32f407xx.o(.text)
    TIM3_IRQHandler                          0x08000333   Thumb Code     0  startup_stm32f407xx.o(.text)
    TIM4_IRQHandler                          0x08000333   Thumb Code     0  startup_stm32f407xx.o(.text)
    TIM5_IRQHandler                          0x08000333   Thumb Code     0  startup_stm32f407xx.o(.text)
    TIM6_DAC_IRQHandler                      0x08000333   Thumb Code     0  startup_stm32f407xx.o(.text)
    TIM7_IRQHandler                          0x08000333   Thumb Code     0  startup_stm32f407xx.o(.text)
    TIM8_BRK_TIM12_IRQHandler                0x08000333   Thumb Code     0  startup_stm32f407xx.o(.text)
    TIM8_CC_IRQHandler                       0x08000333   Thumb Code     0  startup_stm32f407xx.o(.text)
    TIM8_TRG_COM_TIM14_IRQHandler            0x08000333   Thumb Code     0  startup_stm32f407xx.o(.text)
    TIM8_UP_TIM13_IRQHandler                 0x08000333   Thumb Code     0  startup_stm32f407xx.o(.text)
    UART4_IRQHandler                         0x08000333   Thumb Code     0  startup_stm32f407xx.o(.text)
    UART5_IRQHandler                         0x08000333   Thumb Code     0  startup_stm32f407xx.o(.text)
    USART1_IRQHandler                        0x08000333   Thumb Code     0  startup_stm32f407xx.o(.text)
    USART2_IRQHandler                        0x08000333   Thumb Code     0  startup_stm32f407xx.o(.text)
    USART3_IRQHandler                        0x08000333   Thumb Code     0  startup_stm32f407xx.o(.text)
    USART6_IRQHandler                        0x08000333   Thumb Code     0  startup_stm32f407xx.o(.text)
    WWDG_IRQHandler                          0x08000333   Thumb Code     0  startup_stm32f407xx.o(.text)
    __user_initial_stackheap                 0x08000335   Thumb Code     0  startup_stm32f407xx.o(.text)
    printf                                   0x08000359   Thumb Code    20  printf.o(.text)
    srand                                    0x08000371   Thumb Code    42  rand.o(.text)
    _rand_init                               0x0800039b   Thumb Code     4  rand.o(.text)
    __use_two_region_memory                  0x080003ad   Thumb Code     2  heapauxi.o(.text)
    __rt_heap_escrow$2region                 0x080003af   Thumb Code     2  heapauxi.o(.text)
    __rt_heap_expand$2region                 0x080003b1   Thumb Code     2  heapauxi.o(.text)
    __read_errno                             0x080003b3   Thumb Code    10  _rserrno.o(.text)
    __set_errno                              0x080003bd   Thumb Code    12  _rserrno.o(.text)
    _printf_pre_padding                      0x080003c9   Thumb Code    44  _printf_pad.o(.text)
    _printf_post_padding                     0x080003f5   Thumb Code    34  _printf_pad.o(.text)
    _printf_truncate_signed                  0x08000417   Thumb Code    18  _printf_truncate.o(.text)
    _printf_truncate_unsigned                0x08000429   Thumb Code    18  _printf_truncate.o(.text)
    _printf_str                              0x0800043b   Thumb Code    82  _printf_str.o(.text)
    _printf_int_dec                          0x0800048d   Thumb Code   104  _printf_dec.o(.text)
    _printf_charcount                        0x08000505   Thumb Code    40  _printf_charcount.o(.text)
    _printf_char_file                        0x0800052d   Thumb Code    32  _printf_char_file.o(.text)
    _printf_wctomb                           0x08000551   Thumb Code   182  _printf_wctomb.o(.text)
    _printf_longlong_dec                     0x0800060d   Thumb Code   108  _printf_longlong_dec.o(.text)
    _printf_longlong_oct                     0x08000689   Thumb Code    68  _printf_oct_int_ll.o(.text)
    _printf_int_oct                          0x080006cd   Thumb Code    24  _printf_oct_int_ll.o(.text)
    _printf_ll_oct                           0x080006e5   Thumb Code    12  _printf_oct_int_ll.o(.text)
    _printf_longlong_hex                     0x080006f9   Thumb Code    86  _printf_hex_int_ll_ptr.o(.text)
    _printf_int_hex                          0x0800074f   Thumb Code    28  _printf_hex_int_ll_ptr.o(.text)
    _printf_ll_hex                           0x0800076b   Thumb Code    12  _printf_hex_int_ll_ptr.o(.text)
    _printf_hex_ptr                          0x08000777   Thumb Code    18  _printf_hex_int_ll_ptr.o(.text)
    __printf                                 0x0800078d   Thumb Code   388  __printf_flags_ss_wp.o(.text)
    ferror                                   0x08000915   Thumb Code     8  ferror.o(.text)
    __aeabi_errno_addr                       0x0800091d   Thumb Code     8  rt_errno_addr_intlibspace.o(.text)
    __errno$intlibspace                      0x0800091d   Thumb Code     0  rt_errno_addr_intlibspace.o(.text)
    __rt_errno_addr$intlibspace              0x0800091d   Thumb Code     0  rt_errno_addr_intlibspace.o(.text)
    _ll_udiv10                               0x08000925   Thumb Code   138  lludiv10.o(.text)
    _printf_int_common                       0x080009af   Thumb Code   178  _printf_intcommon.o(.text)
    _printf_fp_dec_real                      0x08000c11   Thumb Code   620  _printf_fp_dec.o(.text)
    _printf_fp_hex_real                      0x08000e7d   Thumb Code   756  _printf_fp_hex.o(.text)
    _printf_char_common                      0x08001183   Thumb Code    32  _printf_char_common.o(.text)
    _printf_cs_common                        0x080011a9   Thumb Code    20  _printf_char.o(.text)
    _printf_char                             0x080011bd   Thumb Code    16  _printf_char.o(.text)
    _printf_string                           0x080011cd   Thumb Code     8  _printf_char.o(.text)
    _printf_lcs_common                       0x080011d5   Thumb Code    20  _printf_wchar.o(.text)
    _printf_wchar                            0x080011e9   Thumb Code    16  _printf_wchar.o(.text)
    _printf_wstring                          0x080011f9   Thumb Code     8  _printf_wchar.o(.text)
    _c16rtomb                                0x08001201   Thumb Code    72  _c16rtomb.o(.text)
    _wcrtomb                                 0x08001201   Thumb Code     0  _c16rtomb.o(.text)
    __user_libspace                          0x08001249   Thumb Code     8  libspace.o(.text)
    __user_perproc_libspace                  0x08001249   Thumb Code     0  libspace.o(.text)
    __user_perthread_libspace                0x08001249   Thumb Code     0  libspace.o(.text)
    __user_setup_stackheap                   0x08001251   Thumb Code    74  sys_stackheap_outer.o(.text)
    __rt_ctype_table                         0x0800129d   Thumb Code    16  rt_ctype_table.o(.text)
    __rt_locale                              0x080012ad   Thumb Code     8  rt_locale_intlibspace.o(.text)
    _printf_fp_infnan                        0x080012b5   Thumb Code   112  _printf_fp_infnan.o(.text)
    _btod_etento                             0x08001335   Thumb Code   224  bigflt0.o(.text)
    exit                                     0x08001419   Thumb Code    18  exit.o(.text)
    __argv_alloc                             0x0800142b   Thumb Code    34  _get_argv_nomalloc.o(.text)
    __ARM_get_argv                           0x0800144d   Thumb Code   268  _get_argv_nomalloc.o(.text)
    _sys_command_string                      0x08001559   Thumb Code    24  sys_command.o(.text)
    __use_no_heap_region                     0x08001571   Thumb Code     2  hrguard.o(.text)
    __heap_region$guard                      0x08001573   Thumb Code     2  hrguard.o(.text)
    __rt_SIGRTMEM                            0x08001575   Thumb Code    14  defsig_rtmem_outer.o(.text)
    strcmp                                   0x08001589   Thumb Code   124  strcmpv7em.o(.text)
    __I$use$semihosting                      0x08001605   Thumb Code     0  use_no_semi.o(.text)
    __use_no_semihosting_swi                 0x08001605   Thumb Code     2  use_no_semi.o(.text)
    __semihosting_library_function           0x08001607   Thumb Code     0  indicate_semi.o(.text)
    __sig_exit                               0x08001607   Thumb Code    10  defsig_exit.o(.text)
    __rt_SIGRTMEM_inner                      0x08001611   Thumb Code    22  defsig_rtmem_inner.o(.text)
    _sys_exit                                0x08001661   Thumb Code     8  sys_exit.o(.text)
    __default_signal_display                 0x0800166d   Thumb Code    50  defsig_general.o(.text)
    _ttywrch                                 0x0800169f   Thumb Code    14  sys_wrch.o(.text)
    SystemInit                               0x080016ad   Thumb Code    18  system_stm32f4xx.o(.text.SystemInit)
    fputc                                    0x080016e1   Thumb Code    28  usart.o(.text.fputc)
    main                                     0x08001701   Thumb Code   368  main.o(.text.main)
    matrix_vector_multiple                   0x08001871   Thumb Code   190  sin_in_sin_out.o(.text.matrix_vector_multiple)
    multi_in_multi_out                       0x08001931   Thumb Code    66  sin_in_sin_out.o(.text.multi_in_multi_out)
    multi_in_sig_out                         0x08001975   Thumb Code    56  sin_in_sin_out.o(.text.multi_in_sig_out)
    normalization_matrix                     0x080019ad   Thumb Code   308  sin_in_sin_out.o(.text.normalization_matrix)
    random_weight_gen_matrix                 0x08001ae1   Thumb Code   200  sin_in_sin_out.o(.text.random_weight_gen_matrix)
    random_weight_gen_vector                 0x08001ba9   Thumb Code   152  sin_in_sin_out.o(.text.random_weight_gen_vector)
    sigmoid                                  0x08001c41   Thumb Code   112  sin_in_sin_out.o(.text.sigmoid)
    uart_tx_init                             0x08001cdd   Thumb Code   146  usart.o(.text.uart_tx_init)
    uart_write                               0x08001d71   Thumb Code    48  usart.o(.text.uart_write)
    vector_sigmoid                           0x08001da1   Thumb Code    88  sin_in_sin_out.o(.text.vector_sigmoid)
    weighted_sum                             0x08001df9   Thumb Code   146  sin_in_sin_out.o(.text.weighted_sum)
    _btod_d2e                                0x08001e8b   Thumb Code    62  btod.o(CL$$btod_d2e)
    _d2e_denorm_low                          0x08001ec9   Thumb Code    70  btod.o(CL$$btod_d2e_denorm_low)
    _d2e_norm_op1                            0x08001f0f   Thumb Code    96  btod.o(CL$$btod_d2e_norm_op1)
    __btod_div_common                        0x08001f6f   Thumb Code   696  btod.o(CL$$btod_div_common)
    _e2e                                     0x080022a7   Thumb Code   220  btod.o(CL$$btod_e2e)
    _btod_ediv                               0x08002383   Thumb Code    42  btod.o(CL$$btod_ediv)
    _btod_emul                               0x080023ad   Thumb Code    42  btod.o(CL$$btod_emul)
    __btod_mult_common                       0x080023d7   Thumb Code   580  btod.o(CL$$btod_mult_common)
    __ARM_fpclassify                         0x0800261b   Thumb Code    48  fpclassify.o(i.__ARM_fpclassify)
    __hardfp_exp                             0x08002651   Thumb Code   714  exp.o(i.__hardfp_exp)
    __kernel_poly                            0x080029a9   Thumb Code   248  poly.o(i.__kernel_poly)
    __mathlib_dbl_infnan                     0x08002aa1   Thumb Code    20  dunder.o(i.__mathlib_dbl_infnan)
    __mathlib_dbl_overflow                   0x08002ab9   Thumb Code    24  dunder.o(i.__mathlib_dbl_overflow)
    __mathlib_dbl_underflow                  0x08002ad9   Thumb Code    24  dunder.o(i.__mathlib_dbl_underflow)
    _is_digit                                0x08002af9   Thumb Code    14  __printf_wp.o(i._is_digit)
    _get_lc_numeric                          0x08002b09   Thumb Code    44  lc_numeric_c.o(locale$$code)
    _get_lc_ctype                            0x08002b35   Thumb Code    44  lc_ctype_c.o(locale$$code)
    __aeabi_dadd                             0x08002b61   Thumb Code     0  daddsub_clz.o(x$fpl$dadd)
    _dadd                                    0x08002b61   Thumb Code   332  daddsub_clz.o(x$fpl$dadd)
    __fpl_dcmp_Inf                           0x08002cb1   Thumb Code    24  dcmpi.o(x$fpl$dcmpinf)
    __aeabi_ddiv                             0x08002cc9   Thumb Code     0  ddiv.o(x$fpl$ddiv)
    _ddiv                                    0x08002cc9   Thumb Code   552  ddiv.o(x$fpl$ddiv)
    __aeabi_cdcmpeq                          0x08002f79   Thumb Code     0  deqf.o(x$fpl$deqf)
    _dcmpeq                                  0x08002f79   Thumb Code   120  deqf.o(x$fpl$deqf)
    __aeabi_d2iz                             0x08002ff1   Thumb Code     0  dfix.o(x$fpl$dfix)
    _dfix                                    0x08002ff1   Thumb Code    94  dfix.o(x$fpl$dfix)
    __aeabi_i2d                              0x0800304f   Thumb Code     0  dflt_clz.o(x$fpl$dflt)
    _dflt                                    0x0800304f   Thumb Code    46  dflt_clz.o(x$fpl$dflt)
    __aeabi_cdcmpge                          0x0800307d   Thumb Code     0  dgeqf.o(x$fpl$dgeqf)
    _dcmpge                                  0x0800307d   Thumb Code   120  dgeqf.o(x$fpl$dgeqf)
    __aeabi_cdcmple                          0x080030f5   Thumb Code     0  dleqf.o(x$fpl$dleqf)
    _dcmple                                  0x080030f5   Thumb Code   120  dleqf.o(x$fpl$dleqf)
    __fpl_dcmple_InfNaN                      0x08003157   Thumb Code     0  dleqf.o(x$fpl$dleqf)
    __aeabi_dmul                             0x0800316d   Thumb Code     0  dmul.o(x$fpl$dmul)
    _dmul                                    0x0800316d   Thumb Code   332  dmul.o(x$fpl$dmul)
    __fpl_dnaninf                            0x080032c1   Thumb Code   156  dnaninf.o(x$fpl$dnaninf)
    __fpl_dretinf                            0x0800335d   Thumb Code    12  dretinf.o(x$fpl$dretinf)
    __aeabi_cdrcmple                         0x08003369   Thumb Code     0  drleqf.o(x$fpl$drleqf)
    _drcmple                                 0x08003369   Thumb Code   108  drleqf.o(x$fpl$drleqf)
    __aeabi_drsub                            0x080033d5   Thumb Code     0  daddsub_clz.o(x$fpl$drsb)
    _drsb                                    0x080033d5   Thumb Code    22  daddsub_clz.o(x$fpl$drsb)
    __aeabi_dsub                             0x080033ed   Thumb Code     0  daddsub_clz.o(x$fpl$dsub)
    _dsub                                    0x080033ed   Thumb Code   464  daddsub_clz.o(x$fpl$dsub)
    __aeabi_dcmpeq                           0x080035c1   Thumb Code     0  dcmp.o(x$fpl$fcmp)
    _deq                                     0x080035c1   Thumb Code    14  dcmp.o(x$fpl$fcmp)
    _dneq                                    0x080035cf   Thumb Code    14  dcmp.o(x$fpl$fcmp)
    __aeabi_dcmpgt                           0x080035dd   Thumb Code     0  dcmp.o(x$fpl$fcmp)
    _dgr                                     0x080035dd   Thumb Code    14  dcmp.o(x$fpl$fcmp)
    __aeabi_dcmpge                           0x080035eb   Thumb Code     0  dcmp.o(x$fpl$fcmp)
    _dgeq                                    0x080035eb   Thumb Code    14  dcmp.o(x$fpl$fcmp)
    __aeabi_dcmple                           0x080035f9   Thumb Code     0  dcmp.o(x$fpl$fcmp)
    _dleq                                    0x080035f9   Thumb Code    14  dcmp.o(x$fpl$fcmp)
    __aeabi_dcmplt                           0x08003607   Thumb Code     0  dcmp.o(x$fpl$fcmp)
    _dls                                     0x08003607   Thumb Code    14  dcmp.o(x$fpl$fcmp)
    _fp_init                                 0x08003615   Thumb Code    26  fpinit.o(x$fpl$fpinit)
    __fplib_config_fpu_vfp                   0x0800362d   Thumb Code     0  fpinit.o(x$fpl$fpinit)
    __fplib_config_pureend_doubles           0x0800362d   Thumb Code     0  fpinit.o(x$fpl$fpinit)
    _printf_fp_dec                           0x0800362f   Thumb Code     4  printf1.o(x$fpl$printf1)
    _printf_fp_hex                           0x08003633   Thumb Code     4  printf2.o(x$fpl$printf2)
    __I$use$fp                               0x08003636   Number         0  usenofp.o(x$fpl$usenofp)
    Region$$Table$$Base                      0x080037d0   Number         0  anon$$obj.o(Region$$Table)
    Region$$Table$$Limit                     0x080037f0   Number         0  anon$$obj.o(Region$$Table)
    __ctype                                  0x08003819   Data           0  lc_ctype_c.o(locale$$data)
    __stdout                                 0x20000000   Data           4  usart.o(.data.__stdout)
    raw_input                                0x20000008   Data          48  main.o(.data.raw_input)
    raw_output                               0x20000038   Data          24  main.o(.data.raw_output)
    _random_number_data                      0x20000050   Data         228  rand.o(.bss)
    __libspace_start                         0x20000134   Data          96  libspace.o(.bss)
    __temporary_stack_top$libspace           0x20000194   Data           0  libspace.o(.bss)
    a1_eg1                                   0x20000198   Data          24  main.o(.bss.a1_eg1)
    syn0                                     0x200001b0   Data          48  main.o(.bss.syn0)
    syn1                                     0x200001e0   Data          24  main.o(.bss.syn1)
    train_input_eg1                          0x200001f8   Data          16  main.o(.bss.train_input_eg1)
    train_output_eg1                         0x20000208   Data           8  main.o(.bss.train_output_eg1)
    trained_input                            0x20000210   Data          48  main.o(.bss.trained_input)
    trained_output                           0x20000240   Data          24  main.o(.bss.trained_output)
    yhat_eg1                                 0x20000258   Data           8  main.o(.bss.yhat_eg1)
    z1_eg1                                   0x20000260   Data          24  main.o(.bss.z1_eg1)
    z2_eg1                                   0x20000278   Data           8  main.o(.bss.z2_eg1)



==============================================================================

Memory Map of the image

  Image Entry point : 0x08000319

  Load Region LR_1 (Base: 0x08000000, Size: 0x00003970, Max: 0xffffffff, ABSOLUTE)

    Execution Region ER_RO (Exec base: 0x08000000, Load base: 0x08000000, Size: 0x0000391c, Max: 0xffffffff, ABSOLUTE)

    Exec Addr    Load Addr    Size         Type   Attr      Idx    E Section Name        Object

    0x08000000   0x08000000   0x00000188   Data   RO          110    RESET               startup_stm32f407xx.o
    0x08000188   0x08000188   0x00000008   Code   RO          151  * !!!main             c_w.l(__main.o)
    0x08000190   0x08000190   0x00000034   Code   RO          701    !!!scatter          c_w.l(__scatter.o)
    0x080001c4   0x080001c4   0x0000001a   Code   RO          703    !!handler_copy      c_w.l(__scatter_copy.o)
    0x080001de   0x080001de   0x00000002   PAD
    0x080001e0   0x080001e0   0x0000001c   Code   RO          705    !!handler_zi        c_w.l(__scatter_zi.o)
    0x080001fc   0x080001fc   0x00000000   Code   RO          287    .ARM.Collect$$_printf_percent$$00000000  c_w.l(_printf_percent.o)
    0x080001fc   0x080001fc   0x00000006   Code   RO          276    .ARM.Collect$$_printf_percent$$00000001  c_w.l(_printf_n.o)
    0x08000202   0x08000202   0x00000006   Code   RO          278    .ARM.Collect$$_printf_percent$$00000002  c_w.l(_printf_p.o)
    0x08000208   0x08000208   0x00000006   Code   RO          283    .ARM.Collect$$_printf_percent$$00000003  c_w.l(_printf_f.o)
    0x0800020e   0x0800020e   0x00000006   Code   RO          284    .ARM.Collect$$_printf_percent$$00000004  c_w.l(_printf_e.o)
    0x08000214   0x08000214   0x00000006   Code   RO          285    .ARM.Collect$$_printf_percent$$00000005  c_w.l(_printf_g.o)
    0x0800021a   0x0800021a   0x00000006   Code   RO          286    .ARM.Collect$$_printf_percent$$00000006  c_w.l(_printf_a.o)
    0x08000220   0x08000220   0x0000000a   Code   RO          291    .ARM.Collect$$_printf_percent$$00000007  c_w.l(_printf_ll.o)
    0x0800022a   0x0800022a   0x00000006   Code   RO          280    .ARM.Collect$$_printf_percent$$00000008  c_w.l(_printf_i.o)
    0x08000230   0x08000230   0x00000006   Code   RO          281    .ARM.Collect$$_printf_percent$$00000009  c_w.l(_printf_d.o)
    0x08000236   0x08000236   0x00000006   Code   RO          282    .ARM.Collect$$_printf_percent$$0000000A  c_w.l(_printf_u.o)
    0x0800023c   0x0800023c   0x00000006   Code   RO          279    .ARM.Collect$$_printf_percent$$0000000B  c_w.l(_printf_o.o)
    0x08000242   0x08000242   0x00000006   Code   RO          277    .ARM.Collect$$_printf_percent$$0000000C  c_w.l(_printf_x.o)
    0x08000248   0x08000248   0x00000006   Code   RO          288    .ARM.Collect$$_printf_percent$$0000000D  c_w.l(_printf_lli.o)
    0x0800024e   0x0800024e   0x00000006   Code   RO          289    .ARM.Collect$$_printf_percent$$0000000E  c_w.l(_printf_lld.o)
    0x08000254   0x08000254   0x00000006   Code   RO          290    .ARM.Collect$$_printf_percent$$0000000F  c_w.l(_printf_llu.o)
    0x0800025a   0x0800025a   0x00000006   Code   RO          295    .ARM.Collect$$_printf_percent$$00000010  c_w.l(_printf_llo.o)
    0x08000260   0x08000260   0x00000006   Code   RO          296    .ARM.Collect$$_printf_percent$$00000011  c_w.l(_printf_llx.o)
    0x08000266   0x08000266   0x0000000a   Code   RO          292    .ARM.Collect$$_printf_percent$$00000012  c_w.l(_printf_l.o)
    0x08000270   0x08000270   0x00000006   Code   RO          274    .ARM.Collect$$_printf_percent$$00000013  c_w.l(_printf_c.o)
    0x08000276   0x08000276   0x00000006   Code   RO          275    .ARM.Collect$$_printf_percent$$00000014  c_w.l(_printf_s.o)
    0x0800027c   0x0800027c   0x00000006   Code   RO          293    .ARM.Collect$$_printf_percent$$00000015  c_w.l(_printf_lc.o)
    0x08000282   0x08000282   0x00000006   Code   RO          294    .ARM.Collect$$_printf_percent$$00000016  c_w.l(_printf_ls.o)
    0x08000288   0x08000288   0x00000004   Code   RO          465    .ARM.Collect$$_printf_percent$$00000017  c_w.l(_printf_percent_end.o)
    0x0800028c   0x0800028c   0x00000002   Code   RO          560    .ARM.Collect$$libinit$$00000000  c_w.l(libinit.o)
    0x0800028e   0x0800028e   0x00000004   Code   RO          315    .ARM.Collect$$libinit$$00000001  c_w.l(libinit2.o)
    0x08000292   0x08000292   0x00000000   Code   RO          318    .ARM.Collect$$libinit$$00000004  c_w.l(libinit2.o)
    0x08000292   0x08000292   0x00000000   Code   RO          321    .ARM.Collect$$libinit$$0000000A  c_w.l(libinit2.o)
    0x08000292   0x08000292   0x00000000   Code   RO          323    .ARM.Collect$$libinit$$0000000C  c_w.l(libinit2.o)
    0x08000292   0x08000292   0x00000004   Code   RO          324    .ARM.Collect$$libinit$$0000000D  c_w.l(libinit2.o)
    0x08000296   0x08000296   0x00000000   Code   RO          325    .ARM.Collect$$libinit$$0000000E  c_w.l(libinit2.o)
    0x08000296   0x08000296   0x00000006   Code   RO          326    .ARM.Collect$$libinit$$0000000F  c_w.l(libinit2.o)
    0x0800029c   0x0800029c   0x00000000   Code   RO          328    .ARM.Collect$$libinit$$00000011  c_w.l(libinit2.o)
    0x0800029c   0x0800029c   0x0000000c   Code   RO          329    .ARM.Collect$$libinit$$00000012  c_w.l(libinit2.o)
    0x080002a8   0x080002a8   0x00000000   Code   RO          330    .ARM.Collect$$libinit$$00000013  c_w.l(libinit2.o)
    0x080002a8   0x080002a8   0x00000000   Code   RO          332    .ARM.Collect$$libinit$$00000015  c_w.l(libinit2.o)
    0x080002a8   0x080002a8   0x0000000a   Code   RO          333    .ARM.Collect$$libinit$$00000016  c_w.l(libinit2.o)
    0x080002b2   0x080002b2   0x00000000   Code   RO          334    .ARM.Collect$$libinit$$00000017  c_w.l(libinit2.o)
    0x080002b2   0x080002b2   0x00000000   Code   RO          336    .ARM.Collect$$libinit$$00000019  c_w.l(libinit2.o)
    0x080002b2   0x080002b2   0x00000000   Code   RO          338    .ARM.Collect$$libinit$$0000001B  c_w.l(libinit2.o)
    0x080002b2   0x080002b2   0x00000000   Code   RO          340    .ARM.Collect$$libinit$$0000001D  c_w.l(libinit2.o)
    0x080002b2   0x080002b2   0x00000000   Code   RO          342    .ARM.Collect$$libinit$$0000001F  c_w.l(libinit2.o)
    0x080002b2   0x080002b2   0x00000000   Code   RO          344    .ARM.Collect$$libinit$$00000021  c_w.l(libinit2.o)
    0x080002b2   0x080002b2   0x00000000   Code   RO          346    .ARM.Collect$$libinit$$00000023  c_w.l(libinit2.o)
    0x080002b2   0x080002b2   0x00000000   Code   RO          348    .ARM.Collect$$libinit$$00000025  c_w.l(libinit2.o)
    0x080002b2   0x080002b2   0x00000008   Code   RO          350    .ARM.Collect$$libinit$$00000027  c_w.l(libinit2.o)
    0x080002ba   0x080002ba   0x00000000   Code   RO          354    .ARM.Collect$$libinit$$0000002E  c_w.l(libinit2.o)
    0x080002ba   0x080002ba   0x00000000   Code   RO          356    .ARM.Collect$$libinit$$00000030  c_w.l(libinit2.o)
    0x080002ba   0x080002ba   0x00000000   Code   RO          358    .ARM.Collect$$libinit$$00000032  c_w.l(libinit2.o)
    0x080002ba   0x080002ba   0x00000002   Code   RO          359    .ARM.Collect$$libinit$$00000033  c_w.l(libinit2.o)
    0x080002bc   0x080002bc   0x00000002   Code   RO          652    .ARM.Collect$$libshutdown$$00000000  c_w.l(libshutdown.o)
    0x080002be   0x080002be   0x00000000   Code   RO          662    .ARM.Collect$$libshutdown$$00000002  c_w.l(libshutdown2.o)
    0x080002be   0x080002be   0x00000000   Code   RO          664    .ARM.Collect$$libshutdown$$00000004  c_w.l(libshutdown2.o)
    0x080002be   0x080002be   0x00000000   Code   RO          667    .ARM.Collect$$libshutdown$$00000007  c_w.l(libshutdown2.o)
    0x080002be   0x080002be   0x00000000   Code   RO          670    .ARM.Collect$$libshutdown$$0000000A  c_w.l(libshutdown2.o)
    0x080002be   0x080002be   0x00000000   Code   RO          672    .ARM.Collect$$libshutdown$$0000000C  c_w.l(libshutdown2.o)
    0x080002be   0x080002be   0x00000000   Code   RO          675    .ARM.Collect$$libshutdown$$0000000F  c_w.l(libshutdown2.o)
    0x080002be   0x080002be   0x00000002   Code   RO          676    .ARM.Collect$$libshutdown$$00000010  c_w.l(libshutdown2.o)
    0x080002c0   0x080002c0   0x00000000   Code   RO          205    .ARM.Collect$$rtentry$$00000000  c_w.l(__rtentry.o)
    0x080002c0   0x080002c0   0x00000000   Code   RO          429    .ARM.Collect$$rtentry$$00000002  c_w.l(__rtentry2.o)
    0x080002c0   0x080002c0   0x00000006   Code   RO          441    .ARM.Collect$$rtentry$$00000004  c_w.l(__rtentry4.o)
    0x080002c6   0x080002c6   0x00000000   Code   RO          431    .ARM.Collect$$rtentry$$00000009  c_w.l(__rtentry2.o)
    0x080002c6   0x080002c6   0x00000004   Code   RO          432    .ARM.Collect$$rtentry$$0000000A  c_w.l(__rtentry2.o)
    0x080002ca   0x080002ca   0x00000000   Code   RO          434    .ARM.Collect$$rtentry$$0000000C  c_w.l(__rtentry2.o)
    0x080002ca   0x080002ca   0x00000008   Code   RO          435    .ARM.Collect$$rtentry$$0000000D  c_w.l(__rtentry2.o)
    0x080002d2   0x080002d2   0x00000002   Code   RO          583    .ARM.Collect$$rtexit$$00000000  c_w.l(rtexit.o)
    0x080002d4   0x080002d4   0x00000000   Code   RO          612    .ARM.Collect$$rtexit$$00000002  c_w.l(rtexit2.o)
    0x080002d4   0x080002d4   0x00000004   Code   RO          613    .ARM.Collect$$rtexit$$00000003  c_w.l(rtexit2.o)
    0x080002d8   0x080002d8   0x00000006   Code   RO          614    .ARM.Collect$$rtexit$$00000004  c_w.l(rtexit2.o)
    0x080002de   0x080002de   0x00000002   PAD
    0x080002e0   0x080002e0   0x00000034   Code   RO          144    .emb_text           c_w.l(rand.o)
    0x08000314   0x08000314   0x00000004   Code   RO          484    .emb_text           c_w.l(argv_veneer.o)
    0x08000318   0x08000318   0x00000040   Code   RO          111  * .text               startup_stm32f407xx.o
    0x08000358   0x08000358   0x00000018   Code   RO          136    .text               c_w.l(printf.o)
    0x08000370   0x08000370   0x0000003c   Code   RO          145    .text               c_w.l(rand.o)
    0x080003ac   0x080003ac   0x00000006   Code   RO          149    .text               c_w.l(heapauxi.o)
    0x080003b2   0x080003b2   0x00000016   Code   RO          206    .text               c_w.l(_rserrno.o)
    0x080003c8   0x080003c8   0x0000004e   Code   RO          210    .text               c_w.l(_printf_pad.o)
    0x08000416   0x08000416   0x00000024   Code   RO          212    .text               c_w.l(_printf_truncate.o)
    0x0800043a   0x0800043a   0x00000052   Code   RO          214    .text               c_w.l(_printf_str.o)
    0x0800048c   0x0800048c   0x00000078   Code   RO          216    .text               c_w.l(_printf_dec.o)
    0x08000504   0x08000504   0x00000028   Code   RO          218    .text               c_w.l(_printf_charcount.o)
    0x0800052c   0x0800052c   0x00000024   Code   RO          220    .text               c_w.l(_printf_char_file.o)
    0x08000550   0x08000550   0x000000bc   Code   RO          222    .text               c_w.l(_printf_wctomb.o)
    0x0800060c   0x0800060c   0x0000007c   Code   RO          225    .text               c_w.l(_printf_longlong_dec.o)
    0x08000688   0x08000688   0x00000070   Code   RO          231    .text               c_w.l(_printf_oct_int_ll.o)
    0x080006f8   0x080006f8   0x00000094   Code   RO          251    .text               c_w.l(_printf_hex_int_ll_ptr.o)
    0x0800078c   0x0800078c   0x00000188   Code   RO          271    .text               c_w.l(__printf_flags_ss_wp.o)
    0x08000914   0x08000914   0x00000008   Code   RO          311    .text               c_w.l(ferror.o)
    0x0800091c   0x0800091c   0x00000008   Code   RO          446    .text               c_w.l(rt_errno_addr_intlibspace.o)
    0x08000924   0x08000924   0x0000008a   Code   RO          448    .text               c_w.l(lludiv10.o)
    0x080009ae   0x080009ae   0x000000b2   Code   RO          450    .text               c_w.l(_printf_intcommon.o)
    0x08000a60   0x08000a60   0x0000041c   Code   RO          452    .text               c_w.l(_printf_fp_dec.o)
    0x08000e7c   0x08000e7c   0x000002fc   Code   RO          456    .text               c_w.l(_printf_fp_hex.o)
    0x08001178   0x08001178   0x00000030   Code   RO          459    .text               c_w.l(_printf_char_common.o)
    0x080011a8   0x080011a8   0x0000002c   Code   RO          461    .text               c_w.l(_printf_char.o)
    0x080011d4   0x080011d4   0x0000002c   Code   RO          463    .text               c_w.l(_printf_wchar.o)
    0x08001200   0x08001200   0x00000048   Code   RO          482    .text               c_w.l(_c16rtomb.o)
    0x08001248   0x08001248   0x00000008   Code   RO          490    .text               c_w.l(libspace.o)
    0x08001250   0x08001250   0x0000004a   Code   RO          493    .text               c_w.l(sys_stackheap_outer.o)
    0x0800129a   0x0800129a   0x00000002   PAD
    0x0800129c   0x0800129c   0x00000010   Code   RO          495    .text               c_w.l(rt_ctype_table.o)
    0x080012ac   0x080012ac   0x00000008   Code   RO          500    .text               c_w.l(rt_locale_intlibspace.o)
    0x080012b4   0x080012b4   0x00000080   Code   RO          506    .text               c_w.l(_printf_fp_infnan.o)
    0x08001334   0x08001334   0x000000e4   Code   RO          512    .text               c_w.l(bigflt0.o)
    0x08001418   0x08001418   0x00000012   Code   RO          547    .text               c_w.l(exit.o)
    0x0800142a   0x0800142a   0x0000012e   Code   RO          556    .text               c_w.l(_get_argv_nomalloc.o)
    0x08001558   0x08001558   0x00000018   Code   RO          579    .text               c_w.l(sys_command.o)
    0x08001570   0x08001570   0x00000004   Code   RO          585    .text               c_w.l(hrguard.o)
    0x08001574   0x08001574   0x0000000e   Code   RO          596    .text               c_w.l(defsig_rtmem_outer.o)
    0x08001582   0x08001582   0x00000006   PAD
    0x08001588   0x08001588   0x0000007c   Code   RO          600    .text               c_w.l(strcmpv7em.o)
    0x08001604   0x08001604   0x00000002   Code   RO          608    .text               c_w.l(use_no_semi.o)
    0x08001606   0x08001606   0x00000000   Code   RO          610    .text               c_w.l(indicate_semi.o)
    0x08001606   0x08001606   0x0000000a   Code   RO          622    .text               c_w.l(defsig_exit.o)
    0x08001610   0x08001610   0x00000050   Code   RO          624    .text               c_w.l(defsig_rtmem_inner.o)
    0x08001660   0x08001660   0x0000000c   Code   RO          642    .text               c_w.l(sys_exit.o)
    0x0800166c   0x0800166c   0x00000032   Code   RO          648    .text               c_w.l(defsig_general.o)
    0x0800169e   0x0800169e   0x0000000e   Code   RO          655    .text               c_w.l(sys_wrch.o)
    0x080016ac   0x080016ac   0x00000012   Code   RO          118    .text.SystemInit    system_stm32f4xx.o
    0x080016be   0x080016be   0x00000002   PAD
    0x080016c0   0x080016c0   0x0000001e   Code   RO           91    .text.compute_uart_bd  usart.o
    0x080016de   0x080016de   0x00000002   PAD
    0x080016e0   0x080016e0   0x0000001c   Code   RO           87    .text.fputc         usart.o
    0x080016fc   0x080016fc   0x00000004   PAD
    0x08001700   0x08001700   0x00000170   Code   RO            2    .text.main          main.o
    0x08001870   0x08001870   0x000000be   Code   RO           37    .text.matrix_vector_multiple  sin_in_sin_out.o
    0x0800192e   0x0800192e   0x00000002   PAD
    0x08001930   0x08001930   0x00000042   Code   RO           39    .text.multi_in_multi_out  sin_in_sin_out.o
    0x08001972   0x08001972   0x00000002   PAD
    0x08001974   0x08001974   0x00000038   Code   RO           31    .text.multi_in_sig_out  sin_in_sin_out.o
    0x080019ac   0x080019ac   0x00000134   Code   RO           57    .text.normalization_matrix  sin_in_sin_out.o
    0x08001ae0   0x08001ae0   0x000000c8   Code   RO           51    .text.random_weight_gen_matrix  sin_in_sin_out.o
    0x08001ba8   0x08001ba8   0x00000098   Code   RO           59    .text.random_weight_gen_vector  sin_in_sin_out.o
    0x08001c40   0x08001c40   0x00000070   Code   RO           53    .text.sigmoid       sin_in_sin_out.o
    0x08001cb0   0x08001cb0   0x0000002a   Code   RO           75    .text.uart_set_bd   usart.o
    0x08001cda   0x08001cda   0x00000002   PAD
    0x08001cdc   0x08001cdc   0x00000092   Code   RO           73    .text.uart_tx_init  usart.o
    0x08001d6e   0x08001d6e   0x00000002   PAD
    0x08001d70   0x08001d70   0x00000030   Code   RO           79    .text.uart_write    usart.o
    0x08001da0   0x08001da0   0x00000058   Code   RO           55    .text.vector_sigmoid  sin_in_sin_out.o
    0x08001df8   0x08001df8   0x00000092   Code   RO           29    .text.weighted_sum  sin_in_sin_out.o
    0x08001e8a   0x08001e8a   0x0000003e   Code   RO          515    CL$$btod_d2e        c_w.l(btod.o)
    0x08001ec8   0x08001ec8   0x00000046   Code   RO          517    CL$$btod_d2e_denorm_low  c_w.l(btod.o)
    0x08001f0e   0x08001f0e   0x00000060   Code   RO          516    CL$$btod_d2e_norm_op1  c_w.l(btod.o)
    0x08001f6e   0x08001f6e   0x00000338   Code   RO          525    CL$$btod_div_common  c_w.l(btod.o)
    0x080022a6   0x080022a6   0x000000dc   Code   RO          522    CL$$btod_e2e        c_w.l(btod.o)
    0x08002382   0x08002382   0x0000002a   Code   RO          519    CL$$btod_ediv       c_w.l(btod.o)
    0x080023ac   0x080023ac   0x0000002a   Code   RO          518    CL$$btod_emul       c_w.l(btod.o)
    0x080023d6   0x080023d6   0x00000244   Code   RO          524    CL$$btod_mult_common  c_w.l(btod.o)
    0x0800261a   0x0800261a   0x00000030   Code   RO          407    i.__ARM_fpclassify  m_wm.l(fpclassify.o)
    0x0800264a   0x0800264a   0x00000006   PAD
    0x08002650   0x08002650   0x00000358   Code   RO          177    i.__hardfp_exp      m_wm.l(exp.o)
    0x080029a8   0x080029a8   0x000000f8   Code   RO          425    i.__kernel_poly     m_wm.l(poly.o)
    0x08002aa0   0x08002aa0   0x00000014   Code   RO          394    i.__mathlib_dbl_infnan  m_wm.l(dunder.o)
    0x08002ab4   0x08002ab4   0x00000004   PAD
    0x08002ab8   0x08002ab8   0x00000020   Code   RO          397    i.__mathlib_dbl_overflow  m_wm.l(dunder.o)
    0x08002ad8   0x08002ad8   0x00000020   Code   RO          399    i.__mathlib_dbl_underflow  m_wm.l(dunder.o)
    0x08002af8   0x08002af8   0x0000000e   Code   RO          264    i._is_digit         c_w.l(__printf_wp.o)
    0x08002b06   0x08002b06   0x00000002   PAD
    0x08002b08   0x08002b08   0x0000002c   Code   RO          545    locale$$code        c_w.l(lc_numeric_c.o)
    0x08002b34   0x08002b34   0x0000002c   Code   RO          594    locale$$code        c_w.l(lc_ctype_c.o)
    0x08002b60   0x08002b60   0x00000150   Code   RO          155    x$fpl$dadd          fz_wm.l(daddsub_clz.o)
    0x08002cb0   0x08002cb0   0x00000018   Code   RO          486    x$fpl$dcmpinf       fz_wm.l(dcmpi.o)
    0x08002cc8   0x08002cc8   0x000002b0   Code   RO          164    x$fpl$ddiv          fz_wm.l(ddiv.o)
    0x08002f78   0x08002f78   0x00000078   Code   RO          360    x$fpl$deqf          fz_wm.l(deqf.o)
    0x08002ff0   0x08002ff0   0x0000005e   Code   RO          362    x$fpl$dfix          fz_wm.l(dfix.o)
    0x0800304e   0x0800304e   0x0000002e   Code   RO          168    x$fpl$dflt          fz_wm.l(dflt_clz.o)
    0x0800307c   0x0800307c   0x00000078   Code   RO          366    x$fpl$dgeqf         fz_wm.l(dgeqf.o)
    0x080030f4   0x080030f4   0x00000078   Code   RO          368    x$fpl$dleqf         fz_wm.l(dleqf.o)
    0x0800316c   0x0800316c   0x00000154   Code   RO          173    x$fpl$dmul          fz_wm.l(dmul.o)
    0x080032c0   0x080032c0   0x0000009c   Code   RO          370    x$fpl$dnaninf       fz_wm.l(dnaninf.o)
    0x0800335c   0x0800335c   0x0000000c   Code   RO          372    x$fpl$dretinf       fz_wm.l(dretinf.o)
    0x08003368   0x08003368   0x0000006c   Code   RO          374    x$fpl$drleqf        fz_wm.l(drleqf.o)
    0x080033d4   0x080033d4   0x00000016   Code   RO          156    x$fpl$drsb          fz_wm.l(daddsub_clz.o)
    0x080033ea   0x080033ea   0x00000002   PAD
    0x080033ec   0x080033ec   0x000001d4   Code   RO          157    x$fpl$dsub          fz_wm.l(daddsub_clz.o)
    0x080035c0   0x080035c0   0x00000054   Code   RO          161    x$fpl$fcmp          fz_wm.l(dcmp.o)
    0x08003614   0x08003614   0x0000001a   Code   RO          488    x$fpl$fpinit        fz_wm.l(fpinit.o)
    0x0800362e   0x0800362e   0x00000004   Code   RO          382    x$fpl$printf1       fz_wm.l(printf1.o)
    0x08003632   0x08003632   0x00000004   Code   RO          384    x$fpl$printf2       fz_wm.l(printf2.o)
    0x08003636   0x08003636   0x00000000   Code   RO          392    x$fpl$usenofp       fz_wm.l(usenofp.o)
    0x08003636   0x08003636   0x00000002   PAD
    0x08003638   0x08003638   0x00000058   Data   RO          180    .constdata          m_wm.l(exp.o)
    0x08003690   0x08003690   0x00000008   Data   RO          223    .constdata          c_w.l(_printf_wctomb.o)
    0x08003698   0x08003698   0x00000028   Data   RO          252    .constdata          c_w.l(_printf_hex_int_ll_ptr.o)
    0x080036c0   0x080036c0   0x00000011   Data   RO          272    .constdata          c_w.l(__printf_flags_ss_wp.o)
    0x080036d1   0x080036d1   0x00000026   Data   RO          457    .constdata          c_w.l(_printf_fp_hex.o)
    0x080036f7   0x080036f7   0x00000001   PAD
    0x080036f8   0x080036f8   0x00000094   Data   RO          513    .constdata          c_w.l(bigflt0.o)
    0x0800378c   0x0800378c   0x00000041   Data   RO           10    .rodata.str1.1      main.o
    0x080037cd   0x080037cd   0x00000003   PAD
    0x080037d0   0x080037d0   0x00000020   Data   RO          699    Region$$Table       anon$$obj.o
    0x080037f0   0x080037f0   0x0000001c   Data   RO          544    locale$$data        c_w.l(lc_numeric_c.o)
    0x0800380c   0x0800380c   0x00000110   Data   RO          593    locale$$data        c_w.l(lc_ctype_c.o)


    Execution Region ER_RW (Exec base: 0x20000000, Load base: 0x08003920, Size: 0x00000050, Max: 0xffffffff, ABSOLUTE)

    Exec Addr    Load Addr    Size         Type   Attr      Idx    E Section Name        Object

    0x20000000   0x08003920   0x00000004   Data   RW           94    .data.__stdout      usart.o
    0x20000004   0x08003924   0x00000004   PAD
    0x20000008   0x08003928   0x00000030   Data   RW            4    .data.raw_input     main.o
    0x20000038   0x08003958   0x00000018   Data   RW            5    .data.raw_output    main.o


    Execution Region ER_ZI (Exec base: 0x20000050, Load base: 0x08003970, Size: 0x00000830, Max: 0xffffffff, ABSOLUTE)

    Exec Addr    Load Addr    Size         Type   Attr      Idx    E Section Name        Object

    0x20000050        -       0x000000e4   Zero   RW          146    .bss                c_w.l(rand.o)
    0x20000134        -       0x00000060   Zero   RW          491    .bss                c_w.l(libspace.o)
    0x20000194   0x08003970   0x00000004   PAD
    0x20000198        -       0x00000018   Zero   RW           14    .bss.a1_eg1         main.o
    0x200001b0        -       0x00000030   Zero   RW           11    .bss.syn0           main.o
    0x200001e0        -       0x00000018   Zero   RW           12    .bss.syn1           main.o
    0x200001f8        -       0x00000010   Zero   RW            8    .bss.train_input_eg1  main.o
    0x20000208        -       0x00000008   Zero   RW            9    .bss.train_output_eg1  main.o
    0x20000210        -       0x00000030   Zero   RW            6    .bss.trained_input  main.o
    0x20000240        -       0x00000018   Zero   RW            7    .bss.trained_output  main.o
    0x20000258        -       0x00000008   Zero   RW           16    .bss.yhat_eg1       main.o
    0x20000260        -       0x00000018   Zero   RW           13    .bss.z1_eg1         main.o
    0x20000278        -       0x00000008   Zero   RW           15    .bss.z2_eg1         main.o
    0x20000280        -       0x00000200   Zero   RW          109    HEAP                startup_stm32f407xx.o
    0x20000480        -       0x00000400   Zero   RW          108    STACK               startup_stm32f407xx.o


==============================================================================

Image component sizes


      Code (inc. data)   RO Data    RW Data    ZI Data      Debug   Object Name

       368          8         65         72        232       1168   main.o
      1318         32          0          0          0       5729   sin_in_sin_out.o
        64         26        392          0       1536        872   startup_stm32f407xx.o
        18          0          0          0          0       2780   system_stm32f4xx.o
       294          0          0          4          0       3788   usart.o

    ----------------------------------------------------------------------
      2078         66        492         80       1768      14337   Object Totals
         0          0         32          0          0          0   (incl. Generated)
        16          0          3          4          0          0   (incl. Padding)

    ----------------------------------------------------------------------

      Code (inc. data)   RO Data    RW Data    ZI Data      Debug   Library Member Name

         8          0          0          0          0         68   __main.o
       392          4         17          0          0         92   __printf_flags_ss_wp.o
        14          0          0          0          0         68   __printf_wp.o
         0          0          0          0          0          0   __rtentry.o
        12          0          0          0          0          0   __rtentry2.o
         6          0          0          0          0          0   __rtentry4.o
        52          8          0          0          0          0   __scatter.o
        26          0          0          0          0          0   __scatter_copy.o
        28          0          0          0          0          0   __scatter_zi.o
        72          0          0          0          0         96   _c16rtomb.o
       302          0          0          0          0        168   _get_argv_nomalloc.o
         6          0          0          0          0          0   _printf_a.o
         6          0          0          0          0          0   _printf_c.o
        44          0          0          0          0        108   _printf_char.o
        48          6          0          0          0         96   _printf_char_common.o
        36          4          0          0          0         80   _printf_char_file.o
        40          0          0          0          0         68   _printf_charcount.o
         6          0          0          0          0          0   _printf_d.o
       120         16          0          0          0         92   _printf_dec.o
         6          0          0          0          0          0   _printf_e.o
         6          0          0          0          0          0   _printf_f.o
      1052          0          0          0          0        148   _printf_fp_dec.o
       764          8         38          0          0        100   _printf_fp_hex.o
       128         16          0          0          0         84   _printf_fp_infnan.o
         6          0          0          0          0          0   _printf_g.o
       148          4         40          0          0        160   _printf_hex_int_ll_ptr.o
         6          0          0          0          0          0   _printf_i.o
       178          0          0          0          0         88   _printf_intcommon.o
        10          0          0          0          0          0   _printf_l.o
         6          0          0          0          0          0   _printf_lc.o
        10          0          0          0          0          0   _printf_ll.o
         6          0          0          0          0          0   _printf_lld.o
         6          0          0          0          0          0   _printf_lli.o
         6          0          0          0          0          0   _printf_llo.o
         6          0          0          0          0          0   _printf_llu.o
         6          0          0          0          0          0   _printf_llx.o
       124         16          0          0          0         92   _printf_longlong_dec.o
         6          0          0          0          0          0   _printf_ls.o
         6          0          0          0          0          0   _printf_n.o
         6          0          0          0          0          0   _printf_o.o
       112          8          0          0          0        124   _printf_oct_int_ll.o
         6          0          0          0          0          0   _printf_p.o
        78          0          0          0          0        108   _printf_pad.o
         0          0          0          0          0          0   _printf_percent.o
         4          0          0          0          0          0   _printf_percent_end.o
         6          0          0          0          0          0   _printf_s.o
        82          0          0          0          0         80   _printf_str.o
        36          0          0          0          0         84   _printf_truncate.o
         6          0          0          0          0          0   _printf_u.o
        44          0          0          0          0        108   _printf_wchar.o
       188          6          8          0          0         92   _printf_wctomb.o
         6          0          0          0          0          0   _printf_x.o
        22          0          0          0          0        100   _rserrno.o
         4          0          0          0          0         68   argv_veneer.o
       228          4        148          0          0         96   bigflt0.o
      1936        128          0          0          0        672   btod.o
        10          0          0          0          0         68   defsig_exit.o
        50          0          0          0          0         88   defsig_general.o
        80         58          0          0          0         76   defsig_rtmem_inner.o
        14          0          0          0          0         80   defsig_rtmem_outer.o
        18          0          0          0          0         80   exit.o
         8          0          0          0          0         68   ferror.o
         6          0          0          0          0        152   heapauxi.o
         4          0          0          0          0        136   hrguard.o
         0          0          0          0          0          0   indicate_semi.o
        44         10        272          0          0         76   lc_ctype_c.o
        44         10         28          0          0         76   lc_numeric_c.o
         2          0          0          0          0          0   libinit.o
        46          0          0          0          0          0   libinit2.o
         2          0          0          0          0          0   libshutdown.o
         2          0          0          0          0          0   libshutdown2.o
         8          4          0          0         96         68   libspace.o
       138          0          0          0          0         80   lludiv10.o
        24          4          0          0          0         84   printf.o
       112         18          0          0        228        160   rand.o
        16          4          0          0          0         76   rt_ctype_table.o
         8          4          0          0          0         68   rt_errno_addr_intlibspace.o
         8          4          0          0          0         68   rt_locale_intlibspace.o
         2          0          0          0          0          0   rtexit.o
        10          0          0          0          0          0   rtexit2.o
       124          0          0          0          0         88   strcmpv7em.o
        24          0          0          0          0         76   sys_command.o
        12          4          0          0          0         68   sys_exit.o
        74          0          0          0          0         80   sys_stackheap_outer.o
        14          0          0          0          0         76   sys_wrch.o
         2          0          0          0          0         68   use_no_semi.o
       826         16          0          0          0        500   daddsub_clz.o
        84          0          0          0          0        244   dcmp.o
        24          0          0          0          0        116   dcmpi.o
       688        140          0          0          0        264   ddiv.o
       120          4          0          0          0        140   deqf.o
        94          4          0          0          0        140   dfix.o
        46          0          0          0          0        116   dflt_clz.o
       120          4          0          0          0        140   dgeqf.o
       120          4          0          0          0        140   dleqf.o
       340         12          0          0          0        152   dmul.o
       156          4          0          0          0        140   dnaninf.o
        12          0          0          0          0        116   dretinf.o
       108          0          0          0          0        128   drleqf.o
        26          0          0          0          0        116   fpinit.o
         4          0          0          0          0        116   printf1.o
         4          0          0          0          0        116   printf2.o
         0          0          0          0          0          0   usenofp.o
        84         16          0          0          0        372   dunder.o
       856        142         88          0          0        288   exp.o
        48          0          0          0          0        124   fpclassify.o
       248          0          0          0          0        152   poly.o

    ----------------------------------------------------------------------
     11410        694        640          0        328       8720   Library Totals
        28          0          1          0          4          0   (incl. Padding)

    ----------------------------------------------------------------------

      Code (inc. data)   RO Data    RW Data    ZI Data      Debug   Library Name

      7374        348        551          0        324       5100   c_w.l
      2772        188          0          0          0       2684   fz_wm.l
      1236        158         88          0          0        936   m_wm.l

    ----------------------------------------------------------------------
     11410        694        640          0        328       8720   Library Totals

    ----------------------------------------------------------------------

==============================================================================


      Code (inc. data)   RO Data    RW Data    ZI Data      Debug   

     13488        760       1132         80       2096      18001   Grand Totals
     13488        760       1132         80       2096      18001   ELF Image Totals
     13488        760       1132         80          0          0   ROM Totals

==============================================================================

    Total RO  Size (Code + RO Data)                14620 (  14.28kB)
    Total RW  Size (RW Data + ZI Data)              2176 (   2.13kB)
    Total ROM Size (Code + RO Data + RW Data)      14700 (  14.36kB)

==============================================================================

