Component: Arm Compiler for Embedded 6.19 Tool: armlink [5e73cb00]

==============================================================================

Section Cross References

    main.o(.text.main) refers to usart.o(.text.uart_tx_init) for uart_tx_init
    main.o(.text.main) refers to main.o(.bss.predicted_output) for predicted_output
    main.o(.text.main) refers to main.o(.data.hid_to_out_weight) for hid_to_out_weight
    main.o(.text.main) refers to main.o(.data.input) for input
    main.o(.text.main) refers to main.o(.data.in_to_hid_weights) for in_to_hid_weights
    main.o(.text.main) refers to sin_in_sin_out.o(.text.hid_nn) for hid_nn
    main.o(.text.main) refers to main.o(.rodata.str1.1) for .L.str
    main.o(.text.main) refers to printf.o(.text) for printf
    main.o(.text.main) refers to main.o(.data.expected_value) for expected_value
    main.o(.text.main) refers to sin_in_sin_out.o(.text.find_err) for find_err
    main.o(.ARM.exidx.text.main) refers to main.o(.text.main) for [Anonymous Symbol]
    sin_in_sin_out.o(.text.sig_in_sig_out_nn) refers to dmul.o(x$fpl$dmul) for __aeabi_dmul
    sin_in_sin_out.o(.ARM.exidx.text.sig_in_sig_out_nn) refers to sin_in_sin_out.o(.text.sig_in_sig_out_nn) for [Anonymous Symbol]
    sin_in_sin_out.o(.text.weighted_sum) refers to dflt_clz.o(x$fpl$dflt) for __aeabi_i2d
    sin_in_sin_out.o(.text.weighted_sum) refers to dcmp.o(x$fpl$fcmp) for __aeabi_dcmpge
    sin_in_sin_out.o(.text.weighted_sum) refers to dmul.o(x$fpl$dmul) for __aeabi_dmul
    sin_in_sin_out.o(.text.weighted_sum) refers to daddsub_clz.o(x$fpl$dadd) for __aeabi_dadd
    sin_in_sin_out.o(.ARM.exidx.text.weighted_sum) refers to sin_in_sin_out.o(.text.weighted_sum) for [Anonymous Symbol]
    sin_in_sin_out.o(.text.multi_in_sig_out) refers to sin_in_sin_out.o(.text.weighted_sum) for weighted_sum
    sin_in_sin_out.o(.ARM.exidx.text.multi_in_sig_out) refers to sin_in_sin_out.o(.text.multi_in_sig_out) for [Anonymous Symbol]
    sin_in_sin_out.o(.text.element_mult) refers to dflt_clz.o(x$fpl$dflt) for __aeabi_i2d
    sin_in_sin_out.o(.text.element_mult) refers to dcmp.o(x$fpl$fcmp) for __aeabi_dcmpge
    sin_in_sin_out.o(.text.element_mult) refers to dmul.o(x$fpl$dmul) for __aeabi_dmul
    sin_in_sin_out.o(.ARM.exidx.text.element_mult) refers to sin_in_sin_out.o(.text.element_mult) for [Anonymous Symbol]
    sin_in_sin_out.o(.text.sin_in_mult_out) refers to sin_in_sin_out.o(.text.element_mult) for element_mult
    sin_in_sin_out.o(.ARM.exidx.text.sin_in_mult_out) refers to sin_in_sin_out.o(.text.sin_in_mult_out) for [Anonymous Symbol]
    sin_in_sin_out.o(.text.matrix_vector_multiple) refers to dmul.o(x$fpl$dmul) for __aeabi_dmul
    sin_in_sin_out.o(.text.matrix_vector_multiple) refers to daddsub_clz.o(x$fpl$dadd) for __aeabi_dadd
    sin_in_sin_out.o(.ARM.exidx.text.matrix_vector_multiple) refers to sin_in_sin_out.o(.text.matrix_vector_multiple) for [Anonymous Symbol]
    sin_in_sin_out.o(.text.multi_in_multi_out) refers to sin_in_sin_out.o(.text.matrix_vector_multiple) for matrix_vector_multiple
    sin_in_sin_out.o(.ARM.exidx.text.multi_in_multi_out) refers to sin_in_sin_out.o(.text.multi_in_multi_out) for [Anonymous Symbol]
    sin_in_sin_out.o(.text.hid_nn) refers to sin_in_sin_out.o(.text.multi_in_multi_out) for multi_in_multi_out
    sin_in_sin_out.o(.ARM.exidx.text.hid_nn) refers to sin_in_sin_out.o(.text.hid_nn) for [Anonymous Symbol]
    sin_in_sin_out.o(.text.find_err) refers to daddsub_clz.o(x$fpl$dsub) for __aeabi_dsub
    sin_in_sin_out.o(.text.find_err) refers to d2f.o(x$fpl$d2f) for __aeabi_d2f
    sin_in_sin_out.o(.text.find_err) refers to powf.o(i.__hardfp_powf) for __hardfp_powf
    sin_in_sin_out.o(.text.find_err) refers to f2d.o(x$fpl$f2d) for __aeabi_f2d
    sin_in_sin_out.o(.ARM.exidx.text.find_err) refers to sin_in_sin_out.o(.text.find_err) for [Anonymous Symbol]
    sin_in_sin_out.o(.text.find_error) refers to dmul.o(x$fpl$dmul) for __aeabi_dmul
    sin_in_sin_out.o(.text.find_error) refers to daddsub_clz.o(x$fpl$dsub) for __aeabi_dsub
    sin_in_sin_out.o(.text.find_error) refers to d2f.o(x$fpl$d2f) for __aeabi_d2f
    sin_in_sin_out.o(.text.find_error) refers to powf.o(i.__hardfp_powf) for __hardfp_powf
    sin_in_sin_out.o(.text.find_error) refers to f2d.o(x$fpl$f2d) for __aeabi_f2d
    sin_in_sin_out.o(.ARM.exidx.text.find_error) refers to sin_in_sin_out.o(.text.find_error) for [Anonymous Symbol]
    usart.o(.text.uart_tx_init) refers to usart.o(.text.uart_set_bd) for uart_set_bd
    usart.o(.ARM.exidx.text.uart_tx_init) refers to usart.o(.text.uart_tx_init) for [Anonymous Symbol]
    usart.o(.text.uart_set_bd) refers to usart.o(.text.compute_uart_bd) for compute_uart_bd
    usart.o(.ARM.exidx.text.uart_set_bd) refers to usart.o(.text.uart_set_bd) for [Anonymous Symbol]
    usart.o(.ARM.exidx.text.uart_read) refers to usart.o(.text.uart_read) for [Anonymous Symbol]
    usart.o(.ARM.exidx.text.uart_write) refers to usart.o(.text.uart_write) for [Anonymous Symbol]
[...]
    ../clib/signal.c                         0x00000000   Number         0  defsig_pvfn_inner.o ABSOLUTE
    ../clib/signal.c                         0x00000000   Number         0  defsig_cppl_inner.o ABSOLUTE
    ../clib/signal.c                         0x00000000   Number         0  defsig_segv_inner.o ABSOLUTE
    ../clib/signal.c                         0x00000000   Number         0  defsig_other.o ABSOLUTE
    ../clib/signal.s                         0x00000000   Number         0  defsig.o ABSOLUTE
    ../clib/stdio.c                          0x00000000   Number         0  gets.o ABSOLUTE
    ../clib/stdio.c                          0x00000000   Number         0  puts.o ABSOLUTE
    ../clib/stdio.c                          0x00000000   Number         0  ferror.o ABSOLUTE
    ../clib/stdio.c                          0x00000000   Number         0  ferror_locked.o ABSOLUTE
    ../clib/stdio.c                          0x00000000   Number         0  backspace.o ABSOLUTE
    ../clib/stdio.c                          0x00000000   Number         0  backspace_locked.o ABSOLUTE
    ../clib/stdio.c                          0x00000000   Number         0  ungetc.o ABSOLUTE
    ../clib/stdlib.c                         0x00000000   Number         0  exit.o ABSOLUTE
    ../clib/string.c                         0x00000000   Number         0  strlen.o ABSOLUTE
    ../fplib/d2f.s                           0x00000000   Number         0  d2f.o ABSOLUTE
    ../fplib/daddsub.s                       0x00000000   Number         0  daddsub_clz.o ABSOLUTE
    ../fplib/dcheck1.s                       0x00000000   Number         0  dcheck1.o ABSOLUTE
    ../fplib/dcmp.s                          0x00000000   Number         0  dcmp.o ABSOLUTE
    ../fplib/dcmpi.s                         0x00000000   Number         0  dcmpi.o ABSOLUTE
    ../fplib/ddiv.s                          0x00000000   Number         0  ddiv.o ABSOLUTE
    ../fplib/deqf.s                          0x00000000   Number         0  deqf.o ABSOLUTE
    ../fplib/dflt.s                          0x00000000   Number         0  dflt_clz.o ABSOLUTE
    ../fplib/dgeqf.s                         0x00000000   Number         0  dgeqf.o ABSOLUTE
    ../fplib/dleqf.s                         0x00000000   Number         0  dleqf.o ABSOLUTE
    ../fplib/dmul.s                          0x00000000   Number         0  dmul.o ABSOLUTE
    ../fplib/dnaninf.s                       0x00000000   Number         0  dnaninf.o ABSOLUTE
    ../fplib/dretinf.s                       0x00000000   Number         0  dretinf.o ABSOLUTE
    ../fplib/drleqf.s                        0x00000000   Number         0  drleqf.o ABSOLUTE
    ../fplib/f2d.s                           0x00000000   Number         0  f2d.o ABSOLUTE
    ../fplib/fnaninf.s                       0x00000000   Number         0  fnaninf.o ABSOLUTE
    ../fplib/fpconst.s                       0x00000000   Number         0  fpconst.o ABSOLUTE
    ../fplib/fpinit.s                        0x00000000   Number         0  fpinit.o ABSOLUTE
    ../fplib/fretinf.s                       0x00000000   Number         0  fretinf.o ABSOLUTE
    ../fplib/istatus.s                       0x00000000   Number         0  istatus.o ABSOLUTE
    ../fplib/printf1.s                       0x00000000   Number         0  printf1.o ABSOLUTE
    ../fplib/printf2.s                       0x00000000   Number         0  printf2.o ABSOLUTE
    ../fplib/printf2a.s                      0x00000000   Number         0  printf2a.o ABSOLUTE
    ../fplib/printf2b.s                      0x00000000   Number         0  printf2b.o ABSOLUTE
    ../fplib/retnan.s                        0x00000000   Number         0  retnan.o ABSOLUTE
    ../fplib/scalbn.s                        0x00000000   Number         0  scalbn.o ABSOLUTE
    ../fplib/scanf1.s                        0x00000000   Number         0  scanf1.o ABSOLUTE
    ../fplib/scanf2.s                        0x00000000   Number         0  scanf2.o ABSOLUTE
    ../fplib/scanf2a.s                       0x00000000   Number         0  scanf2a.o ABSOLUTE
    ../fplib/scanf2b.s                       0x00000000   Number         0  scanf2b.o ABSOLUTE
    ../fplib/trapv.s                         0x00000000   Number         0  trapv.o ABSOLUTE
    ../fplib/usenofp.s                       0x00000000   Number         0  usenofp.o ABSOLUTE
    ../mathlib/dunder.c                      0x00000000   Number         0  dunder.o ABSOLUTE
    ../mathlib/fpclassify.c                  0x00000000   Number         0  fpclassify.o ABSOLUTE
    ../mathlib/fpclassifyf.c                 0x00000000   Number         0  fpclassifyf.o ABSOLUTE
    ../mathlib/frexp.c                       0x00000000   Number         0  frexp.o ABSOLUTE
    ../mathlib/funder.c                      0x00000000   Number         0  funder.o ABSOLUTE
    ../mathlib/ldexp.c                       0x00000000   Number         0  ldexp.o ABSOLUTE
    ../mathlib/narrow.c                      0x00000000   Number         0  narrow.o ABSOLUTE
    ../mathlib/powf.c                        0x00000000   Number         0  powf.o ABSOLUTE
    RTE/Device/STM32F407VETx/startup_stm32f407xx.s 0x00000000   Number         0  startup_stm32f407xx.o ABSOLUTE
    dc.s                                     0x00000000   Number         0  dc.o ABSOLUTE
    main.c                                   0x00000000   Number         0  main.o ABSOLUTE
    sin_in_sin_out.c                         0x00000000   Number         0  sin_in_sin_out.o ABSOLUTE
    system_stm32f4xx.c                       0x00000000   Number         0  system_stm32f4xx.o ABSOLUTE
    usart.c                                  0x00000000   Number         0  usart.o ABSOLUTE
    RESET                                    0x08000000   Section      392  startup_stm32f407xx.o(RESET)
    !!!main                                  0x08000188   Section        8  __main.o(!!!main)
    !!!scatter                               0x08000190   Section       52  __scatter.o(!!!scatter)
    !!handler_copy                           0x080001c4   Section       26  __scatter_copy.o(!!handler_copy)
    !!handler_zi                             0x080001e0   Section       28  __scatter_zi.o(!!handler_zi)
    .ARM.Collect$$_printf_percent$$00000000  0x080001fc   Section        0  _printf_percent.o(.ARM.Collect$$_printf_percent$$00000000)
    .ARM.Collect$$_printf_percent$$00000001  0x080001fc   Section        6  _printf_n.o(.ARM.Collect$$_printf_percent$$00000001)
    .ARM.Collect$$_printf_percent$$00000002  0x08000202   Section        6  _printf_p.o(.ARM.Collect$$_printf_percent$$00000002)
    .ARM.Collect$$_printf_percent$$00000003  0x08000208   Section        6  _printf_f.o(.ARM.Collect$$_printf_percent$$00000003)
    .ARM.Collect$$_printf_percent$$00000004  0x0800020e   Section        6  _printf_e.o(.ARM.Collect$$_printf_percent$$00000004)
    .ARM.Collect$$_printf_percent$$00000005  0x08000214   Section        6  _printf_g.o(.ARM.Collect$$_printf_percent$$00000005)
    .ARM.Collect$$_printf_percent$$00000006  0x0800021a   Section        6  _printf_a.o(.ARM.Collect$$_printf_percent$$00000006)
    .ARM.Collect$$_printf_percent$$00000007  0x08000220   Section       10  _printf_ll.o(.ARM.Collect$$_printf_percent$$00000007)
    .ARM.Collect$$_printf_percent$$00000008  0x0800022a   Section        6  _printf_i.o(.ARM.Collect$$_printf_percent$$00000008)
    .ARM.Collect$$_printf_percent$$00000009  0x08000230   Section        6  _printf_d.o(.ARM.Collect$$_printf_percent$$00000009)
    .ARM.Collect$$_printf_percent$$0000000A  0x08000236   Section        6  _printf_u.o(.ARM.Collect$$_printf_percent$$0000000A)
    .ARM.Collect$$_printf_percent$$0000000B  0x0800023c   Section        6  _printf_o.o(.ARM.Collect$$_printf_percent$$0000000B)
    .ARM.Collect$$_printf_percent$$0000000C  0x08000242   Section        6  _printf_x.o(.ARM.Collect$$_printf_percent$$0000000C)
    .ARM.Collect$$_printf_percent$$0000000D  0x08000248   Section        6  _printf_lli.o(.ARM.Collect$$_printf_percent$$0000000D)
    .ARM.Collect$$_printf_percent$$0000000E  0x0800024e   Section        6  _printf_lld.o(.ARM.Collect$$_printf_percent$$0000000E)
    .ARM.Collect$$_printf_percent$$0000000F  0x08000254   Section        6  _printf_llu.o(.ARM.Collect$$_printf_percent$$0000000F)
    .ARM.Collect$$_printf_percent$$00000010  0x0800025a   Section        6  _printf_llo.o(.ARM.Collect$$_printf_percent$$00000010)
    .ARM.Collect$$_printf_percent$$00000011  0x08000260   Section        6  _printf_llx.o(.ARM.Collect$$_printf_percent$$00000011)
    .ARM.Collect$$_printf_percent$$00000012  0x08000266   Section       10  _printf_l.o(.ARM.Collect$$_printf_percent$$00000012)
    .ARM.Collect$$_printf_percent$$00000013  0x08000270   Section        6  _printf_c.o(.ARM.Collect$$_printf_percent$$00000013)
    .ARM.Collect$$_printf_percent$$00000014  0x08000276   Section        6  _printf_s.o(.ARM.Collect$$_printf_percent$$00000014)
    .ARM.Collect$$_printf_percent$$00000015  0x0800027c   Section        6  _printf_lc.o(.ARM.Collect$$_printf_percent$$00000015)
    .ARM.Collect$$_printf_percent$$00000016  0x08000282   Section        6  _printf_ls.o(.ARM.Collect$$_printf_percent$$00000016)
    .ARM.Collect$$_printf_percent$$00000017  0x08000288   Section        4  _printf_percent_end.o(.ARM.Collect$$_printf_percent$$00000017)
    .ARM.Collect$$libinit$$00000000          0x0800028c   Section        2  libinit.o(.ARM.Collect$$libinit$$00000000)
    .ARM.Collect$$libinit$$00000001          0x0800028e   Section        4  libinit2.o(.ARM.Collect$$libinit$$00000001)
    .ARM.Collect$$libinit$$00000004          0x08000292   Section        0  libinit2.o(.ARM.Collect$$libinit$$00000004)
    .ARM.Collect$$libinit$$00000006          0x08000292   Section        0  libinit2.o(.ARM.Collect$$libinit$$00000006)
    .ARM.Collect$$libinit$$0000000C          0x08000292   Section        0  libinit2.o(.ARM.Collect$$libinit$$0000000C)
    .ARM.Collect$$libinit$$0000000E          0x08000292   Section        0  libinit2.o(.ARM.Collect$$libinit$$0000000E)
    .ARM.Collect$$libinit$$00000010          0x08000292   Section        0  libinit2.o(.ARM.Collect$$libinit$$00000010)
    .ARM.Collect$$libinit$$00000011          0x08000292   Section        6  libinit2.o(.ARM.Collect$$libinit$$00000011)
    .ARM.Collect$$libinit$$00000013          0x08000298   Section        0  libinit2.o(.ARM.Collect$$libinit$$00000013)
    .ARM.Collect$$libinit$$00000014          0x08000298   Section       12  libinit2.o(.ARM.Collect$$libinit$$00000014)
    .ARM.Collect$$libinit$$00000015          0x080002a4   Section        0  libinit2.o(.ARM.Collect$$libinit$$00000015)
    .ARM.Collect$$libinit$$00000017          0x080002a4   Section        0  libinit2.o(.ARM.Collect$$libinit$$00000017)
    .ARM.Collect$$libinit$$00000018          0x080002a4   Section       10  libinit2.o(.ARM.Collect$$libinit$$00000018)
    .ARM.Collect$$libinit$$00000019          0x080002ae   Section        0  libinit2.o(.ARM.Collect$$libinit$$00000019)
    .ARM.Collect$$libinit$$0000001B          0x080002ae   Section        0  libinit2.o(.ARM.Collect$$libinit$$0000001B)
    .ARM.Collect$$libinit$$0000001D          0x080002ae   Section        0  libinit2.o(.ARM.Collect$$libinit$$0000001D)
    .ARM.Collect$$libinit$$0000001F          0x080002ae   Section        0  libinit2.o(.ARM.Collect$$libinit$$0000001F)
    .ARM.Collect$$libinit$$00000021          0x080002ae   Section        0  libinit2.o(.ARM.Collect$$libinit$$00000021)
    .ARM.Collect$$libinit$$00000023          0x080002ae   Section        0  libinit2.o(.ARM.Collect$$libinit$$00000023)
    .ARM.Collect$$libinit$$00000025          0x080002ae   Section        0  libinit2.o(.ARM.Collect$$libinit$$00000025)
    .ARM.Collect$$libinit$$00000027          0x080002ae   Section        0  libinit2.o(.ARM.Collect$$libinit$$00000027)
    .ARM.Collect$$libinit$$0000002E          0x080002ae   Section        0  libinit2.o(.ARM.Collect$$libinit$$0000002E)
    .ARM.Collect$$libinit$$00000030          0x080002ae   Section        0  libinit2.o(.ARM.Collect$$libinit$$00000030)
    .ARM.Collect$$libinit$$00000032          0x080002ae   Section        0  libinit2.o(.ARM.Collect$$libinit$$00000032)
    .ARM.Collect$$libinit$$00000034          0x080002ae   Section        0  libinit2.o(.ARM.Collect$$libinit$$00000034)
    .ARM.Collect$$libinit$$00000035          0x080002ae   Section        2  libinit2.o(.ARM.Collect$$libinit$$00000035)
    .ARM.Collect$$libshutdown$$00000000      0x080002b0   Section        2  libshutdown.o(.ARM.Collect$$libshutdown$$00000000)
    .ARM.Collect$$libshutdown$$00000002      0x080002b2   Section        0  libshutdown2.o(.ARM.Collect$$libshutdown$$00000002)
    .ARM.Collect$$libshutdown$$00000004      0x080002b2   Section        0  libshutdown2.o(.ARM.Collect$$libshutdown$$00000004)
    .ARM.Collect$$libshutdown$$00000007      0x080002b2   Section        0  libshutdown2.o(.ARM.Collect$$libshutdown$$00000007)
    .ARM.Collect$$libshutdown$$0000000A      0x080002b2   Section        0  libshutdown2.o(.ARM.Collect$$libshutdown$$0000000A)
    .ARM.Collect$$libshutdown$$0000000C      0x080002b2   Section        0  libshutdown2.o(.ARM.Collect$$libshutdown$$0000000C)
    .ARM.Collect$$libshutdown$$0000000F      0x080002b2   Section        0  libshutdown2.o(.ARM.Collect$$libshutdown$$0000000F)
    .ARM.Collect$$libshutdown$$00000010      0x080002b2   Section        2  libshutdown2.o(.ARM.Collect$$libshutdown$$00000010)
    .ARM.Collect$$rtentry$$00000000          0x080002b4   Section        0  __rtentry.o(.ARM.Collect$$rtentry$$00000000)
    .ARM.Collect$$rtentry$$00000002          0x080002b4   Section        0  __rtentry2.o(.ARM.Collect$$rtentry$$00000002)
    .ARM.Collect$$rtentry$$00000004          0x080002b4   Section        6  __rtentry4.o(.ARM.Collect$$rtentry$$00000004)
    .ARM.Collect$$rtentry$$00000009          0x080002ba   Section        0  __rtentry2.o(.ARM.Collect$$rtentry$$00000009)
    .ARM.Collect$$rtentry$$0000000A          0x080002ba   Section        4  __rtentry2.o(.ARM.Collect$$rtentry$$0000000A)
    .ARM.Collect$$rtentry$$0000000C          0x080002be   Section        0  __rtentry2.o(.ARM.Collect$$rtentry$$0000000C)
    .ARM.Collect$$rtentry$$0000000D          0x080002be   Section        8  __rtentry2.o(.ARM.Collect$$rtentry$$0000000D)
    .ARM.Collect$$rtexit$$00000000           0x080002c6   Section        2  rtexit.o(.ARM.Collect$$rtexit$$00000000)
    .ARM.Collect$$rtexit$$00000002           0x080002c8   Section        0  rtexit2.o(.ARM.Collect$$rtexit$$00000002)
    .ARM.Collect$$rtexit$$00000003           0x080002c8   Section        4  rtexit2.o(.ARM.Collect$$rtexit$$00000003)
    .ARM.Collect$$rtexit$$00000004           0x080002cc   Section        6  rtexit2.o(.ARM.Collect$$rtexit$$00000004)
    $v0                                      0x080002d4   Number         0  startup_stm32f407xx.o(.text)
    .text                                    0x080002d4   Section       64  startup_stm32f407xx.o(.text)
    .text                                    0x08000314   Section        0  printf.o(.text)
    .text                                    0x0800032c   Section        0  heapauxi.o(.text)
    .text                                    0x08000332   Section        0  _rserrno.o(.text)
    .text                                    0x08000348   Section        0  _printf_pad.o(.text)
    .text                                    0x08000396   Section        0  _printf_truncate.o(.text)
    .text                                    0x080003ba   Section        0  _printf_str.o(.text)
    .text                                    0x0800040c   Section        0  _printf_dec.o(.text)
    .text                                    0x08000484   Section        0  _printf_charcount.o(.text)
    .text                                    0x080004ac   Section        0  _printf_char_file.o(.text)
    .text                                    0x080004d0   Section        0  _printf_wctomb.o(.text)
    .text                                    0x0800058c   Section        0  _printf_longlong_dec.o(.text)
    _printf_longlong_oct_internal            0x08000609   Thumb Code     0  _printf_oct_int_ll.o(.text)
    .text                                    0x08000608   Section        0  _printf_oct_int_ll.o(.text)
    _printf_hex_common                       0x08000679   Thumb Code     0  _printf_hex_int_ll_ptr.o(.text)
    .text                                    0x08000678   Section        0  _printf_hex_int_ll_ptr.o(.text)
    .text                                    0x0800070c   Section        0  __printf_flags_ss_wp.o(.text)
    .text                                    0x08000894   Section        0  ferror.o(.text)
    .text                                    0x0800089c   Section        8  rt_errno_addr_intlibspace.o(.text)
    .text                                    0x080008a4   Section      138  lludiv10.o(.text)
    .text                                    0x0800092e   Section        0  _printf_intcommon.o(.text)
    _fp_digits                               0x080009e1   Thumb Code   432  _printf_fp_dec.o(.text)
    .text                                    0x080009e0   Section        0  _printf_fp_dec.o(.text)
    .text                                    0x08000dfc   Section        0  _printf_fp_hex.o(.text)
    _printf_input_char                       0x080010f9   Thumb Code    10  _printf_char_common.o(.text)
    .text                                    0x080010f8   Section        0  _printf_char_common.o(.text)
    .text                                    0x08001128   Section        0  _printf_char.o(.text)
    .text                                    0x08001154   Section        0  _printf_wchar.o(.text)
    .text                                    0x08001180   Section        0  _c16rtomb.o(.text)
    .text                                    0x080011c8   Section        8  libspace.o(.text)
    .text                                    0x080011d0   Section       74  sys_stackheap_outer.o(.text)
    .text                                    0x0800121c   Section       16  rt_ctype_table.o(.text)
    .text                                    0x0800122c   Section        8  rt_locale_intlibspace.o(.text)
    .text                                    0x08001234   Section        0  _printf_fp_infnan.o(.text)
    .text                                    0x080012b4   Section        0  bigflt0.o(.text)
    .text                                    0x08001398   Section        0  exit.o(.text)
    .text                                    0x080013b0   Section      124  strcmpv7em.o(.text)
    .text                                    0x0800142c   Section        0  sys_exit.o(.text)
    .text                                    0x08001438   Section        2  use_no_semi.o(.text)
    .text                                    0x0800143a   Section        0  indicate_semi.o(.text)
    [Anonymous Symbol]                       0x0800143c   Section        0  system_stm32f4xx.o(.text.SystemInit)
    compute_uart_bd                          0x08001451   Thumb Code    22  usart.o(.text.compute_uart_bd)
    [Anonymous Symbol]                       0x08001450   Section        0  usart.o(.text.compute_uart_bd)
    [Anonymous Symbol]                       0x08001468   Section        0  sin_in_sin_out.o(.text.find_err)
    [Anonymous Symbol]                       0x080014b0   Section        0  usart.o(.text.fputc)
    [Anonymous Symbol]                       0x080014c4   Section        0  sin_in_sin_out.o(.text.hid_nn)
    [Anonymous Symbol]                       0x0800154c   Section        0  main.o(.text.main)
    [Anonymous Symbol]                       0x08001638   Section        0  sin_in_sin_out.o(.text.matrix_vector_multiple)
    [Anonymous Symbol]                       0x080016e8   Section        0  sin_in_sin_out.o(.text.multi_in_multi_out)
    uart_set_bd                              0x08001715   Thumb Code    26  usart.o(.text.uart_set_bd)
    [Anonymous Symbol]                       0x08001714   Section        0  usart.o(.text.uart_set_bd)
    [Anonymous Symbol]                       0x08001730   Section        0  usart.o(.text.uart_tx_init)
    [Anonymous Symbol]                       0x080017bc   Section        0  usart.o(.text.uart_write)
    CL$$btod_d2e                             0x080017e8   Section       62  btod.o(CL$$btod_d2e)
    CL$$btod_d2e_denorm_low                  0x08001826   Section       70  btod.o(CL$$btod_d2e_denorm_low)
    CL$$btod_d2e_norm_op1                    0x0800186c   Section       96  btod.o(CL$$btod_d2e_norm_op1)
    CL$$btod_div_common                      0x080018cc   Section      824  btod.o(CL$$btod_div_common)
    CL$$btod_e2e                             0x08001c04   Section      220  btod.o(CL$$btod_e2e)
    CL$$btod_ediv                            0x08001ce0   Section       42  btod.o(CL$$btod_ediv)
    CL$$btod_emul                            0x08001d0a   Section       42  btod.o(CL$$btod_emul)
    CL$$btod_mult_common                     0x08001d34   Section      580  btod.o(CL$$btod_mult_common)
    i.__ARM_fpclassify                       0x08001f78   Section        0  fpclassify.o(i.__ARM_fpclassify)
    i.__ARM_fpclassifyf                      0x08001fa8   Section        0  fpclassifyf.o(i.__ARM_fpclassifyf)
    i.__hardfp_powf                          0x08001fd0   Section        0  powf.o(i.__hardfp_powf)
    i.__mathlib_flt_divzero                  0x08002634   Section        0  funder.o(i.__mathlib_flt_divzero)
    i.__mathlib_flt_infnan2                  0x08002648   Section        0  funder.o(i.__mathlib_flt_infnan2)
    i.__mathlib_flt_invalid                  0x08002650   Section        0  funder.o(i.__mathlib_flt_invalid)
    i.__mathlib_flt_overflow                 0x08002660   Section        0  funder.o(i.__mathlib_flt_overflow)
    i.__mathlib_flt_underflow                0x08002670   Section        0  funder.o(i.__mathlib_flt_underflow)
    i._is_digit                              0x08002680   Section        0  __printf_wp.o(i._is_digit)
    locale$$code                             0x08002690   Section       44  lc_numeric_c.o(locale$$code)
    locale$$code                             0x080026bc   Section       44  lc_ctype_c.o(locale$$code)
    $v0                                      0x080026e8   Number         0  d2f.o(x$fpl$d2f)
    x$fpl$d2f                                0x080026e8   Section       98  d2f.o(x$fpl$d2f)
    $v0                                      0x0800274c   Number         0  daddsub_clz.o(x$fpl$dadd)
    x$fpl$dadd                               0x0800274c   Section      336  daddsub_clz.o(x$fpl$dadd)
    _dadd1                                   0x0800275d   Thumb Code     0  daddsub_clz.o(x$fpl$dadd)
    $v0                                      0x0800289c   Number         0  dmul.o(x$fpl$dmul)
    x$fpl$dmul                               0x0800289c   Section      340  dmul.o(x$fpl$dmul)
    $v0                                      0x080029f0   Number         0  dnaninf.o(x$fpl$dnaninf)
    x$fpl$dnaninf                            0x080029f0   Section      156  dnaninf.o(x$fpl$dnaninf)
    $v0                                      0x08002a8c   Number         0  dretinf.o(x$fpl$dretinf)
    x$fpl$dretinf                            0x08002a8c   Section       12  dretinf.o(x$fpl$dretinf)
    $v0                                      0x08002a98   Number         0  daddsub_clz.o(x$fpl$dsub)
    x$fpl$dsub                               0x08002a98   Section      476  daddsub_clz.o(x$fpl$dsub)
    _dsub1                                   0x08002aa9   Thumb Code     0  daddsub_clz.o(x$fpl$dsub)
    $v0                                      0x08002c74   Number         0  f2d.o(x$fpl$f2d)
    x$fpl$f2d                                0x08002c74   Section       86  f2d.o(x$fpl$f2d)
    $v0                                      0x08002cca   Number         0  fnaninf.o(x$fpl$fnaninf)
    x$fpl$fnaninf                            0x08002cca   Section      140  fnaninf.o(x$fpl$fnaninf)
    $v0                                      0x08002d56   Number         0  fpinit.o(x$fpl$fpinit)
    x$fpl$fpinit                             0x08002d56   Section       26  fpinit.o(x$fpl$fpinit)
    $v0                                      0x08002d70   Number         0  fretinf.o(x$fpl$fretinf)
    x$fpl$fretinf                            0x08002d70   Section       10  fretinf.o(x$fpl$fretinf)
    $v0                                      0x08002d7a   Number         0  printf1.o(x$fpl$printf1)
    x$fpl$printf1                            0x08002d7a   Section        4  printf1.o(x$fpl$printf1)
    $v0                                      0x08002d7e   Number         0  printf2.o(x$fpl$printf2)
    x$fpl$printf2                            0x08002d7e   Section        4  printf2.o(x$fpl$printf2)
    x$fpl$usenofp                            0x08002d82   Section        0  usenofp.o(x$fpl$usenofp)
    table                                    0x08002d84   Data         128  powf.o(.constdata)
    .constdata                               0x08002d84   Section      320  powf.o(.constdata)
    powersof2to1over16top                    0x08002e04   Data          64  powf.o(.constdata)
    powersof2to1over16bot                    0x08002e44   Data          64  powf.o(.constdata)
    powersof2to1over16all                    0x08002e84   Data          64  powf.o(.constdata)
    initial_mbstate                          0x08002ec4   Data           8  _printf_wctomb.o(.constdata)
    .constdata                               0x08002ec4   Section        8  _printf_wctomb.o(.constdata)
    uc_hextab                                0x08002ecc   Data          20  _printf_hex_int_ll_ptr.o(.constdata)
    .constdata                               0x08002ecc   Section       40  _printf_hex_int_ll_ptr.o(.constdata)
    lc_hextab                                0x08002ee0   Data          20  _printf_hex_int_ll_ptr.o(.constdata)
    maptable                                 0x08002ef4   Data          17  __printf_flags_ss_wp.o(.constdata)
    .constdata                               0x08002ef4   Section       17  __printf_flags_ss_wp.o(.constdata)
    lc_hextab                                0x08002f05   Data          19  _printf_fp_hex.o(.constdata)
    .constdata                               0x08002f05   Section       38  _printf_fp_hex.o(.constdata)
    uc_hextab                                0x08002f18   Data          19  _printf_fp_hex.o(.constdata)
    tenpwrs_x                                0x08002f2c   Data          60  bigflt0.o(.constdata)
    .constdata                               0x08002f2c   Section      148  bigflt0.o(.constdata)
    tenpwrs_i                                0x08002f68   Data          64  bigflt0.o(.constdata)
    .L.str.3                                 0x08002fc0   Data          19  main.o(.rodata.str1.1)
    [Anonymous Symbol]                       0x08002fc0   Section        0  main.o(.rodata.str1.1)
    .L.str.1                                 0x08002fd3   Data          20  main.o(.rodata.str1.1)
    .L.str.5                                 0x08002fe7   Data          20  main.o(.rodata.str1.1)
    .L.str.2                                 0x08002ffb   Data          24  main.o(.rodata.str1.1)
    .L.str                                   0x08003013   Data          25  main.o(.rodata.str1.1)
    .L.str.4                                 0x0800302c   Data          25  main.o(.rodata.str1.1)
    locale$$data                             0x08003068   Section       28  lc_numeric_c.o(locale$$data)
    __lcnum_c_name                           0x0800306c   Data           2  lc_numeric_c.o(locale$$data)
    __lcnum_c_start                          0x08003074   Data           0  lc_numeric_c.o(locale$$data)
    __lcnum_c_point                          0x08003080   Data           0  lc_numeric_c.o(locale$$data)
    __lcnum_c_thousands                      0x08003082   Data           0  lc_numeric_c.o(locale$$data)
    __lcnum_c_grouping                       0x08003083   Data           0  lc_numeric_c.o(locale$$data)
    __lcnum_c_end                            0x08003084   Data           0  lc_numeric_c.o(locale$$data)
    locale$$data                             0x08003084   Section      272  lc_ctype_c.o(locale$$data)
    __lcctype_c_name                         0x08003088   Data           2  lc_ctype_c.o(locale$$data)
    __lcctype_c_start                        0x08003090   Data           0  lc_ctype_c.o(locale$$data)
    __lcctype_c_end                          0x08003194   Data           0  lc_ctype_c.o(locale$$data)
    .bss                                     0x200000c8   Section       96  libspace.o(.bss)
    Heap_Mem                                 0x20000140   Data         512  startup_stm32f407xx.o(HEAP)
    HEAP                                     0x20000140   Section      512  startup_stm32f407xx.o(HEAP)
    Stack_Mem                                0x20000340   Data        1024  startup_stm32f407xx.o(STACK)
    STACK                                    0x20000340   Section     1024  startup_stm32f407xx.o(STACK)
    __initial_sp                             0x20000740   Data           0  startup_stm32f407xx.o(STACK)

    Global Symbols

    Symbol Name                              Value     Ov Type        Size  Object(Section)

    BuildAttributes$$THM_ISAv4$E$P$D$K$B$S$7EM$VFPi3$EXTD16$VFPS$VFMA$PE$A:L22UL41UL21$X:L11$S22US41US21$IEEE1$IW$~IW$USESV6$~STKCKD$USESV7$~SHL$OTIME$ROPI$IEEEX$EBA8$UX$STANDARDLIB$REQ8$PRES8$EABIv2 0x00000000   Number         0  anon$$obj.o ABSOLUTE
    _printf_flags                            0x00000000   Number         0  printf_stubs.o ABSOLUTE
    _printf_return_value                     0x00000000   Number         0  printf_stubs.o ABSOLUTE
    _printf_sizespec                         0x00000000   Number         0  printf_stubs.o ABSOLUTE
    _printf_widthprec                        0x00000000   Number         0  printf_stubs.o ABSOLUTE
    __ARM_exceptions_init                     - Undefined Weak Reference
    __alloca_initialize                       - Undefined Weak Reference
    __arm_preinit_                            - Undefined Weak Reference
    __arm_relocate_pie_                       - Undefined Weak Reference
    __cpp_initialize__aeabi_                  - Undefined Weak Reference
    __cxa_finalize                            - Undefined Weak Reference
    __sigvec_lookup                           - Undefined Weak Reference
    _atexit_init                              - Undefined Weak Reference
    _call_atexit_fns                          - Undefined Weak Reference
    _clock_init                               - Undefined Weak Reference
    _fp_trap_init                             - Undefined Weak Reference
    _fp_trap_shutdown                         - Undefined Weak Reference
    _get_lc_collate                           - Undefined Weak Reference
    _get_lc_monetary                          - Undefined Weak Reference
    _get_lc_time                              - Undefined Weak Reference
    _getenv_init                              - Undefined Weak Reference
    _handle_redirection                       - Undefined Weak Reference
    _init_alloc                               - Undefined Weak Reference
    _init_user_alloc                          - Undefined Weak Reference
    _initio                                   - Undefined Weak Reference
    _mutex_acquire                            - Undefined Weak Reference
    _mutex_release                            - Undefined Weak Reference
    _printf_mbtowc                            - Undefined Weak Reference
    _printf_wc                                - Undefined Weak Reference
    _rand_init                                - Undefined Weak Reference
    _signal_finish                            - Undefined Weak Reference
    _signal_init                              - Undefined Weak Reference
    _terminate_alloc                          - Undefined Weak Reference
    _terminate_user_alloc                     - Undefined Weak Reference
    _terminateio                              - Undefined Weak Reference
    __Vectors_Size                           0x00000188   Number         0  startup_stm32f407xx.o ABSOLUTE
    __Vectors                                0x08000000   Data           4  startup_stm32f407xx.o(RESET)
    __Vectors_End                            0x08000188   Data           0  startup_stm32f407xx.o(RESET)
    __main                                   0x08000189   Thumb Code     8  __main.o(!!!main)
    __scatterload                            0x08000191   Thumb Code     0  __scatter.o(!!!scatter)
    __scatterload_rt2                        0x08000191   Thumb Code    44  __scatter.o(!!!scatter)
    __scatterload_rt2_thumb_only             0x08000191   Thumb Code     0  __scatter.o(!!!scatter)
    __scatterload_null                       0x0800019f   Thumb Code     0  __scatter.o(!!!scatter)
    __scatterload_copy                       0x080001c5   Thumb Code    26  __scatter_copy.o(!!handler_copy)
    __scatterload_zeroinit                   0x080001e1   Thumb Code    28  __scatter_zi.o(!!handler_zi)
    _printf_n                                0x080001fd   Thumb Code     0  _printf_n.o(.ARM.Collect$$_printf_percent$$00000001)
    _printf_percent                          0x080001fd   Thumb Code     0  _printf_percent.o(.ARM.Collect$$_printf_percent$$00000000)
    _printf_p                                0x08000203   Thumb Code     0  _printf_p.o(.ARM.Collect$$_printf_percent$$00000002)
    _printf_f                                0x08000209   Thumb Code     0  _printf_f.o(.ARM.Collect$$_printf_percent$$00000003)
    _printf_e                                0x0800020f   Thumb Code     0  _printf_e.o(.ARM.Collect$$_printf_percent$$00000004)
    _printf_g                                0x08000215   Thumb Code     0  _printf_g.o(.ARM.Collect$$_printf_percent$$00000005)
    _printf_a                                0x0800021b   Thumb Code     0  _printf_a.o(.ARM.Collect$$_printf_percent$$00000006)
    _printf_ll                               0x08000221   Thumb Code     0  _printf_ll.o(.ARM.Collect$$_printf_percent$$00000007)
    _printf_i                                0x0800022b   Thumb Code     0  _printf_i.o(.ARM.Collect$$_printf_percent$$00000008)
    _printf_d                                0x08000231   Thumb Code     0  _printf_d.o(.ARM.Collect$$_printf_percent$$00000009)
    _printf_u                                0x08000237   Thumb Code     0  _printf_u.o(.ARM.Collect$$_printf_percent$$0000000A)
    _printf_o                                0x0800023d   Thumb Code     0  _printf_o.o(.ARM.Collect$$_printf_percent$$0000000B)
    _printf_x                                0x08000243   Thumb Code     0  _printf_x.o(.ARM.Collect$$_printf_percent$$0000000C)
    _printf_lli                              0x08000249   Thumb Code     0  _printf_lli.o(.ARM.Collect$$_printf_percent$$0000000D)
    _printf_lld                              0x0800024f   Thumb Code     0  _printf_lld.o(.ARM.Collect$$_printf_percent$$0000000E)
    _printf_llu                              0x08000255   Thumb Code     0  _printf_llu.o(.ARM.Collect$$_printf_percent$$0000000F)
    _printf_llo                              0x0800025b   Thumb Code     0  _printf_llo.o(.ARM.Collect$$_printf_percent$$00000010)
    _printf_llx                              0x08000261   Thumb Code     0  _printf_llx.o(.ARM.Collect$$_printf_percent$$00000011)
    _printf_l                                0x08000267   Thumb Code     0  _printf_l.o(.ARM.Collect$$_printf_percent$$00000012)
    _printf_c                                0x08000271   Thumb Code     0  _printf_c.o(.ARM.Collect$$_printf_percent$$00000013)
    _printf_s                                0x08000277   Thumb Code     0  _printf_s.o(.ARM.Collect$$_printf_percent$$00000014)
    _printf_lc                               0x0800027d   Thumb Code     0  _printf_lc.o(.ARM.Collect$$_printf_percent$$00000015)
    _printf_ls                               0x08000283   Thumb Code     0  _printf_ls.o(.ARM.Collect$$_printf_percent$$00000016)
    _printf_percent_end                      0x08000289   Thumb Code     0  _printf_percent_end.o(.ARM.Collect$$_printf_percent$$00000017)
    __rt_lib_init                            0x0800028d   Thumb Code     0  libinit.o(.ARM.Collect$$libinit$$00000000)
    __rt_lib_init_fp_1                       0x0800028f   Thumb Code     0  libinit2.o(.ARM.Collect$$libinit$$00000001)
    __rt_lib_init_heap_1                     0x08000293   Thumb Code     0  libinit2.o(.ARM.Collect$$libinit$$0000000C)
    __rt_lib_init_lc_common                  0x08000293   Thumb Code     0  libinit2.o(.ARM.Collect$$libinit$$00000011)
    __rt_lib_init_preinit_1                  0x08000293   Thumb Code     0  libinit2.o(.ARM.Collect$$libinit$$00000006)
    __rt_lib_init_rand_1                     0x08000293   Thumb Code     0  libinit2.o(.ARM.Collect$$libinit$$00000010)
    __rt_lib_init_relocate_pie_1             0x08000293   Thumb Code     0  libinit2.o(.ARM.Collect$$libinit$$00000004)
    __rt_lib_init_user_alloc_1               0x08000293   Thumb Code     0  libinit2.o(.ARM.Collect$$libinit$$0000000E)
    __rt_lib_init_lc_collate_1               0x08000299   Thumb Code     0  libinit2.o(.ARM.Collect$$libinit$$00000013)
    __rt_lib_init_lc_ctype_2                 0x08000299   Thumb Code     0  libinit2.o(.ARM.Collect$$libinit$$00000014)
    __rt_lib_init_lc_ctype_1                 0x080002a5   Thumb Code     0  libinit2.o(.ARM.Collect$$libinit$$00000015)
    __rt_lib_init_lc_monetary_1              0x080002a5   Thumb Code     0  libinit2.o(.ARM.Collect$$libinit$$00000017)
    __rt_lib_init_lc_numeric_2               0x080002a5   Thumb Code     0  libinit2.o(.ARM.Collect$$libinit$$00000018)
    __rt_lib_init_alloca_1                   0x080002af   Thumb Code     0  libinit2.o(.ARM.Collect$$libinit$$00000030)
    __rt_lib_init_argv_1                     0x080002af   Thumb Code     0  libinit2.o(.ARM.Collect$$libinit$$0000002E)
    __rt_lib_init_atexit_1                   0x080002af   Thumb Code     0  libinit2.o(.ARM.Collect$$libinit$$0000001D)
    __rt_lib_init_clock_1                    0x080002af   Thumb Code     0  libinit2.o(.ARM.Collect$$libinit$$00000023)
    __rt_lib_init_cpp_1                      0x080002af   Thumb Code     0  libinit2.o(.ARM.Collect$$libinit$$00000034)
    __rt_lib_init_exceptions_1               0x080002af   Thumb Code     0  libinit2.o(.ARM.Collect$$libinit$$00000032)
    __rt_lib_init_fp_trap_1                  0x080002af   Thumb Code     0  libinit2.o(.ARM.Collect$$libinit$$00000021)
    __rt_lib_init_getenv_1                   0x080002af   Thumb Code     0  libinit2.o(.ARM.Collect$$libinit$$00000025)
    __rt_lib_init_lc_numeric_1               0x080002af   Thumb Code     0  libinit2.o(.ARM.Collect$$libinit$$00000019)
    __rt_lib_init_lc_time_1                  0x080002af   Thumb Code     0  libinit2.o(.ARM.Collect$$libinit$$0000001B)
    __rt_lib_init_return                     0x080002af   Thumb Code     0  libinit2.o(.ARM.Collect$$libinit$$00000035)
    __rt_lib_init_signal_1                   0x080002af   Thumb Code     0  libinit2.o(.ARM.Collect$$libinit$$0000001F)
    __rt_lib_init_stdio_1                    0x080002af   Thumb Code     0  libinit2.o(.ARM.Collect$$libinit$$00000027)
    __rt_lib_shutdown                        0x080002b1   Thumb Code     0  libshutdown.o(.ARM.Collect$$libshutdown$$00000000)
    __rt_lib_shutdown_cpp_1                  0x080002b3   Thumb Code     0  libshutdown2.o(.ARM.Collect$$libshutdown$$00000002)
    __rt_lib_shutdown_fp_trap_1              0x080002b3   Thumb Code     0  libshutdown2.o(.ARM.Collect$$libshutdown$$00000007)
    __rt_lib_shutdown_heap_1                 0x080002b3   Thumb Code     0  libshutdown2.o(.ARM.Collect$$libshutdown$$0000000F)
    __rt_lib_shutdown_return                 0x080002b3   Thumb Code     0  libshutdown2.o(.ARM.Collect$$libshutdown$$00000010)
    __rt_lib_shutdown_signal_1               0x080002b3   Thumb Code     0  libshutdown2.o(.ARM.Collect$$libshutdown$$0000000A)
    __rt_lib_shutdown_stdio_1                0x080002b3   Thumb Code     0  libshutdown2.o(.ARM.Collect$$libshutdown$$00000004)
    __rt_lib_shutdown_user_alloc_1           0x080002b3   Thumb Code     0  libshutdown2.o(.ARM.Collect$$libshutdown$$0000000C)
    __rt_entry                               0x080002b5   Thumb Code     0  __rtentry.o(.ARM.Collect$$rtentry$$00000000)
    __rt_entry_presh_1                       0x080002b5   Thumb Code     0  __rtentry2.o(.ARM.Collect$$rtentry$$00000002)
    __rt_entry_sh                            0x080002b5   Thumb Code     0  __rtentry4.o(.ARM.Collect$$rtentry$$00000004)
    __rt_entry_li                            0x080002bb   Thumb Code     0  __rtentry2.o(.ARM.Collect$$rtentry$$0000000A)
    __rt_entry_postsh_1                      0x080002bb   Thumb Code     0  __rtentry2.o(.ARM.Collect$$rtentry$$00000009)
    __rt_entry_main                          0x080002bf   Thumb Code     0  __rtentry2.o(.ARM.Collect$$rtentry$$0000000D)
    __rt_entry_postli_1                      0x080002bf   Thumb Code     0  __rtentry2.o(.ARM.Collect$$rtentry$$0000000C)
    __rt_exit                                0x080002c7   Thumb Code     0  rtexit.o(.ARM.Collect$$rtexit$$00000000)
    __rt_exit_ls                             0x080002c9   Thumb Code     0  rtexit2.o(.ARM.Collect$$rtexit$$00000003)
    __rt_exit_prels_1                        0x080002c9   Thumb Code     0  rtexit2.o(.ARM.Collect$$rtexit$$00000002)
    __rt_exit_exit                           0x080002cd   Thumb Code     0  rtexit2.o(.ARM.Collect$$rtexit$$00000004)
    Reset_Handler                            0x080002d5   Thumb Code     8  startup_stm32f407xx.o(.text)
    NMI_Handler                              0x080002dd   Thumb Code     2  startup_stm32f407xx.o(.text)
    HardFault_Handler                        0x080002df   Thumb Code     2  startup_stm32f407xx.o(.text)
    MemManage_Handler                        0x080002e1   Thumb Code     2  startup_stm32f407xx.o(.text)
    BusFault_Handler                         0x080002e3   Thumb Code     2  startup_stm32f407xx.o(.text)
    UsageFault_Handler                       0x080002e5   Thumb Code     2  startup_stm32f407xx.o(.text)
    SVC_Handler                              0x080002e7   Thumb Code     2  startup_stm32f407xx.o(.text)
    DebugMon_Handler                         0x080002e9   Thumb Code     2  startup_stm32f407xx.o(.text)
    PendSV_Handler                           0x080002eb   Thumb Code     2  startup_stm32f407xx.o(.text)
    SysTick_Handler                          0x080002ed   Thumb Code     2  startup_stm32f407xx.o(.text)
    ADC_IRQHandler                           0x080002ef   Thumb Code     0  startup_stm32f407xx.o(.text)
    CAN1_RX0_IRQHandler                      0x080002ef   Thumb Code     0  startup_stm32f407xx.o(.text)
    CAN1_RX1_IRQHandler                      0x080002ef   Thumb Code     0  startup_stm32f407xx.o(.text)
    CAN1_SCE_IRQHandler                      0x080002ef   Thumb Code     0  startup_stm32f407xx.o(.text)
    CAN1_TX_IRQHandler                       0x080002ef   Thumb Code     0  startup_stm32f407xx.o(.text)
    CAN2_RX0_IRQHandler                      0x080002ef   Thumb Code     0  startup_stm32f407xx.o(.text)
    CAN2_RX1_IRQHandler                      0x080002ef   Thumb Code     0  startup_stm32f407xx.o(.text)
    CAN2_SCE_IRQHandler                      0x080002ef   Thumb Code     0  startup_stm32f407xx.o(.text)
    CAN2_TX_IRQHandler                       0x080002ef   Thumb Code     0  startup_stm32f407xx.o(.text)
    DCMI_IRQHandler                          0x080002ef   Thumb Code     0  startup_stm32f407xx.o(.text)
    DMA1_Stream0_IRQHandler                  0x080002ef   Thumb Code     0  startup_stm32f407xx.o(.text)
    DMA1_Stream1_IRQHandler                  0x080002ef   Thumb Code     0  startup_stm32f407xx.o(.text)
    DMA1_Stream2_IRQHandler                  0x080002ef   Thumb Code     0  startup_stm32f407xx.o(.text)
    DMA1_Stream3_IRQHandler                  0x080002ef   Thumb Code     0  startup_stm32f407xx.o(.text)
    DMA1_Stream4_IRQHandler                  0x080002ef   Thumb Code     0  startup_stm32f407xx.o(.text)
    DMA1_Stream5_IRQHandler                  0x080002ef   Thumb Code     0  startup_stm32f407xx.o(.text)
    DMA1_Stream6_IRQHandler                  0x080002ef   Thumb Code     0  startup_stm32f407xx.o(.text)
    DMA1_Stream7_IRQHandler                  0x080002ef   Thumb Code     0  startup_stm32f407xx.o(.text)
    DMA2_Stream0_IRQHandler                  0x080002ef   Thumb Code     0  startup_stm32f407xx.o(.text)
    DMA2_Stream1_IRQHandler                  0x080002ef   Thumb Code     0  startup_stm32f407xx.o(.text)
    DMA2_Stream2_IRQHandler                  0x080002ef   Thumb Code     0  startup_stm32f407xx.o(.text)
    DMA2_Stream3_IRQHandler                  0x080002ef   Thumb Code     0  startup_stm32f407xx.o(.text)
    DMA2_Stream4_IRQHandler                  0x080002ef   Thumb Code     0  startup_stm32f407xx.o(.text)
    DMA2_Stream5_IRQHandler                  0x080002ef   Thumb Code     0  startup_stm32f407xx.o(.text)
    DMA2_Stream6_IRQHandler                  0x080002ef   Thumb Code     0  startup_stm32f407xx.o(.text)
    DMA2_Stream7_IRQHandler                  0x080002ef   Thumb Code     0  startup_stm32f407xx.o(.text)
    ETH_IRQHandler                           0x080002ef   Thumb Code     0  startup_stm32f407xx.o(.text)
    ETH_WKUP_IRQHandler                      0x080002ef   Thumb Code     0  startup_stm32f407xx.o(.text)
    EXTI0_IRQHandler                         0x080002ef   Thumb Code     0  startup_stm32f407xx.o(.text)
    EXTI15_10_IRQHandler                     0x080002ef   Thumb Code     0  startup_stm32f407xx.o(.text)
    EXTI1_IRQHandler                         0x080002ef   Thumb Code     0  startup_stm32f407xx.o(.text)
    EXTI2_IRQHandler                         0x080002ef   Thumb Code     0  startup_stm32f407xx.o(.text)
    EXTI3_IRQHandler                         0x080002ef   Thumb Code     0  startup_stm32f407xx.o(.text)
    EXTI4_IRQHandler                         0x080002ef   Thumb Code     0  startup_stm32f407xx.o(.text)
    EXTI9_5_IRQHandler                       0x080002ef   Thumb Code     0  startup_stm32f407xx.o(.text)
    FLASH_IRQHandler                         0x080002ef   Thumb Code     0  startup_stm32f407xx.o(.text)
    FMC_IRQHandler                           0x080002ef   Thumb Code     0  startup_stm32f407xx.o(.text)
    FPU_IRQHandler                           0x080002ef   Thumb Code     0  startup_stm32f407xx.o(.text)
    HASH_RNG_IRQHandler                      0x080002ef   Thumb Code     0  startup_stm32f407xx.o(.text)
    I2C1_ER_IRQHandler                       0x080002ef   Thumb Code     0  startup_stm32f407xx.o(.text)
    I2C1_EV_IRQHandler                       0x080002ef   Thumb Code     0  startup_stm32f407xx.o(.text)
    I2C2_ER_IRQHandler                       0x080002ef   Thumb Code     0  startup_stm32f407xx.o(.text)
    I2C2_EV_IRQHandler                       0x080002ef   Thumb Code     0  startup_stm32f407xx.o(.text)
    I2C3_ER_IRQHandler                       0x080002ef   Thumb Code     0  startup_stm32f407xx.o(.text)
    I2C3_EV_IRQHandler                       0x080002ef   Thumb Code     0  startup_stm32f407xx.o(.text)
    OTG_FS_IRQHandler                        0x080002ef   Thumb Code     0  startup_stm32f407xx.o(.text)
    OTG_FS_WKUP_IRQHandler                   0x080002ef   Thumb Code     0  startup_stm32f407xx.o(.text)
    OTG_HS_EP1_IN_IRQHandler                 0x080002ef   Thumb Code     0  startup_stm32f407xx.o(.text)
    OTG_HS_EP1_OUT_IRQHandler                0x080002ef   Thumb Code     0  startup_stm32f407xx.o(.text)
    OTG_HS_IRQHandler                        0x080002ef   Thumb Code     0  startup_stm32f407xx.o(.text)
    OTG_HS_WKUP_IRQHandler                   0x080002ef   Thumb Code     0  startup_stm32f407xx.o(.text)
    PVD_IRQHandler                           0x080002ef   Thumb Code     0  startup_stm32f407xx.o(.text)
    RCC_IRQHandler                           0x080002ef   Thumb Code     0  startup_stm32f407xx.o(.text)
    RTC_Alarm_IRQHandler                     0x080002ef   Thumb Code     0  startup_stm32f407xx.o(.text)
    RTC_WKUP_IRQHandler                      0x080002ef   Thumb Code     0  startup_stm32f407xx.o(.text)
    SDIO_IRQHandler                          0x080002ef   Thumb Code     0  startup_stm32f407xx.o(.text)
    SPI1_IRQHandler                          0x080002ef   Thumb Code     0  startup_stm32f407xx.o(.text)
    SPI2_IRQHandler                          0x080002ef   Thumb Code     0  startup_stm32f407xx.o(.text)
    SPI3_IRQHandler                          0x080002ef   Thumb Code     0  startup_stm32f407xx.o(.text)
    TAMP_STAMP_IRQHandler                    0x080002ef   Thumb Code     0  startup_stm32f407xx.o(.text)
    TIM1_BRK_TIM9_IRQHandler                 0x080002ef   Thumb Code     0  startup_stm32f407xx.o(.text)
    TIM1_CC_IRQHandler                       0x080002ef   Thumb Code     0  startup_stm32f407xx.o(.text)
    TIM1_TRG_COM_TIM11_IRQHandler            0x080002ef   Thumb Code     0  startup_stm32f407xx.o(.text)
    TIM1_UP_TIM10_IRQHandler                 0x080002ef   Thumb Code     0  startup_stm32f407xx.o(.text)
    TIM2_IRQHandler                          0x080002ef   Thumb Code     0  startup_stm32f407xx.o(.text)
    TIM3_IRQHandler                          0x080002ef   Thumb Code     0  startup_stm32f407xx.o(.text)
    TIM4_IRQHandler                          0x080002ef   Thumb Code     0  startup_stm32f407xx.o(.text)
    TIM5_IRQHandler                          0x080002ef   Thumb Code     0  startup_stm32f407xx.o(.text)
    TIM6_DAC_IRQHandler                      0x080002ef   Thumb Code     0  startup_stm32f407xx.o(.text)
    TIM7_IRQHandler                          0x080002ef   Thumb Code     0  startup_stm32f407xx.o(.text)
    TIM8_BRK_TIM12_IRQHandler                0x080002ef   Thumb Code     0  startup_stm32f407xx.o(.text)
    TIM8_CC_IRQHandler                       0x080002ef   Thumb Code     0  startup_stm32f407xx.o(.text)
    TIM8_TRG_COM_TIM14_IRQHandler            0x080002ef   Thumb Code     0  startup_stm32f407xx.o(.text)
    TIM8_UP_TIM13_IRQHandler                 0x080002ef   Thumb Code     0  startup_stm32f407xx.o(.text)
    UART4_IRQHandler                         0x080002ef   Thumb Code     0  startup_stm32f407xx.o(.text)
    UART5_IRQHandler                         0x080002ef   Thumb Code     0  startup_stm32f407xx.o(.text)
    USART1_IRQHandler                        0x080002ef   Thumb Code     0  startup_stm32f407xx.o(.text)
    USART2_IRQHandler                        0x080002ef   Thumb Code     0  startup_stm32f407xx.o(.text)
    USART3_IRQHandler                        0x080002ef   Thumb Code     0  startup_stm32f407xx.o(.text)
    USART6_IRQHandler                        0x080002ef   Thumb Code     0  startup_stm32f407xx.o(.text)
    WWDG_IRQHandler                          0x080002ef   Thumb Code     0  startup_stm32f407xx.o(.text)
    __user_initial_stackheap                 0x080002f1   Thumb Code     0  startup_stm32f407xx.o(.text)
    printf                                   0x08000315   Thumb Code    20  printf.o(.text)
    __use_two_region_memory                  0x0800032d   Thumb Code     2  heapauxi.o(.text)
    __rt_heap_escrow$2region                 0x0800032f   Thumb Code     2  heapauxi.o(.text)
    __rt_heap_expand$2region                 0x08000331   Thumb Code     2  heapauxi.o(.text)
    __read_errno                             0x08000333   Thumb Code    10  _rserrno.o(.text)
    __set_errno                              0x0800033d   Thumb Code    12  _rserrno.o(.text)
    _printf_pre_padding                      0x08000349   Thumb Code    44  _printf_pad.o(.text)
    _printf_post_padding                     0x08000375   Thumb Code    34  _printf_pad.o(.text)
    _printf_truncate_signed                  0x08000397   Thumb Code    18  _printf_truncate.o(.text)
    _printf_truncate_unsigned                0x080003a9   Thumb Code    18  _printf_truncate.o(.text)
    _printf_str                              0x080003bb   Thumb Code    82  _printf_str.o(.text)
    _printf_int_dec                          0x0800040d   Thumb Code   104  _printf_dec.o(.text)
    _printf_charcount                        0x08000485   Thumb Code    40  _printf_charcount.o(.text)
    _printf_char_file                        0x080004ad   Thumb Code    32  _printf_char_file.o(.text)
    _printf_wctomb                           0x080004d1   Thumb Code   182  _printf_wctomb.o(.text)
    _printf_longlong_dec                     0x0800058d   Thumb Code   108  _printf_longlong_dec.o(.text)
    _printf_longlong_oct                     0x08000609   Thumb Code    68  _printf_oct_int_ll.o(.text)
    _printf_int_oct                          0x0800064d   Thumb Code    24  _printf_oct_int_ll.o(.text)
    _printf_ll_oct                           0x08000665   Thumb Code    12  _printf_oct_int_ll.o(.text)
    _printf_longlong_hex                     0x08000679   Thumb Code    86  _printf_hex_int_ll_ptr.o(.text)
    _printf_int_hex                          0x080006cf   Thumb Code    28  _printf_hex_int_ll_ptr.o(.text)
    _printf_ll_hex                           0x080006eb   Thumb Code    12  _printf_hex_int_ll_ptr.o(.text)
    _printf_hex_ptr                          0x080006f7   Thumb Code    18  _printf_hex_int_ll_ptr.o(.text)
    __printf                                 0x0800070d   Thumb Code   388  __printf_flags_ss_wp.o(.text)
    ferror                                   0x08000895   Thumb Code     8  ferror.o(.text)
    __aeabi_errno_addr                       0x0800089d   Thumb Code     8  rt_errno_addr_intlibspace.o(.text)
    __errno$intlibspace                      0x0800089d   Thumb Code     0  rt_errno_addr_intlibspace.o(.text)
    __rt_errno_addr$intlibspace              0x0800089d   Thumb Code     0  rt_errno_addr_intlibspace.o(.text)
    _ll_udiv10                               0x080008a5   Thumb Code   138  lludiv10.o(.text)
    _printf_int_common                       0x0800092f   Thumb Code   178  _printf_intcommon.o(.text)
    _printf_fp_dec_real                      0x08000b91   Thumb Code   620  _printf_fp_dec.o(.text)
    _printf_fp_hex_real                      0x08000dfd   Thumb Code   756  _printf_fp_hex.o(.text)
    _printf_char_common                      0x08001103   Thumb Code    32  _printf_char_common.o(.text)
    _printf_cs_common                        0x08001129   Thumb Code    20  _printf_char.o(.text)
    _printf_char                             0x0800113d   Thumb Code    16  _printf_char.o(.text)
    _printf_string                           0x0800114d   Thumb Code     8  _printf_char.o(.text)
    _printf_lcs_common                       0x08001155   Thumb Code    20  _printf_wchar.o(.text)
    _printf_wchar                            0x08001169   Thumb Code    16  _printf_wchar.o(.text)
    _printf_wstring                          0x08001179   Thumb Code     8  _printf_wchar.o(.text)
    _c16rtomb                                0x08001181   Thumb Code    72  _c16rtomb.o(.text)
    _wcrtomb                                 0x08001181   Thumb Code     0  _c16rtomb.o(.text)
    __user_libspace                          0x080011c9   Thumb Code     8  libspace.o(.text)
    __user_perproc_libspace                  0x080011c9   Thumb Code     0  libspace.o(.text)
    __user_perthread_libspace                0x080011c9   Thumb Code     0  libspace.o(.text)
    __user_setup_stackheap                   0x080011d1   Thumb Code    74  sys_stackheap_outer.o(.text)
    __rt_ctype_table                         0x0800121d   Thumb Code    16  rt_ctype_table.o(.text)
    __rt_locale                              0x0800122d   Thumb Code     8  rt_locale_intlibspace.o(.text)
    _printf_fp_infnan                        0x08001235   Thumb Code   112  _printf_fp_infnan.o(.text)
    _btod_etento                             0x080012b5   Thumb Code   224  bigflt0.o(.text)
    exit                                     0x08001399   Thumb Code    18  exit.o(.text)
    strcmp                                   0x080013b1   Thumb Code   124  strcmpv7em.o(.text)
    _sys_exit                                0x0800142d   Thumb Code     8  sys_exit.o(.text)
    __I$use$semihosting                      0x08001439   Thumb Code     0  use_no_semi.o(.text)
    __use_no_semihosting_swi                 0x08001439   Thumb Code     2  use_no_semi.o(.text)
    __semihosting_library_function           0x0800143b   Thumb Code     0  indicate_semi.o(.text)
    SystemInit                               0x0800143d   Thumb Code    18  system_stm32f4xx.o(.text.SystemInit)
    find_err                                 0x08001469   Thumb Code    72  sin_in_sin_out.o(.text.find_err)
    fputc                                    0x080014b1   Thumb Code    20  usart.o(.text.fputc)
    hid_nn                                   0x080014c5   Thumb Code   134  sin_in_sin_out.o(.text.hid_nn)
    main                                     0x0800154d   Thumb Code   236  main.o(.text.main)
    matrix_vector_multiple                   0x08001639   Thumb Code   174  sin_in_sin_out.o(.text.matrix_vector_multiple)
    multi_in_multi_out                       0x080016e9   Thumb Code    42  sin_in_sin_out.o(.text.multi_in_multi_out)
    uart_tx_init                             0x08001731   Thumb Code   140  usart.o(.text.uart_tx_init)
    uart_write                               0x080017bd   Thumb Code    44  usart.o(.text.uart_write)
    _btod_d2e                                0x080017e9   Thumb Code    62  btod.o(CL$$btod_d2e)
    _d2e_denorm_low                          0x08001827   Thumb Code    70  btod.o(CL$$btod_d2e_denorm_low)
    _d2e_norm_op1                            0x0800186d   Thumb Code    96  btod.o(CL$$btod_d2e_norm_op1)
    __btod_div_common                        0x080018cd   Thumb Code   696  btod.o(CL$$btod_div_common)
    _e2e                                     0x08001c05   Thumb Code   220  btod.o(CL$$btod_e2e)
    _btod_ediv                               0x08001ce1   Thumb Code    42  btod.o(CL$$btod_ediv)
    _btod_emul                               0x08001d0b   Thumb Code    42  btod.o(CL$$btod_emul)
    __btod_mult_common                       0x08001d35   Thumb Code   580  btod.o(CL$$btod_mult_common)
    __ARM_fpclassify                         0x08001f79   Thumb Code    48  fpclassify.o(i.__ARM_fpclassify)
    __ARM_fpclassifyf                        0x08001fa9   Thumb Code    38  fpclassifyf.o(i.__ARM_fpclassifyf)
    __hardfp_powf                            0x08001fd1   Thumb Code  1606  powf.o(i.__hardfp_powf)
    __mathlib_powf                           0x08001fd1   Thumb Code     0  powf.o(i.__hardfp_powf)
    __mathlib_flt_divzero                    0x08002635   Thumb Code    14  funder.o(i.__mathlib_flt_divzero)
    __mathlib_flt_infnan2                    0x08002649   Thumb Code     6  funder.o(i.__mathlib_flt_infnan2)
    __mathlib_flt_invalid                    0x08002651   Thumb Code    10  funder.o(i.__mathlib_flt_invalid)
    __mathlib_flt_overflow                   0x08002661   Thumb Code    10  funder.o(i.__mathlib_flt_overflow)
    __mathlib_flt_underflow                  0x08002671   Thumb Code    10  funder.o(i.__mathlib_flt_underflow)
    _is_digit                                0x08002681   Thumb Code    14  __printf_wp.o(i._is_digit)
    _get_lc_numeric                          0x08002691   Thumb Code    44  lc_numeric_c.o(locale$$code)
    _get_lc_ctype                            0x080026bd   Thumb Code    44  lc_ctype_c.o(locale$$code)
    __aeabi_d2f                              0x080026e9   Thumb Code     0  d2f.o(x$fpl$d2f)
    _d2f                                     0x080026e9   Thumb Code    98  d2f.o(x$fpl$d2f)
    __aeabi_dadd                             0x0800274d   Thumb Code     0  daddsub_clz.o(x$fpl$dadd)
    _dadd                                    0x0800274d   Thumb Code   332  daddsub_clz.o(x$fpl$dadd)
    __aeabi_dmul                             0x0800289d   Thumb Code     0  dmul.o(x$fpl$dmul)
    _dmul                                    0x0800289d   Thumb Code   332  dmul.o(x$fpl$dmul)
    __fpl_dnaninf                            0x080029f1   Thumb Code   156  dnaninf.o(x$fpl$dnaninf)
    __fpl_dretinf                            0x08002a8d   Thumb Code    12  dretinf.o(x$fpl$dretinf)
    __aeabi_dsub                             0x08002a99   Thumb Code     0  daddsub_clz.o(x$fpl$dsub)
    _dsub                                    0x08002a99   Thumb Code   472  daddsub_clz.o(x$fpl$dsub)
    __aeabi_f2d                              0x08002c75   Thumb Code     0  f2d.o(x$fpl$f2d)
    _f2d                                     0x08002c75   Thumb Code    86  f2d.o(x$fpl$f2d)
    __fpl_fnaninf                            0x08002ccb   Thumb Code   140  fnaninf.o(x$fpl$fnaninf)
    _fp_init                                 0x08002d57   Thumb Code    26  fpinit.o(x$fpl$fpinit)
    __fplib_config_fpu_vfp                   0x08002d6f   Thumb Code     0  fpinit.o(x$fpl$fpinit)
    __fplib_config_pureend_doubles           0x08002d6f   Thumb Code     0  fpinit.o(x$fpl$fpinit)
    __fpl_fretinf                            0x08002d71   Thumb Code    10  fretinf.o(x$fpl$fretinf)
    _printf_fp_dec                           0x08002d7b   Thumb Code     4  printf1.o(x$fpl$printf1)
    _printf_fp_hex                           0x08002d7f   Thumb Code     4  printf2.o(x$fpl$printf2)
    __I$use$fp                               0x08002d82   Number         0  usenofp.o(x$fpl$usenofp)
    Region$$Table$$Base                      0x08003048   Number         0  anon$$obj.o(Region$$Table)
    Region$$Table$$Limit                     0x08003068   Number         0  anon$$obj.o(Region$$Table)
    __ctype                                  0x08003091   Data           0  lc_ctype_c.o(locale$$data)
    __stdout                                 0x20000000   Data           4  usart.o(.data.__stdout)
    expected_value                           0x20000008   Data          24  main.o(.data.expected_value)
    hid_to_out_weight                        0x20000020   Data          72  main.o(.data.hid_to_out_weight)
    in_to_hid_weights                        0x20000068   Data          72  main.o(.data.in_to_hid_weights)
    input                                    0x200000b0   Data          24  main.o(.data.input)
    __libspace_start                         0x200000c8   Data          96  libspace.o(.bss)
    __temporary_stack_top$libspace           0x20000128   Data           0  libspace.o(.bss)
    predicted_output                         0x20000128   Data          24  main.o(.bss.predicted_output)



==============================================================================

Memory Map of the image

  Image Entry point : 0x080002d5

  Load Region LR_1 (Base: 0x08000000, Size: 0x00003260, Max: 0xffffffff, ABSOLUTE)

    Execution Region ER_RO (Exec base: 0x08000000, Load base: 0x08000000, Size: 0x00003194, Max: 0xffffffff, ABSOLUTE)

    Exec Addr    Load Addr    Size         Type   Attr      Idx    E Section Name        Object

    0x08000000   0x08000000   0x00000188   Data   RO           79    RESET               startup_stm32f407xx.o
    0x08000188   0x08000188   0x00000008   Code   RO          112  * !!!main             c_w.l(__main.o)
    0x08000190   0x08000190   0x00000034   Code   RO          628    !!!scatter          c_w.l(__scatter.o)
    0x080001c4   0x080001c4   0x0000001a   Code   RO          630    !!handler_copy      c_w.l(__scatter_copy.o)
    0x080001de   0x080001de   0x00000002   PAD
    0x080001e0   0x080001e0   0x0000001c   Code   RO          632    !!handler_zi        c_w.l(__scatter_zi.o)
    0x080001fc   0x080001fc   0x00000000   Code   RO          223    .ARM.Collect$$_printf_percent$$00000000  c_w.l(_printf_percent.o)
    0x080001fc   0x080001fc   0x00000006   Code   RO          212    .ARM.Collect$$_printf_percent$$00000001  c_w.l(_printf_n.o)
    0x08000202   0x08000202   0x00000006   Code   RO          214    .ARM.Collect$$_printf_percent$$00000002  c_w.l(_printf_p.o)
    0x08000208   0x08000208   0x00000006   Code   RO          219    .ARM.Collect$$_printf_percent$$00000003  c_w.l(_printf_f.o)
    0x0800020e   0x0800020e   0x00000006   Code   RO          220    .ARM.Collect$$_printf_percent$$00000004  c_w.l(_printf_e.o)
    0x08000214   0x08000214   0x00000006   Code   RO          221    .ARM.Collect$$_printf_percent$$00000005  c_w.l(_printf_g.o)
    0x0800021a   0x0800021a   0x00000006   Code   RO          222    .ARM.Collect$$_printf_percent$$00000006  c_w.l(_printf_a.o)
    0x08000220   0x08000220   0x0000000a   Code   RO          227    .ARM.Collect$$_printf_percent$$00000007  c_w.l(_printf_ll.o)
    0x0800022a   0x0800022a   0x00000006   Code   RO          216    .ARM.Collect$$_printf_percent$$00000008  c_w.l(_printf_i.o)
    0x08000230   0x08000230   0x00000006   Code   RO          217    .ARM.Collect$$_printf_percent$$00000009  c_w.l(_printf_d.o)
    0x08000236   0x08000236   0x00000006   Code   RO          218    .ARM.Collect$$_printf_percent$$0000000A  c_w.l(_printf_u.o)
    0x0800023c   0x0800023c   0x00000006   Code   RO          215    .ARM.Collect$$_printf_percent$$0000000B  c_w.l(_printf_o.o)
    0x08000242   0x08000242   0x00000006   Code   RO          213    .ARM.Collect$$_printf_percent$$0000000C  c_w.l(_printf_x.o)
    0x08000248   0x08000248   0x00000006   Code   RO          224    .ARM.Collect$$_printf_percent$$0000000D  c_w.l(_printf_lli.o)
    0x0800024e   0x0800024e   0x00000006   Code   RO          225    .ARM.Collect$$_printf_percent$$0000000E  c_w.l(_printf_lld.o)
    0x08000254   0x08000254   0x00000006   Code   RO          226    .ARM.Collect$$_printf_percent$$0000000F  c_w.l(_printf_llu.o)
    0x0800025a   0x0800025a   0x00000006   Code   RO          231    .ARM.Collect$$_printf_percent$$00000010  c_w.l(_printf_llo.o)
    0x08000260   0x08000260   0x00000006   Code   RO          232    .ARM.Collect$$_printf_percent$$00000011  c_w.l(_printf_llx.o)
    0x08000266   0x08000266   0x0000000a   Code   RO          228    .ARM.Collect$$_printf_percent$$00000012  c_w.l(_printf_l.o)
    0x08000270   0x08000270   0x00000006   Code   RO          210    .ARM.Collect$$_printf_percent$$00000013  c_w.l(_printf_c.o)
    0x08000276   0x08000276   0x00000006   Code   RO          211    .ARM.Collect$$_printf_percent$$00000014  c_w.l(_printf_s.o)
    0x0800027c   0x0800027c   0x00000006   Code   RO          229    .ARM.Collect$$_printf_percent$$00000015  c_w.l(_printf_lc.o)
    0x08000282   0x08000282   0x00000006   Code   RO          230    .ARM.Collect$$_printf_percent$$00000016  c_w.l(_printf_ls.o)
    0x08000288   0x08000288   0x00000004   Code   RO          331    .ARM.Collect$$_printf_percent$$00000017  c_w.l(_printf_percent_end.o)
    0x0800028c   0x0800028c   0x00000002   Code   RO          418    .ARM.Collect$$libinit$$00000000  c_w.l(libinit.o)
    0x0800028e   0x0800028e   0x00000004   Code   RO          452    .ARM.Collect$$libinit$$00000001  c_w.l(libinit2.o)
    0x08000292   0x08000292   0x00000000   Code   RO          455    .ARM.Collect$$libinit$$00000004  c_w.l(libinit2.o)
    0x08000292   0x08000292   0x00000000   Code   RO          457    .ARM.Collect$$libinit$$00000006  c_w.l(libinit2.o)
    0x08000292   0x08000292   0x00000000   Code   RO          460    .ARM.Collect$$libinit$$0000000C  c_w.l(libinit2.o)
    0x08000292   0x08000292   0x00000000   Code   RO          462    .ARM.Collect$$libinit$$0000000E  c_w.l(libinit2.o)
    0x08000292   0x08000292   0x00000000   Code   RO          464    .ARM.Collect$$libinit$$00000010  c_w.l(libinit2.o)
    0x08000292   0x08000292   0x00000006   Code   RO          465    .ARM.Collect$$libinit$$00000011  c_w.l(libinit2.o)
    0x08000298   0x08000298   0x00000000   Code   RO          467    .ARM.Collect$$libinit$$00000013  c_w.l(libinit2.o)
    0x08000298   0x08000298   0x0000000c   Code   RO          468    .ARM.Collect$$libinit$$00000014  c_w.l(libinit2.o)
    0x080002a4   0x080002a4   0x00000000   Code   RO          469    .ARM.Collect$$libinit$$00000015  c_w.l(libinit2.o)
    0x080002a4   0x080002a4   0x00000000   Code   RO          471    .ARM.Collect$$libinit$$00000017  c_w.l(libinit2.o)
    0x080002a4   0x080002a4   0x0000000a   Code   RO          472    .ARM.Collect$$libinit$$00000018  c_w.l(libinit2.o)
    0x080002ae   0x080002ae   0x00000000   Code   RO          473    .ARM.Collect$$libinit$$00000019  c_w.l(libinit2.o)
    0x080002ae   0x080002ae   0x00000000   Code   RO          475    .ARM.Collect$$libinit$$0000001B  c_w.l(libinit2.o)
    0x080002ae   0x080002ae   0x00000000   Code   RO          477    .ARM.Collect$$libinit$$0000001D  c_w.l(libinit2.o)
    0x080002ae   0x080002ae   0x00000000   Code   RO          479    .ARM.Collect$$libinit$$0000001F  c_w.l(libinit2.o)
    0x080002ae   0x080002ae   0x00000000   Code   RO          481    .ARM.Collect$$libinit$$00000021  c_w.l(libinit2.o)
    0x080002ae   0x080002ae   0x00000000   Code   RO          483    .ARM.Collect$$libinit$$00000023  c_w.l(libinit2.o)
    0x080002ae   0x080002ae   0x00000000   Code   RO          485    .ARM.Collect$$libinit$$00000025  c_w.l(libinit2.o)
    0x080002ae   0x080002ae   0x00000000   Code   RO          487    .ARM.Collect$$libinit$$00000027  c_w.l(libinit2.o)
    0x080002ae   0x080002ae   0x00000000   Code   RO          491    .ARM.Collect$$libinit$$0000002E  c_w.l(libinit2.o)
    0x080002ae   0x080002ae   0x00000000   Code   RO          493    .ARM.Collect$$libinit$$00000030  c_w.l(libinit2.o)
    0x080002ae   0x080002ae   0x00000000   Code   RO          495    .ARM.Collect$$libinit$$00000032  c_w.l(libinit2.o)
    0x080002ae   0x080002ae   0x00000000   Code   RO          497    .ARM.Collect$$libinit$$00000034  c_w.l(libinit2.o)
    0x080002ae   0x080002ae   0x00000002   Code   RO          498    .ARM.Collect$$libinit$$00000035  c_w.l(libinit2.o)
    0x080002b0   0x080002b0   0x00000002   Code   RO          538    .ARM.Collect$$libshutdown$$00000000  c_w.l(libshutdown.o)
    0x080002b2   0x080002b2   0x00000000   Code   RO          569    .ARM.Collect$$libshutdown$$00000002  c_w.l(libshutdown2.o)
    0x080002b2   0x080002b2   0x00000000   Code   RO          571    .ARM.Collect$$libshutdown$$00000004  c_w.l(libshutdown2.o)
    0x080002b2   0x080002b2   0x00000000   Code   RO          574    .ARM.Collect$$libshutdown$$00000007  c_w.l(libshutdown2.o)
    0x080002b2   0x080002b2   0x00000000   Code   RO          577    .ARM.Collect$$libshutdown$$0000000A  c_w.l(libshutdown2.o)
    0x080002b2   0x080002b2   0x00000000   Code   RO          579    .ARM.Collect$$libshutdown$$0000000C  c_w.l(libshutdown2.o)
    0x080002b2   0x080002b2   0x00000000   Code   RO          582    .ARM.Collect$$libshutdown$$0000000F  c_w.l(libshutdown2.o)
    0x080002b2   0x080002b2   0x00000002   Code   RO          583    .ARM.Collect$$libshutdown$$00000010  c_w.l(libshutdown2.o)
    0x080002b4   0x080002b4   0x00000000   Code   RO          141    .ARM.Collect$$rtentry$$00000000  c_w.l(__rtentry.o)
    0x080002b4   0x080002b4   0x00000000   Code   RO          295    .ARM.Collect$$rtentry$$00000002  c_w.l(__rtentry2.o)
    0x080002b4   0x080002b4   0x00000006   Code   RO          307    .ARM.Collect$$rtentry$$00000004  c_w.l(__rtentry4.o)
    0x080002ba   0x080002ba   0x00000000   Code   RO          297    .ARM.Collect$$rtentry$$00000009  c_w.l(__rtentry2.o)
    0x080002ba   0x080002ba   0x00000004   Code   RO          298    .ARM.Collect$$rtentry$$0000000A  c_w.l(__rtentry2.o)
    0x080002be   0x080002be   0x00000000   Code   RO          300    .ARM.Collect$$rtentry$$0000000C  c_w.l(__rtentry2.o)
    0x080002be   0x080002be   0x00000008   Code   RO          301    .ARM.Collect$$rtentry$$0000000D  c_w.l(__rtentry2.o)
    0x080002c6   0x080002c6   0x00000002   Code   RO          439    .ARM.Collect$$rtexit$$00000000  c_w.l(rtexit.o)
    0x080002c8   0x080002c8   0x00000000   Code   RO          508    .ARM.Collect$$rtexit$$00000002  c_w.l(rtexit2.o)
    0x080002c8   0x080002c8   0x00000004   Code   RO          509    .ARM.Collect$$rtexit$$00000003  c_w.l(rtexit2.o)
    0x080002cc   0x080002cc   0x00000006   Code   RO          510    .ARM.Collect$$rtexit$$00000004  c_w.l(rtexit2.o)
    0x080002d2   0x080002d2   0x00000002   PAD
    0x080002d4   0x080002d4   0x00000040   Code   RO           80  * .text               startup_stm32f407xx.o
    0x08000314   0x08000314   0x00000018   Code   RO          102    .text               c_w.l(printf.o)
    0x0800032c   0x0800032c   0x00000006   Code   RO          110    .text               c_w.l(heapauxi.o)
    0x08000332   0x08000332   0x00000016   Code   RO          142    .text               c_w.l(_rserrno.o)
    0x08000348   0x08000348   0x0000004e   Code   RO          146    .text               c_w.l(_printf_pad.o)
    0x08000396   0x08000396   0x00000024   Code   RO          148    .text               c_w.l(_printf_truncate.o)
    0x080003ba   0x080003ba   0x00000052   Code   RO          150    .text               c_w.l(_printf_str.o)
    0x0800040c   0x0800040c   0x00000078   Code   RO          152    .text               c_w.l(_printf_dec.o)
    0x08000484   0x08000484   0x00000028   Code   RO          154    .text               c_w.l(_printf_charcount.o)
    0x080004ac   0x080004ac   0x00000024   Code   RO          156    .text               c_w.l(_printf_char_file.o)
    0x080004d0   0x080004d0   0x000000bc   Code   RO          158    .text               c_w.l(_printf_wctomb.o)
    0x0800058c   0x0800058c   0x0000007c   Code   RO          161    .text               c_w.l(_printf_longlong_dec.o)
    0x08000608   0x08000608   0x00000070   Code   RO          167    .text               c_w.l(_printf_oct_int_ll.o)
    0x08000678   0x08000678   0x00000094   Code   RO          187    .text               c_w.l(_printf_hex_int_ll_ptr.o)
    0x0800070c   0x0800070c   0x00000188   Code   RO          207    .text               c_w.l(__printf_flags_ss_wp.o)
    0x08000894   0x08000894   0x00000008   Code   RO          247    .text               c_w.l(ferror.o)
    0x0800089c   0x0800089c   0x00000008   Code   RO          312    .text               c_w.l(rt_errno_addr_intlibspace.o)
    0x080008a4   0x080008a4   0x0000008a   Code   RO          314    .text               c_w.l(lludiv10.o)
    0x0800092e   0x0800092e   0x000000b2   Code   RO          316    .text               c_w.l(_printf_intcommon.o)
    0x080009e0   0x080009e0   0x0000041c   Code   RO          318    .text               c_w.l(_printf_fp_dec.o)
    0x08000dfc   0x08000dfc   0x000002fc   Code   RO          322    .text               c_w.l(_printf_fp_hex.o)
    0x080010f8   0x080010f8   0x00000030   Code   RO          325    .text               c_w.l(_printf_char_common.o)
    0x08001128   0x08001128   0x0000002c   Code   RO          327    .text               c_w.l(_printf_char.o)
    0x08001154   0x08001154   0x0000002c   Code   RO          329    .text               c_w.l(_printf_wchar.o)
    0x08001180   0x08001180   0x00000048   Code   RO          348    .text               c_w.l(_c16rtomb.o)
    0x080011c8   0x080011c8   0x00000008   Code   RO          352    .text               c_w.l(libspace.o)
    0x080011d0   0x080011d0   0x0000004a   Code   RO          355    .text               c_w.l(sys_stackheap_outer.o)
    0x0800121a   0x0800121a   0x00000002   PAD
    0x0800121c   0x0800121c   0x00000010   Code   RO          357    .text               c_w.l(rt_ctype_table.o)
    0x0800122c   0x0800122c   0x00000008   Code   RO          362    .text               c_w.l(rt_locale_intlibspace.o)
    0x08001234   0x08001234   0x00000080   Code   RO          368    .text               c_w.l(_printf_fp_infnan.o)
    0x080012b4   0x080012b4   0x000000e4   Code   RO          374    .text               c_w.l(bigflt0.o)
    0x08001398   0x08001398   0x00000012   Code   RO          409    .text               c_w.l(exit.o)
    0x080013aa   0x080013aa   0x00000006   PAD
    0x080013b0   0x080013b0   0x0000007c   Code   RO          450    .text               c_w.l(strcmpv7em.o)
    0x0800142c   0x0800142c   0x0000000c   Code   RO          528    .text               c_w.l(sys_exit.o)
    0x08001438   0x08001438   0x00000002   Code   RO          559    .text               c_w.l(use_no_semi.o)
    0x0800143a   0x0800143a   0x00000000   Code   RO          561    .text               c_w.l(indicate_semi.o)
    0x0800143a   0x0800143a   0x00000002   PAD
    0x0800143c   0x0800143c   0x00000012   Code   RO           87    .text.SystemInit    system_stm32f4xx.o
    0x0800144e   0x0800144e   0x00000002   PAD
    0x08001450   0x08001450   0x00000016   Code   RO           63    .text.compute_uart_bd  usart.o
    0x08001466   0x08001466   0x00000002   PAD
    0x08001468   0x08001468   0x00000048   Code   RO           33    .text.find_err      sin_in_sin_out.o
    0x080014b0   0x080014b0   0x00000014   Code   RO           59    .text.fputc         usart.o
    0x080014c4   0x080014c4   0x00000086   Code   RO           31    .text.hid_nn        sin_in_sin_out.o
    0x0800154a   0x0800154a   0x00000002   PAD
    0x0800154c   0x0800154c   0x000000ec   Code   RO            2    .text.main          main.o
    0x08001638   0x08001638   0x000000ae   Code   RO           27    .text.matrix_vector_multiple  sin_in_sin_out.o
    0x080016e6   0x080016e6   0x00000002   PAD
    0x080016e8   0x080016e8   0x0000002a   Code   RO           29    .text.multi_in_multi_out  sin_in_sin_out.o
    0x08001712   0x08001712   0x00000002   PAD
    0x08001714   0x08001714   0x0000001a   Code   RO           47    .text.uart_set_bd   usart.o
    0x0800172e   0x0800172e   0x00000002   PAD
    0x08001730   0x08001730   0x0000008c   Code   RO           45    .text.uart_tx_init  usart.o
    0x080017bc   0x080017bc   0x0000002c   Code   RO           51    .text.uart_write    usart.o
    0x080017e8   0x080017e8   0x0000003e   Code   RO          377    CL$$btod_d2e        c_w.l(btod.o)
    0x08001826   0x08001826   0x00000046   Code   RO          379    CL$$btod_d2e_denorm_low  c_w.l(btod.o)
    0x0800186c   0x0800186c   0x00000060   Code   RO          378    CL$$btod_d2e_norm_op1  c_w.l(btod.o)
    0x080018cc   0x080018cc   0x00000338   Code   RO          387    CL$$btod_div_common  c_w.l(btod.o)
    0x08001c04   0x08001c04   0x000000dc   Code   RO          384    CL$$btod_e2e        c_w.l(btod.o)
    0x08001ce0   0x08001ce0   0x0000002a   Code   RO          381    CL$$btod_ediv       c_w.l(btod.o)
    0x08001d0a   0x08001d0a   0x0000002a   Code   RO          380    CL$$btod_emul       c_w.l(btod.o)
    0x08001d34   0x08001d34   0x00000244   Code   RO          386    CL$$btod_mult_common  c_w.l(btod.o)
    0x08001f78   0x08001f78   0x00000030   Code   RO          429    i.__ARM_fpclassify  m_wm.l(fpclassify.o)
    0x08001fa8   0x08001fa8   0x00000026   Code   RO          278    i.__ARM_fpclassifyf  m_wm.l(fpclassifyf.o)
    0x08001fce   0x08001fce   0x00000002   PAD
    0x08001fd0   0x08001fd0   0x00000664   Code   RO          134    i.__hardfp_powf     m_wm.l(powf.o)
    0x08002634   0x08002634   0x00000014   Code   RO          280    i.__mathlib_flt_divzero  m_wm.l(funder.o)
    0x08002648   0x08002648   0x00000006   Code   RO          282    i.__mathlib_flt_infnan2  m_wm.l(funder.o)
    0x0800264e   0x0800264e   0x00000002   PAD
    0x08002650   0x08002650   0x00000010   Code   RO          283    i.__mathlib_flt_invalid  m_wm.l(funder.o)
    0x08002660   0x08002660   0x00000010   Code   RO          284    i.__mathlib_flt_overflow  m_wm.l(funder.o)
    0x08002670   0x08002670   0x00000010   Code   RO          286    i.__mathlib_flt_underflow  m_wm.l(funder.o)
    0x08002680   0x08002680   0x0000000e   Code   RO          200    i._is_digit         c_w.l(__printf_wp.o)
    0x0800268e   0x0800268e   0x00000002   PAD
    0x08002690   0x08002690   0x0000002c   Code   RO          407    locale$$code        c_w.l(lc_numeric_c.o)
    0x080026bc   0x080026bc   0x0000002c   Code   RO          448    locale$$code        c_w.l(lc_ctype_c.o)
    0x080026e8   0x080026e8   0x00000062   Code   RO          114    x$fpl$d2f           fz_wm.l(d2f.o)
    0x0800274a   0x0800274a   0x00000002   PAD
    0x0800274c   0x0800274c   0x00000150   Code   RO          116    x$fpl$dadd          fz_wm.l(daddsub_clz.o)
    0x0800289c   0x0800289c   0x00000154   Code   RO          130    x$fpl$dmul          fz_wm.l(dmul.o)
    0x080029f0   0x080029f0   0x0000009c   Code   RO          257    x$fpl$dnaninf       fz_wm.l(dnaninf.o)
    0x08002a8c   0x08002a8c   0x0000000c   Code   RO          259    x$fpl$dretinf       fz_wm.l(dretinf.o)
    0x08002a98   0x08002a98   0x000001dc   Code   RO          118    x$fpl$dsub          fz_wm.l(daddsub_clz.o)
    0x08002c74   0x08002c74   0x00000056   Code   RO          132    x$fpl$f2d           fz_wm.l(f2d.o)
    0x08002cca   0x08002cca   0x0000008c   Code   RO          261    x$fpl$fnaninf       fz_wm.l(fnaninf.o)
    0x08002d56   0x08002d56   0x0000001a   Code   RO          518    x$fpl$fpinit        fz_wm.l(fpinit.o)
    0x08002d70   0x08002d70   0x0000000a   Code   RO          263    x$fpl$fretinf       fz_wm.l(fretinf.o)
    0x08002d7a   0x08002d7a   0x00000004   Code   RO          267    x$fpl$printf1       fz_wm.l(printf1.o)
    0x08002d7e   0x08002d7e   0x00000004   Code   RO          269    x$fpl$printf2       fz_wm.l(printf2.o)
    0x08002d82   0x08002d82   0x00000000   Code   RO          277    x$fpl$usenofp       fz_wm.l(usenofp.o)
    0x08002d82   0x08002d82   0x00000002   PAD
    0x08002d84   0x08002d84   0x00000140   Data   RO          137    .constdata          m_wm.l(powf.o)
    0x08002ec4   0x08002ec4   0x00000008   Data   RO          159    .constdata          c_w.l(_printf_wctomb.o)
    0x08002ecc   0x08002ecc   0x00000028   Data   RO          188    .constdata          c_w.l(_printf_hex_int_ll_ptr.o)
    0x08002ef4   0x08002ef4   0x00000011   Data   RO          208    .constdata          c_w.l(__printf_flags_ss_wp.o)
    0x08002f05   0x08002f05   0x00000026   Data   RO          323    .constdata          c_w.l(_printf_fp_hex.o)
    0x08002f2b   0x08002f2b   0x00000001   PAD
    0x08002f2c   0x08002f2c   0x00000094   Data   RO          375    .constdata          c_w.l(bigflt0.o)
    0x08002fc0   0x08002fc0   0x00000085   Data   RO            9    .rodata.str1.1      main.o
    0x08003045   0x08003045   0x00000003   PAD
    0x08003048   0x08003048   0x00000020   Data   RO          627    Region$$Table       anon$$obj.o
    0x08003068   0x08003068   0x0000001c   Data   RO          406    locale$$data        c_w.l(lc_numeric_c.o)
    0x08003084   0x08003084   0x00000110   Data   RO          447    locale$$data        c_w.l(lc_ctype_c.o)


    Execution Region ER_RW (Exec base: 0x20000000, Load base: 0x08003198, Size: 0x000000c8, Max: 0xffffffff, ABSOLUTE)

    Exec Addr    Load Addr    Size         Type   Attr      Idx    E Section Name        Object

    0x20000000   0x08003198   0x00000004   Data   RW           66    .data.__stdout      usart.o
    0x20000004   0x0800319c   0x00000004   PAD
    0x20000008   0x080031a0   0x00000018   Data   RW            7    .data.expected_value  main.o
    0x20000020   0x080031b8   0x00000048   Data   RW            5    .data.hid_to_out_weight  main.o
    0x20000068   0x08003200   0x00000048   Data   RW            4    .data.in_to_hid_weights  main.o
    0x200000b0   0x08003248   0x00000018   Data   RW            6    .data.input         main.o


    Execution Region ER_ZI (Exec base: 0x200000c8, Load base: 0x08003260, Size: 0x00000678, Max: 0xffffffff, ABSOLUTE)

    Exec Addr    Load Addr    Size         Type   Attr      Idx    E Section Name        Object

    0x200000c8        -       0x00000060   Zero   RW          353    .bss                c_w.l(libspace.o)
    0x20000128        -       0x00000018   Zero   RW            8    .bss.predicted_output  main.o
    0x20000140        -       0x00000200   Zero   RW           78    HEAP                startup_stm32f407xx.o
    0x20000340        -       0x00000400   Zero   RW           77    STACK               startup_stm32f407xx.o


==============================================================================

Image component sizes


      Code (inc. data)   RO Data    RW Data    ZI Data      Debug   Object Name

       236          0        133        192         24        824   main.o
       422          0          0          0          0       2815   sin_in_sin_out.o
        64         26        392          0       1536        864   startup_stm32f407xx.o
        18          0          0          0          0       2617   system_stm32f4xx.o
       252          0          0          4          0       3550   usart.o

    ----------------------------------------------------------------------
      1004         26        560        200       1560      10670   Object Totals
         0          0         32          0          0          0   (incl. Generated)
        12          0          3          4          0          0   (incl. Padding)

    ----------------------------------------------------------------------

      Code (inc. data)   RO Data    RW Data    ZI Data      Debug   Library Member Name

         8          0          0          0          0         68   __main.o
       392          4         17          0          0         92   __printf_flags_ss_wp.o
        14          0          0          0          0         68   __printf_wp.o
         0          0          0          0          0          0   __rtentry.o
        12          0          0          0          0          0   __rtentry2.o
         6          0          0          0          0          0   __rtentry4.o
        52          8          0          0          0          0   __scatter.o
        26          0          0          0          0          0   __scatter_copy.o
        28          0          0          0          0          0   __scatter_zi.o
        72          0          0          0          0         96   _c16rtomb.o
         6          0          0          0          0          0   _printf_a.o
         6          0          0          0          0          0   _printf_c.o
        44          0          0          0          0        108   _printf_char.o
        48          6          0          0          0         96   _printf_char_common.o
        36          4          0          0          0         80   _printf_char_file.o
        40          0          0          0          0         68   _printf_charcount.o
         6          0          0          0          0          0   _printf_d.o
       120         16          0          0          0         92   _printf_dec.o
         6          0          0          0          0          0   _printf_e.o
         6          0          0          0          0          0   _printf_f.o
      1052          0          0          0          0        148   _printf_fp_dec.o
       764          8         38          0          0        100   _printf_fp_hex.o
       128         16          0          0          0         84   _printf_fp_infnan.o
         6          0          0          0          0          0   _printf_g.o
       148          4         40          0          0        160   _printf_hex_int_ll_ptr.o
         6          0          0          0          0          0   _printf_i.o
       178          0          0          0          0         88   _printf_intcommon.o
        10          0          0          0          0          0   _printf_l.o
         6          0          0          0          0          0   _printf_lc.o
        10          0          0          0          0          0   _printf_ll.o
         6          0          0          0          0          0   _printf_lld.o
         6          0          0          0          0          0   _printf_lli.o
         6          0          0          0          0          0   _printf_llo.o
         6          0          0          0          0          0   _printf_llu.o
         6          0          0          0          0          0   _printf_llx.o
       124         16          0          0          0         92   _printf_longlong_dec.o
         6          0          0          0          0          0   _printf_ls.o
         6          0          0          0          0          0   _printf_n.o
         6          0          0          0          0          0   _printf_o.o
       112          8          0          0          0        124   _printf_oct_int_ll.o
         6          0          0          0          0          0   _printf_p.o
        78          0          0          0          0        108   _printf_pad.o
         0          0          0          0          0          0   _printf_percent.o
         4          0          0          0          0          0   _printf_percent_end.o
         6          0          0          0          0          0   _printf_s.o
        82          0          0          0          0         80   _printf_str.o
        36          0          0          0          0         84   _printf_truncate.o
         6          0          0          0          0          0   _printf_u.o
        44          0          0          0          0        108   _printf_wchar.o
       188          6          8          0          0         92   _printf_wctomb.o
         6          0          0          0          0          0   _printf_x.o
        22          0          0          0          0        100   _rserrno.o
       228          4        148          0          0         96   bigflt0.o
      1936        128          0          0          0        668   btod.o
        18          0          0          0          0         80   exit.o
         8          0          0          0          0         68   ferror.o
         6          0          0          0          0        152   heapauxi.o
         0          0          0          0          0          0   indicate_semi.o
        44         10        272          0          0         76   lc_ctype_c.o
        44         10         28          0          0         76   lc_numeric_c.o
         2          0          0          0          0          0   libinit.o
        34          0          0          0          0          0   libinit2.o
         2          0          0          0          0          0   libshutdown.o
         2          0          0          0          0          0   libshutdown2.o
         8          4          0          0         96         68   libspace.o
       138          0          0          0          0         80   lludiv10.o
        24          4          0          0          0         84   printf.o
        16          4          0          0          0         76   rt_ctype_table.o
         8          4          0          0          0         68   rt_errno_addr_intlibspace.o
         8          4          0          0          0         68   rt_locale_intlibspace.o
         2          0          0          0          0          0   rtexit.o
        10          0          0          0          0          0   rtexit2.o
       124          0          0          0          0         88   strcmpv7em.o
        12          4          0          0          0         68   sys_exit.o
        74          0          0          0          0         80   sys_stackheap_outer.o
         2          0          0          0          0         68   use_no_semi.o
        98          4          0          0          0        140   d2f.o
       812         16          0          0          0        392   daddsub_clz.o
       340         12          0          0          0        152   dmul.o
       156          4          0          0          0        140   dnaninf.o
        12          0          0          0          0        116   dretinf.o
        86          4          0          0          0        132   f2d.o
       140          4          0          0          0        132   fnaninf.o
        26          0          0          0          0        116   fpinit.o
        10          0          0          0          0        116   fretinf.o
         4          0          0          0          0        116   printf1.o
         4          0          0          0          0        116   printf2.o
         0          0          0          0          0          0   usenofp.o
        48          0          0          0          0        124   fpclassify.o
        38          0          0          0          0        116   fpclassifyf.o
        74         24          0          0          0        580   funder.o
      1636        110        320          0          0        372   powf.o

    ----------------------------------------------------------------------
     10256        450        872          0         96       6960   Library Totals
        24          0          1          0          0          0   (incl. Padding)

    ----------------------------------------------------------------------

      Code (inc. data)   RO Data    RW Data    ZI Data      Debug   Library Name

      6748        272        551          0         96       4100   c_w.l
      1688         44          0          0          0       1668   fz_wm.l
      1796        134        320          0          0       1192   m_wm.l

    ----------------------------------------------------------------------
     10256        450        872          0         96       6960   Library Totals

    ----------------------------------------------------------------------

==============================================================================


      Code (inc. data)   RO Data    RW Data    ZI Data      Debug   

     11260        476       1432        200       1656      13586   Grand Totals
     11260        476       1432        200       1656      13586   ELF Image Totals
     11260        476       1432        200          0          0   ROM Totals

==============================================================================

    Total RO  Size (Code + RO Data)                12692 (  12.39kB)
    Total RW  Size (RW Data + ZI Data)              1856 (   1.81kB)
    Total ROM Size (Code + RO Data + RW Data)      12892 (  12.59kB)

==============================================================================

